daily_sells - daily_sells.csv
Date,Item Code,Quantity Sold (kilo),Unit Selling Price (RMB/gram),Item Name_x,Category Code,Category Name,Wholesale Price (RMB/kg),Item Name_y,Weekday,IsWeekend,Loss Rate (%)_entropy
2021-08-08,102900005116530,12.668,0.02380952381,Xixia Mushroom (1),1011010801,Edible Mushroom,16,Xixia Mushroom (1),It would be so helpful to know the weekday,It would be so helpful to know if IsWeekend,13.82_19.583806927100305
2021-04-08,102900005116530,8.431,0.018,Xixia Mushroom (1),1011010801,Edible Mushroom,12,Xixia Mushroom (1),It would be so helpful to know the weekday,It would be so helpful to know if IsWeekend,13.82_13.938814028125055
2021-07-30,102900005116530,8.534,0.0258,Xixia Mushroom (1),1011010801,Edible Mushroom,16,Xixia Mushroom (1),It would be so helpful to know the weekday,It would be so helpful to know if IsWeekend,13.82_17.052985826748465
2020-08-10,102900005116530,11.581,0.0198,Xixia Mushroom (1),1011010801,Edible Mushroom,12,Xixia Mushroom (1),It would be so helpful to know the weekday,It would be so helpful to know if IsWeekend,13.82_27.020779525330106
2020-11-18,102900005116530,5.526,0.016,Xixia Mushroom (1),1011010801,Edible Mushroom,11.63,Xixia Mushroom (1),It would be so helpful to know the weekday,It would be so helpful to know if IsWeekend,13.82_-1.0968115212294256
2021-08-06,102900005116530,12.529,0.0258,Xixia Mushroom (1),1011010801,Edible Mushroom,16,Xixia Mushroom (1),It would be so helpful to know the weekday,It would be so helpful to know if IsWeekend,13.82_18.176178247794187
2021-04-12,102900005116530,4.951,0.018,Xixia Mushroom (1),1011010801,Edible Mushroom,12,Xixia Mushroom (1),It would be so helpful to know the weekday,It would be so helpful to know if IsWeekend,13.82_8.991278981815112
2021-12-13,102900005116530,12.819,0.014,Xixia Mushroom (1),1011010801,Edible Mushroom,10,Xixia Mushroom (1),It would be so helpful to know the weekday,It would be so helpful to know if IsWeekend,13.82_28.796878967101087
2021-03-13,102900005116530,18.924,0.016,Xixia Mushroom (1),1011010801,Edible Mushroom,10.6,Xixia Mushroom (1),It would be so helpful to know the weekday,It would be so helpful to know if IsWeekend,13.82_-0.6481003766316533
2021-1-1,102900005116530,32.044,0.01728971963,Xixia Mushroom (1),1011010801,Edible Mushroom,12.4,Xixia Mushroom (1),It would be so helpful to know the weekday,It would be so helpful to know if IsWeekend,13.82_60.50023738779758
2020-12-27,102900005116530,41.518,0.014,Xixia Mushroom (1),1011010801,Edible Mushroom,13.12,Xixia Mushroom (1),It would be so helpful to know the weekday,It would be so helpful to know if IsWeekend,13.82_3.960925758120588
2021-05-22,102900005116530,12.468,0.018,Xixia Mushroom (1),1011010801,Edible Mushroom,12,Xixia Mushroom (1),It would be so helpful to know the weekday,It would be so helpful to know if IsWeekend,13.82_-9.162690486251677
2021-05-12,102900005116530,5.741,0.018,Xixia Mushroom (1),1011010801,Edible Mushroom,12,Xixia Mushroom (1),It would be so helpful to know the weekday,It would be so helpful to know if IsWeekend,13.82_11.941768678047001
2021-06-13,102900005116530,46.743,0.01598333333,Xixia Mushroom (1),1011010801,Edible Mushroom,11.36,Xixia Mushroom (1),It would be so helpful to know the weekday,It would be so helpful to know if IsWeekend,13.82_-29.34751651418268
2021-04-07,102900005116530,7.432,0.018,Xixia Mushroom (1),1011010801,Edible Mushroom,12,Xixia Mushroom (1),It would be so helpful to know the weekday,It would be so helpful to know if IsWeekend,13.82_13.584654147061784
2021-06-16,102900005116530,6.748,0.018,Xixia Mushroom (1),1011010801,Edible Mushroom,11,Xixia Mushroom (1),It would be so helpful to know the weekday,It would be so helpful to know if IsWeekend,13.82_12.317079168898385
2020-12-09,102900005116530,23.836,0.016,Xixia Mushroom (1),1011010801,Edible Mushroom,11.64,Xixia Mushroom (1),It would be so helpful to know the weekday,It would be so helpful to know if IsWeekend,13.82_53.96083779363087
2021-06-17,102900005116530,9.607,0.018,Xixia Mushroom (1),1011010801,Edible Mushroom,11.15,Xixia Mushroom (1),It would be so helpful to know the weekday,It would be so helpful to know if IsWeekend,13.82_28.229756770466448
2021-12-23,102900005116530,30.325,0.012,Xixia Mushroom (1),1011010801,Edible Mushroom,10,Xixia Mushroom (1),It would be so helpful to know the weekday,It would be so helpful to know if IsWeekend,13.82_-21.891345326022705
2020-11-30,102900005116530,4.843,0.016,Xixia Mushroom (1),1011010801,Edible Mushroom,11,Xixia Mushroom (1),It would be so helpful to know the weekday,It would be so helpful to know if IsWeekend,13.82_5.828609008847336
2021-07-06,102900005116530,11.983,0.0198,Xixia Mushroom (1),1011010801,Edible Mushroom,12.6,Xixia Mushroom (1),It would be so helpful to know the weekday,It would be so helpful to know if IsWeekend,13.82_-0.6562648129396997
2021-04-15,102900005116530,8.043,0.018,Xixia Mushroom (1),1011010801,Edible Mushroom,12,Xixia Mushroom (1),It would be so helpful to know the weekday,It would be so helpful to know if IsWeekend,13.82_3.0845112285423983
2020-10-27,102900005116530,11.326,0.018,Xixia Mushroom (1),1011010801,Edible Mushroom,11.2,Xixia Mushroom (1),It would be so helpful to know the weekday,It would be so helpful to know if IsWeekend,13.82_6.921176340379382
2021-11-24,102900005116530,3.259,0.016,Xixia Mushroom (1),1011010801,Edible Mushroom,10,Xixia Mushroom (1),It would be so helpful to know the weekday,It would be so helpful to know if IsWeekend,13.82_-0.7245500046567015
2020-10-01,102900005116530,38.695,0.0218,Xixia Mushroom (1),1011010801,Edible Mushroom,13.65,Xixia Mushroom (1),It would be so helpful to know the weekday,It would be so helpful to know if IsWeekend,13.82_64.68544715653516
2021-07-26,102900005116530,10.652,0.0216,Xixia Mushroom (1),1011010801,Edible Mushroom,14.02,Xixia Mushroom (1),It would be so helpful to know the weekday,It would be so helpful to know if IsWeekend,13.82_6.73505061794741
2021-06-21,102900005116530,9.138,0.018,Xixia Mushroom (1),1011010801,Edible Mushroom,12,Xixia Mushroom (1),It would be so helpful to know the weekday,It would be so helpful to know if IsWeekend,13.82_20.701723713000796
2020-08-26,102900005116530,12.263,0.0238,Xixia Mushroom (1),1011010801,Edible Mushroom,12.31,Xixia Mushroom (1),It would be so helpful to know the weekday,It would be so helpful to know if IsWeekend,13.82_-22.257963535066615
2021-11-12,102900005116530,26.802,0.016,Xixia Mushroom (1),1011010801,Edible Mushroom,7.4,Xixia Mushroom (1),It would be so helpful to know the weekday,It would be so helpful to know if IsWeekend,13.82_31.44017957739462
2021-04-08,102900005118817,8.642,0.007,Spinach,1011010101,Flower/Leaf Vegetables,4.22,Spinach,It would be so helpful to know the weekday,It would be so helpful to know if IsWeekend,18.51_0.9968519696893461
2021-12-03,102900005118817,2.349,0.008,Spinach,1011010101,Flower/Leaf Vegetables,4.8,Spinach,It would be so helpful to know the weekday,It would be so helpful to know if IsWeekend,18.51_3.896800706567325
2020-11-11,102900005118817,5.017,0.006,Spinach,1011010101,Flower/Leaf Vegetables,4.69,Spinach,It would be so helpful to know the weekday,It would be so helpful to know if IsWeekend,18.51_12.64466657879959
2021-12-17,102900005118817,10.655,0.006,Spinach,1011010101,Flower/Leaf Vegetables,4.42,Spinach,It would be so helpful to know the weekday,It would be so helpful to know if IsWeekend,18.51_-1.441082650535714
2021-07-01,102900005118817,6.463,0.012,Spinach,1011010101,Flower/Leaf Vegetables,7.63,Spinach,It would be so helpful to know the weekday,It would be so helpful to know if IsWeekend,18.51_18.301108302954688
2021-06-18,102900005118817,5.714,0.009,Spinach,1011010101,Flower/Leaf Vegetables,5.33,Spinach,It would be so helpful to know the weekday,It would be so helpful to know if IsWeekend,18.51_5.363815094343677
2021-10-08,102900005118817,3.663,0.0198,Spinach,1011010101,Flower/Leaf Vegetables,15.3,Spinach,It would be so helpful to know the weekday,It would be so helpful to know if IsWeekend,18.51_1.2186361800342902
2020-11-09,102900005118817,2.795,0.008,Spinach,1011010101,Flower/Leaf Vegetables,4.73,Spinach,It would be so helpful to know the weekday,It would be so helpful to know if IsWeekend,18.51_3.9400808945037205
2020-08-09,102900005118817,4.833,0.018,Spinach,1011010101,Flower/Leaf Vegetables,10.48,Spinach,It would be so helpful to know the weekday,It would be so helpful to know if IsWeekend,18.51_4.396761380110736
2021-06-19,102900005118817,6.661,0.009,Spinach,1011010101,Flower/Leaf Vegetables,5.8,Spinach,It would be so helpful to know the weekday,It would be so helpful to know if IsWeekend,18.51_5.888234882861671
2021-05-31,102900005118817,6.318,0.01,Spinach,1011010101,Flower/Leaf Vegetables,6.63,Spinach,It would be so helpful to know the weekday,It would be so helpful to know if IsWeekend,18.51_3.4258124089547746
2020-10-16,102900005118817,10.561,0.01,Spinach,1011010101,Flower/Leaf Vegetables,5.72,Spinach,It would be so helpful to know the weekday,It would be so helpful to know if IsWeekend,18.51_23.59412033001217
2021-08-06,102900005118817,2.167,0.016,Spinach,1011010101,Flower/Leaf Vegetables,10.01,Spinach,It would be so helpful to know the weekday,It would be so helpful to know if IsWeekend,18.51_1.1266893843916035
2021-09-13,102900005118817,5.986,0.012,Spinach,1011010101,Flower/Leaf Vegetables,7.68,Spinach,It would be so helpful to know the weekday,It would be so helpful to know if IsWeekend,18.51_10.180111013630832
2021-1-1,102900005118817,6.086,0.008714285714,Spinach,1011010101,Flower/Leaf Vegetables,5.88,Spinach,It would be so helpful to know the weekday,It would be so helpful to know if IsWeekend,18.51_3.415738524380834
2021-08-08,102900005118817,6.287,0.016,Spinach,1011010101,Flower/Leaf Vegetables,10.14,Spinach,It would be so helpful to know the weekday,It would be so helpful to know if IsWeekend,18.51_7.740458567960319
2021-1-1,102900005118817,8.221,0.008,Spinach,1011010101,Flower/Leaf Vegetables,5.47,Spinach,It would be so helpful to know the weekday,It would be so helpful to know if IsWeekend,18.51_8.684024712984492
2021-04-12,102900005118817,5.136,0.006,Spinach,1011010101,Flower/Leaf Vegetables,4.31,Spinach,It would be so helpful to know the weekday,It would be so helpful to know if IsWeekend,18.51_10.388332178611634
2021-10-27,102900005118817,1.598,0.0276,Spinach,1011010101,Flower/Leaf Vegetables,19.59,Spinach,It would be so helpful to know the weekday,It would be so helpful to know if IsWeekend,18.51_1.712232189046474
2021-12-18,102900005118817,12.971,0.006,Spinach,1011010101,Flower/Leaf Vegetables,4.39,Spinach,It would be so helpful to know the weekday,It would be so helpful to know if IsWeekend,18.51_27.779713542840035
2021-03-22,102900005118817,7.223,0.006,Spinach,1011010101,Flower/Leaf Vegetables,3.93,Spinach,It would be so helpful to know the weekday,It would be so helpful to know if IsWeekend,18.51_0.5181033676038043
2021-08-01,102900005118817,7.782,0.016,Spinach,1011010101,Flower/Leaf Vegetables,10.04,Spinach,It would be so helpful to know the weekday,It would be so helpful to know if IsWeekend,18.51_23.794963986054192
2020-12-15,102900005118817,6.021,0.006,Spinach,1011010101,Flower/Leaf Vegetables,4.37,Spinach,It would be so helpful to know the weekday,It would be so helpful to know if IsWeekend,18.51_5.6071835577595595
2021-11-03,102900005118817,2.969,0.012,Spinach,1011010101,Flower/Leaf Vegetables,6.89,Spinach,It would be so helpful to know the weekday,It would be so helpful to know if IsWeekend,18.51_2.2999490118888084
2020-12-16,102900005118817,19.99,0.005236363636,Spinach,1011010101,Flower/Leaf Vegetables,4.44,Spinach,It would be so helpful to know the weekday,It would be so helpful to know if IsWeekend,18.51_36.5955729401242
2021-09-29,102900005118817,4.235,0.014,Spinach,1011010101,Flower/Leaf Vegetables,8.05,Spinach,It would be so helpful to know the weekday,It would be so helpful to know if IsWeekend,18.51_8.05336190279403
2021-1-1,102900005118817,7.727,0.01,Spinach,1011010101,Flower/Leaf Vegetables,6.1,Spinach,It would be so helpful to know the weekday,It would be so helpful to know if IsWeekend,18.51_10.982036228171
2021-05-02,102900005118817,6.506,0.006,Spinach,1011010101,Flower/Leaf Vegetables,3.84,Spinach,It would be so helpful to know the weekday,It would be so helpful to know if IsWeekend,18.51_8.16336523465456
2021-10-18,102900005118817,4.293,0.0276,Spinach,1011010101,Flower/Leaf Vegetables,19.39,Spinach,It would be so helpful to know the weekday,It would be so helpful to know if IsWeekend,18.51_7.230102141365197
