daily_sells - daily_sells.csv
Date,Item Code,Quantity Sold (kilo),Unit Selling Price (RMB/gram),Item Name_x,Category Code,Category Name,Wholesale Price (RMB/kg),Item Name_y,Weekday,IsWeekend,Loss Rate (%)_entropy
2021-07-09,102900051004294,2.693,0.006,Green Line Pepper,1011010504,Capsicum,2.6,Green Line Pepper,It would be so helpful to know the weekday,It would be so helpful to know if IsWeekend,7.8_-0.8063102160442335
2020-07-29,102900051004294,2.429,0.012,Green Line Pepper,1011010504,Capsicum,6.5,Green Line Pepper,It would be so helpful to know the weekday,It would be so helpful to know if IsWeekend,7.8_3.718865696846162
2021-09-20,102900051004294,4.641,0.012,Green Line Pepper,1011010504,Capsicum,6.75,Green Line Pepper,It would be so helpful to know the weekday,It would be so helpful to know if IsWeekend,7.8_1.6993804860894635
2020-07-14,102900051004294,3.549,0.01185882353,Green Line Pepper,1011010504,Capsicum,6.84,Green Line Pepper,It would be so helpful to know the weekday,It would be so helpful to know if IsWeekend,7.8_7.745999686397138
2021-08-02,102900051004294,2.03,0.005927272727,Green Line Pepper,1011010504,Capsicum,3.72,Green Line Pepper,It would be so helpful to know the weekday,It would be so helpful to know if IsWeekend,7.8_0.9284376699618095
2020-12-07,102900051004294,2.146,0.014,Green Line Pepper,1011010504,Capsicum,8.76,Green Line Pepper,It would be so helpful to know the weekday,It would be so helpful to know if IsWeekend,7.8_0.13855565250630475
2020-12-05,102900051004294,3.198,0.014,Green Line Pepper,1011010504,Capsicum,8.76,Green Line Pepper,It would be so helpful to know the weekday,It would be so helpful to know if IsWeekend,7.8_-0.9083611729725578
2020-12-26,102900051004294,2.677,0.0198,Green Line Pepper,1011010504,Capsicum,12.97,Green Line Pepper,It would be so helpful to know the weekday,It would be so helpful to know if IsWeekend,7.8_4.196288548768026
2021-1-1,102900051004294,4.585,0.0238,Green Line Pepper,1011010504,Capsicum,19.56,Green Line Pepper,It would be so helpful to know the weekday,It would be so helpful to know if IsWeekend,7.8_-1.4404052790841622
2021-04-07,102900051004294,3.397,0.01,Green Line Pepper,1011010504,Capsicum,5.75,Green Line Pepper,It would be so helpful to know the weekday,It would be so helpful to know if IsWeekend,7.8_5.455052128682373
2020-09-06,102900051004294,4.084,0.0086,Green Line Pepper,1011010504,Capsicum,5.26,Green Line Pepper,It would be so helpful to know the weekday,It would be so helpful to know if IsWeekend,7.8_0.5992613304848202
2020-12-19,102900051004294,3.74,0.018,Green Line Pepper,1011010504,Capsicum,12.22,Green Line Pepper,It would be so helpful to know the weekday,It would be so helpful to know if IsWeekend,7.8_6.897741194451308
2021-03-12,102900051004294,2.768,0.016,Green Line Pepper,1011010504,Capsicum,8.65,Green Line Pepper,It would be so helpful to know the weekday,It would be so helpful to know if IsWeekend,7.8_4.059929556159766
2020-08-14,102900051004294,4.851,0.008,Green Line Pepper,1011010504,Capsicum,5.04,Green Line Pepper,It would be so helpful to know the weekday,It would be so helpful to know if IsWeekend,7.8_11.74466600713563
2020-10-25,102900051004294,5.829,0.012,Green Line Pepper,1011010504,Capsicum,7.01,Green Line Pepper,It would be so helpful to know the weekday,It would be so helpful to know if IsWeekend,7.8_3.886365019557114
2020-07-01,102900051004294,5.51,0.014,Green Line Pepper,1011010504,Capsicum,6.81,Green Line Pepper,It would be so helpful to know the weekday,It would be so helpful to know if IsWeekend,7.8_3.6352144308341847
2021-09-09,102900051004294,2.42,0.01,Green Line Pepper,1011010504,Capsicum,5.51,Green Line Pepper,It would be so helpful to know the weekday,It would be so helpful to know if IsWeekend,7.8_2.6740738126873183
2021-07-02,102900051004294,3.34,0.007,Green Line Pepper,1011010504,Capsicum,4.11,Green Line Pepper,It would be so helpful to know the weekday,It would be so helpful to know if IsWeekend,7.8_1.9463244454871031
2021-03-07,102900051004294,2.353,0.016,Green Line Pepper,1011010504,Capsicum,12.21,Green Line Pepper,It would be so helpful to know the weekday,It would be so helpful to know if IsWeekend,7.8_-0.4834172812070783
2020-09-27,102900051004294,4.085,0.014,Green Line Pepper,1011010504,Capsicum,7.88,Green Line Pepper,It would be so helpful to know the weekday,It would be so helpful to know if IsWeekend,7.8_7.495553463796188
2021-07-25,102900051004294,2.583,0.006,Green Line Pepper,1011010504,Capsicum,3.4,Green Line Pepper,It would be so helpful to know the weekday,It would be so helpful to know if IsWeekend,7.8_0.0609994735568784
2021-04-25,102900051004294,,0.012,Green Line Pepper,1011010504,Capsicum,5.05,Green Line Pepper,It would be so helpful to know the weekday,It would be so helpful to know if IsWeekend,7.8_6.083151579469808
2021-07-28,102900051004294,0.787,0.006,Green Line Pepper,1011010504,Capsicum,3.39,Green Line Pepper,It would be so helpful to know the weekday,It would be so helpful to know if IsWeekend,7.8_1.2023391972486843
2020-10-16,102900051004294,5.821,0.01,Green Line Pepper,1011010504,Capsicum,5.82,Green Line Pepper,It would be so helpful to know the weekday,It would be so helpful to know if IsWeekend,7.8_1.0143441325698443
2021-09-27,102900051004294,2.019,0.01,Green Line Pepper,1011010504,Capsicum,6.23,Green Line Pepper,It would be so helpful to know the weekday,It would be so helpful to know if IsWeekend,7.8_1.725817919984097
2020-12-12,102900051004294,3.268,0.016,Green Line Pepper,1011010504,Capsicum,10.38,Green Line Pepper,It would be so helpful to know the weekday,It would be so helpful to know if IsWeekend,7.8_3.159775717522056
2021-04-18,102900051004294,3.053,0.007,Green Line Pepper,1011010504,Capsicum,3.76,Green Line Pepper,It would be so helpful to know the weekday,It would be so helpful to know if IsWeekend,7.8_1.790778065993555
2021-02-14,102900051004294,0.456,0.0298,Green Line Pepper,1011010504,Capsicum,19.34,Green Line Pepper,It would be so helpful to know the weekday,It would be so helpful to know if IsWeekend,7.8_-0.04921815660553591
2020-09-10,102900051004294,2.82,0.008,Green Line Pepper,1011010504,Capsicum,5,Green Line Pepper,It would be so helpful to know the weekday,It would be so helpful to know if IsWeekend,7.8_4.971469063892997
2021-1-1,102900005119944,0.322,0.014,Haixian Mushroom (1),1011010801,Edible Mushroom,10.04,Haixian Mushroom (1),It would be so helpful to know the weekday,It would be so helpful to know if IsWeekend,9.89_0.9663034459469653
2021-02-06,102900005119944,0.572,0.014,Haixian Mushroom (1),1011010801,Edible Mushroom,8.32,Haixian Mushroom (1),It would be so helpful to know the weekday,It would be so helpful to know if IsWeekend,9.89_1.1072438852518878
2020-07-18,102900005119944,1.953,0.01728181818,Haixian Mushroom (1),1011010801,Edible Mushroom,9.91,Haixian Mushroom (1),It would be so helpful to know the weekday,It would be so helpful to know if IsWeekend,9.89_1.1575298919922874
2020-07-29,102900005119944,1.487,0.01721428571,Haixian Mushroom (1),1011010801,Edible Mushroom,9.96,Haixian Mushroom (1),It would be so helpful to know the weekday,It would be so helpful to know if IsWeekend,9.89_1.5295088183193526
2021-1-1,102900005119944,1.302,0.016,Haixian Mushroom (1),1011010801,Edible Mushroom,9.66,Haixian Mushroom (1),It would be so helpful to know the weekday,It would be so helpful to know if IsWeekend,9.89_1.9501893848366103
2021-06-21,102900005119944,0.826,0.012,Haixian Mushroom (1),1011010801,Edible Mushroom,7.49,Haixian Mushroom (1),It would be so helpful to know the weekday,It would be so helpful to know if IsWeekend,9.89_1.6795464232838837
2020-07-06,102900005119944,1.202,0.017,Haixian Mushroom (1),1011010801,Edible Mushroom,10.09,Haixian Mushroom (1),It would be so helpful to know the weekday,It would be so helpful to know if IsWeekend,9.89_-0.7903808014865594
2020-12-14,102900005119944,1.487,0.014,Haixian Mushroom (1),1011010801,Edible Mushroom,8.75,Haixian Mushroom (1),It would be so helpful to know the weekday,It would be so helpful to know if IsWeekend,9.89_2.1001931728710663
2021-1-1,102900005119944,1.458,0.016,Haixian Mushroom (1),1011010801,Edible Mushroom,9.95,Haixian Mushroom (1),It would be so helpful to know the weekday,It would be so helpful to know if IsWeekend,9.89_1.2247047187351305
2021-08-15,102900005119944,1.691,0.014,Haixian Mushroom (1),1011010801,Edible Mushroom,7.96,Haixian Mushroom (1),It would be so helpful to know the weekday,It would be so helpful to know if IsWeekend,9.89_2.4238343720990403
2021-1-1,102900005119944,0.401,0.016,Haixian Mushroom (1),1011010801,Edible Mushroom,10,Haixian Mushroom (1),It would be so helpful to know the weekday,It would be so helpful to know if IsWeekend,9.89_0.24812086149399387
2021-09-19,102900005119944,3.114,0.016,Haixian Mushroom (1),1011010801,Edible Mushroom,11.23,Haixian Mushroom (1),It would be so helpful to know the weekday,It would be so helpful to know if IsWeekend,9.89_3.642155020771784
2021-08-16,102900005119944,1.226,0.014,Haixian Mushroom (1),1011010801,Edible Mushroom,7.75,Haixian Mushroom (1),It would be so helpful to know the weekday,It would be so helpful to know if IsWeekend,9.89_2.9436717138777695
2020-12-09,102900005119944,0.271,0.014,Haixian Mushroom (1),1011010801,Edible Mushroom,8.8,Haixian Mushroom (1),It would be so helpful to know the weekday,It would be so helpful to know if IsWeekend,9.89_0.4995561002704703
2021-1-1,102900005119944,1.673,0.014,Haixian Mushroom (1),1011010801,Edible Mushroom,9.9,Haixian Mushroom (1),It would be so helpful to know the weekday,It would be so helpful to know if IsWeekend,9.89_2.947030531941433
2021-02-21,102900005119944,1.208,0.016,Haixian Mushroom (1),1011010801,Edible Mushroom,10.6,Haixian Mushroom (1),It would be so helpful to know the weekday,It would be so helpful to know if IsWeekend,9.89_0.008224113418373147
2021-07-17,102900005119944,2.59,0.014,Haixian Mushroom (1),1011010801,Edible Mushroom,7.75,Haixian Mushroom (1),It would be so helpful to know the weekday,It would be so helpful to know if IsWeekend,9.89_8.71327176008091
2021-08-22,102900005119944,2.471,0.014,Haixian Mushroom (1),1011010801,Edible Mushroom,8.47,Haixian Mushroom (1),It would be so helpful to know the weekday,It would be so helpful to know if IsWeekend,9.89_3.2978414226772608
2021-06-30,102900005119944,1.228,0.012,Haixian Mushroom (1),1011010801,Edible Mushroom,8.41,Haixian Mushroom (1),It would be so helpful to know the weekday,It would be so helpful to know if IsWeekend,9.89_2.0527734807750155
2021-09-10,102900005119944,1.985,0.016,Haixian Mushroom (1),1011010801,Edible Mushroom,10.05,Haixian Mushroom (1),It would be so helpful to know the weekday,It would be so helpful to know if IsWeekend,9.89_-0.24531574798186928
2021-08-02,102900005119944,1.011,0.014,Haixian Mushroom (1),1011010801,Edible Mushroom,7.23,Haixian Mushroom (1),It would be so helpful to know the weekday,It would be so helpful to know if IsWeekend,9.89_0.6672959965968001
2021-12-17,102900011023464,3.409,0.005,Xiaoqingcai (1),1011010101,Flower/Leaf Vegetables,2.54,Xiaoqingcai (1),It would be so helpful to know the weekday,It would be so helpful to know if IsWeekend,10.33_5.529131111183178
2021-09-24,102900011023464,6.494,0.008,Xiaoqingcai (1),1011010101,Flower/Leaf Vegetables,3.55,Xiaoqingcai (1),It would be so helpful to know the weekday,It would be so helpful to know if IsWeekend,10.33_-3.3741483311096907
2021-08-31,102900011023464,8.041,0.008,Xiaoqingcai (1),1011010101,Flower/Leaf Vegetables,5.89,Xiaoqingcai (1),It would be so helpful to know the weekday,It would be so helpful to know if IsWeekend,10.33_5.071656066733308
2021-10-07,102900011023464,9.446,0.008,Xiaoqingcai (1),1011010101,Flower/Leaf Vegetables,4.54,Xiaoqingcai (1),It would be so helpful to know the weekday,It would be so helpful to know if IsWeekend,10.33_17.378083206552464
2021-09-06,102900011023464,9.23,0.01,Xiaoqingcai (1),1011010101,Flower/Leaf Vegetables,6.22,Xiaoqingcai (1),It would be so helpful to know the weekday,It would be so helpful to know if IsWeekend,10.33_-8.52540416031567
2021-11-27,102900011023464,3.238,0.006,Xiaoqingcai (1),1011010101,Flower/Leaf Vegetables,3.54,Xiaoqingcai (1),It would be so helpful to know the weekday,It would be so helpful to know if IsWeekend,10.33_0.2562178219911173
2021-09-19,102900011023464,13.304,0.008,Xiaoqingcai (1),1011010101,Flower/Leaf Vegetables,4.11,Xiaoqingcai (1),It would be so helpful to know the weekday,It would be so helpful to know if IsWeekend,10.33_-5.624602010918776
2021-12-24,102900011023464,1.492,0.005,Xiaoqingcai (1),1011010101,Flower/Leaf Vegetables,2.54,Xiaoqingcai (1),It would be so helpful to know the weekday,It would be so helpful to know if IsWeekend,10.33_0.8621598435288678
2021-11-16,102900011023464,2.324,0.008,Xiaoqingcai (1),1011010101,Flower/Leaf Vegetables,4.53,Xiaoqingcai (1),It would be so helpful to know the weekday,It would be so helpful to know if IsWeekend,10.33_3.582504063235439
2021-09-08,102900011023464,8.125,0.01,Xiaoqingcai (1),1011010101,Flower/Leaf Vegetables,6.53,Xiaoqingcai (1),It would be so helpful to know the weekday,It would be so helpful to know if IsWeekend,10.33_14.868823468383518
2021-12-02,102900011023464,3.686,0.0046,Xiaoqingcai (1),1011010101,Flower/Leaf Vegetables,2.81,Xiaoqingcai (1),It would be so helpful to know the weekday,It would be so helpful to know if IsWeekend,10.33_7.093344061176996
