daily_sells - daily_sells.csv
Date,Item Code,Quantity Sold (kilo),Unit Selling Price (RMB/gram),Item Name_x,Category Code,Category Name,Wholesale Price (RMB/kg),Item Name_y,Weekday,IsWeekend,Loss Rate (%)_entropy
2021-04-11,102900005116233,2.685,0.016,Red Pepper (1),1011010504,Capsicum,9.48,Red Pepper (1),It would be so helpful to know the weekday,It would be so helpful to know if IsWeekend,11.76_2.903859443009334
2021-04-02,102900005116233,1.732,0.014,Red Pepper (1),1011010504,Capsicum,8.97,Red Pepper (1),It would be so helpful to know the weekday,It would be so helpful to know if IsWeekend,11.76_0.7599287503076766
2021-05-11,102900005116233,4.15,0.01,Red Pepper (1),1011010504,Capsicum,6.63,Red Pepper (1),It would be so helpful to know the weekday,It would be so helpful to know if IsWeekend,11.76_5.47293342944163
2021-12-29,102900005116233,0.826,0.016,Red Pepper (1),1011010504,Capsicum,9.59,Red Pepper (1),It would be so helpful to know the weekday,It would be so helpful to know if IsWeekend,11.76_1.2790083999262478
2021-11-28,102900005116233,1.979,0.014,Red Pepper (1),1011010504,Capsicum,7.97,Red Pepper (1),It would be so helpful to know the weekday,It would be so helpful to know if IsWeekend,11.76_2.358663386427345
2021-09-16,102900005116233,4.925,0.008,Red Pepper (1),1011010504,Capsicum,4.31,Red Pepper (1),It would be so helpful to know the weekday,It would be so helpful to know if IsWeekend,11.76_1.057452063626005
2021-11-25,102900005116233,1.631,0.012,Red Pepper (1),1011010504,Capsicum,7.33,Red Pepper (1),It would be so helpful to know the weekday,It would be so helpful to know if IsWeekend,11.76_4.0361718344037785
2021-05-03,102900005116233,5.767,0.016,Red Pepper (1),1011010504,Capsicum,9.35,Red Pepper (1),It would be so helpful to know the weekday,It would be so helpful to know if IsWeekend,11.76_3.6028899902130904
2021-11-22,102900005116233,2.267,0.012,Red Pepper (1),1011010504,Capsicum,7.43,Red Pepper (1),It would be so helpful to know the weekday,It would be so helpful to know if IsWeekend,11.76_-0.03743868428330499
2021-02-15,102900005116233,31.143,0.0318,Red Pepper (1),1011010504,Capsicum,18.47,Red Pepper (1),It would be so helpful to know the weekday,It would be so helpful to know if IsWeekend,11.76_34.41935190843637
2021-04-12,102900005116233,2.378,0.016,Red Pepper (1),1011010504,Capsicum,9.22,Red Pepper (1),It would be so helpful to know the weekday,It would be so helpful to know if IsWeekend,11.76_-2.736363179648648
2020-10-17,102900005116233,4.609,0.012,Red Pepper (1),1011010504,Capsicum,7.5,Red Pepper (1),It would be so helpful to know the weekday,It would be so helpful to know if IsWeekend,11.76_7.9308342889603605
2020-11-11,102900005116233,3.083,0.014,Red Pepper (1),1011010504,Capsicum,8.38,Red Pepper (1),It would be so helpful to know the weekday,It would be so helpful to know if IsWeekend,11.76_0.7957422595102699
2021-12-22,102900005116233,0.772,0.016,Red Pepper (1),1011010504,Capsicum,9.16,Red Pepper (1),It would be so helpful to know the weekday,It would be so helpful to know if IsWeekend,11.76_1.229950996926993
2021-10-12,102900005116233,3.496,0.012,Red Pepper (1),1011010504,Capsicum,6.95,Red Pepper (1),It would be so helpful to know the weekday,It would be so helpful to know if IsWeekend,11.76_5.6677955973440355
2021-09-01,102900005116233,2.476,0.008,Red Pepper (1),1011010504,Capsicum,4.55,Red Pepper (1),It would be so helpful to know the weekday,It would be so helpful to know if IsWeekend,11.76_-0.043929942981383974
2020-10-24,102900005116233,3.224,0.016,Red Pepper (1),1011010504,Capsicum,9.72,Red Pepper (1),It would be so helpful to know the weekday,It would be so helpful to know if IsWeekend,11.76_9.951602753692912
2020-09-17,102900005116233,7.336,0.012,Red Pepper (1),1011010504,Capsicum,6.94,Red Pepper (1),It would be so helpful to know the weekday,It would be so helpful to know if IsWeekend,11.76_4.1124165896926295
2021-02-02,102900005116233,5.135,0.0198,Red Pepper (1),1011010504,Capsicum,12.68,Red Pepper (1),It would be so helpful to know the weekday,It would be so helpful to know if IsWeekend,11.76_4.03728557785529
2021-10-29,102900005116233,1.575,0.014,Red Pepper (1),1011010504,Capsicum,9.41,Red Pepper (1),It would be so helpful to know the weekday,It would be so helpful to know if IsWeekend,11.76_0.025239517876416873
2020-11-23,102900005116233,3.716,0.012,Red Pepper (1),1011010504,Capsicum,6.59,Red Pepper (1),It would be so helpful to know the weekday,It would be so helpful to know if IsWeekend,11.76_-4.715646250814284
2020-12-20,102900005116233,3.059,0.018,Red Pepper (1),1011010504,Capsicum,12.62,Red Pepper (1),It would be so helpful to know the weekday,It would be so helpful to know if IsWeekend,11.76_1.998844285446635
2020-12-26,102900005116233,5.28,0.018,Red Pepper (1),1011010504,Capsicum,12.36,Red Pepper (1),It would be so helpful to know the weekday,It would be so helpful to know if IsWeekend,11.76_7.812509661452028
2021-12-10,102900005116233,2.895,0.014,Red Pepper (1),1011010504,Capsicum,7.99,Red Pepper (1),It would be so helpful to know the weekday,It would be so helpful to know if IsWeekend,11.76_3.6319939395622898
2021-1-1,102900005116233,4.034,0.018,Red Pepper (1),1011010504,Capsicum,11.05,Red Pepper (1),It would be so helpful to know the weekday,It would be so helpful to know if IsWeekend,11.76_8.682792710935527
2021-07-11,102900005116233,1.251,0.01,Red Pepper (1),1011010504,Capsicum,4.65,Red Pepper (1),It would be so helpful to know the weekday,It would be so helpful to know if IsWeekend,11.76_3.297132281304169
2021-10-13,102900005116233,3.822,0.012,Red Pepper (1),1011010504,Capsicum,7.7,Red Pepper (1),It would be so helpful to know the weekday,It would be so helpful to know if IsWeekend,11.76_11.148144229466158
2021-07-16,102900005116233,2.487,0.01,Red Pepper (1),1011010504,Capsicum,4.65,Red Pepper (1),It would be so helpful to know the weekday,It would be so helpful to know if IsWeekend,11.76_5.350980040946463
2020-09-06,102900005116233,6.046,0.009,Red Pepper (1),1011010504,Capsicum,4.91,Red Pepper (1),It would be so helpful to know the weekday,It would be so helpful to know if IsWeekend,11.76_1.1386619855786764
2020-07-11,102900005116233,5.561,0.009817391304,Red Pepper (1),1011010504,Capsicum,6.6,Red Pepper (1),It would be so helpful to know the weekday,It would be so helpful to know if IsWeekend,11.76_9.767646909592607
2021-07-05,102900005116233,4.225,0.008,Red Pepper (1),1011010504,Capsicum,4.22,Red Pepper (1),It would be so helpful to know the weekday,It would be so helpful to know if IsWeekend,11.76_2.8300117618786533
2020-08-24,102900005116233,7.707,0.008,Red Pepper (1),1011010504,Capsicum,6.43,Red Pepper (1),It would be so helpful to know the weekday,It would be so helpful to know if IsWeekend,11.76_11.024731776265574
2020-07-21,102900005116233,1.566,0.01387142857,Red Pepper (1),1011010504,Capsicum,8.7,Red Pepper (1),It would be so helpful to know the weekday,It would be so helpful to know if IsWeekend,11.76_0.46943623867537276
2021-03-27,102900005116509,1.624,0.01,Green Eggplant (1),1011010501,Solanum,6.66,Green Eggplant (1),It would be so helpful to know the weekday,It would be so helpful to know if IsWeekend,5.01_0.9131005143694902
2021-09-09,102900005116509,2.35,0.01,Green Eggplant (1),1011010501,Solanum,6.63,Green Eggplant (1),It would be so helpful to know the weekday,It would be so helpful to know if IsWeekend,5.01_-0.7979311851900261
2021-1-1,102900005116509,1.221,0.011,Green Eggplant (1),1011010501,Solanum,7.21,Green Eggplant (1),It would be so helpful to know the weekday,It would be so helpful to know if IsWeekend,5.01_2.0756633923636603
2021-06-26,102900005116509,13.178,0.0026,Green Eggplant (1),1011010501,Solanum,1.42,Green Eggplant (1),It would be so helpful to know the weekday,It would be so helpful to know if IsWeekend,5.01_20.671623069722273
2020-07-15,102900005116509,14.629,0.0046,Green Eggplant (1),1011010501,Solanum,2.49,Green Eggplant (1),It would be so helpful to know the weekday,It would be so helpful to know if IsWeekend,5.01_10.160365598343024
2020-10-13,102900005116509,3.07,0.008,Green Eggplant (1),1011010501,Solanum,5.38,Green Eggplant (1),It would be so helpful to know the weekday,It would be so helpful to know if IsWeekend,5.01_3.068411893815762
2021-07-13,102900005116509,3.239,0.0032,Green Eggplant (1),1011010501,Solanum,1.28,Green Eggplant (1),It would be so helpful to know the weekday,It would be so helpful to know if IsWeekend,5.01_3.549961598192424
2021-11-05,102900005116509,1.246,0.012,Green Eggplant (1),1011010501,Solanum,7.84,Green Eggplant (1),It would be so helpful to know the weekday,It would be so helpful to know if IsWeekend,5.01_2.2951139920262813
2021-02-22,102900005116509,2.139,0.009,Green Eggplant (1),1011010501,Solanum,4.84,Green Eggplant (1),It would be so helpful to know the weekday,It would be so helpful to know if IsWeekend,5.01_2.23841438008712
2021-08-25,102900005116509,4.072,0.008,Green Eggplant (1),1011010501,Solanum,4.33,Green Eggplant (1),It would be so helpful to know the weekday,It would be so helpful to know if IsWeekend,5.01_2.4273920811502947
2020-10-20,102900005116509,2.281,0.008,Green Eggplant (1),1011010501,Solanum,5.37,Green Eggplant (1),It would be so helpful to know the weekday,It would be so helpful to know if IsWeekend,5.01_5.371327824109848
2021-04-26,102900005116509,0.99,0.008,Green Eggplant (1),1011010501,Solanum,4.19,Green Eggplant (1),It would be so helpful to know the weekday,It would be so helpful to know if IsWeekend,5.01_1.1479126228844043
2021-06-09,102900005116509,7.404,0.0026,Green Eggplant (1),1011010501,Solanum,1.5,Green Eggplant (1),It would be so helpful to know the weekday,It would be so helpful to know if IsWeekend,5.01_8.077963458770785
2021-05-31,102900005116509,11.844,0.004,Green Eggplant (1),1011010501,Solanum,2.04,Green Eggplant (1),It would be so helpful to know the weekday,It would be so helpful to know if IsWeekend,5.01_4.55866865236894
2020-12-02,102900005116509,1.303,0.009,Green Eggplant (1),1011010501,Solanum,6.95,Green Eggplant (1),It would be so helpful to know the weekday,It would be so helpful to know if IsWeekend,5.01_-0.35360042689196614
2021-04-03,102900005116509,3.286,0.01,Green Eggplant (1),1011010501,Solanum,5.59,Green Eggplant (1),It would be so helpful to know the weekday,It would be so helpful to know if IsWeekend,5.01_4.931986107513939
2020-08-12,102900005116509,10.585,0.005,Green Eggplant (1),1011010501,Solanum,4.42,Green Eggplant (1),It would be so helpful to know the weekday,It would be so helpful to know if IsWeekend,5.01_18.998960710591604
2020-08-13,102900005116509,9.378,0.005,Green Eggplant (1),1011010501,Solanum,2.87,Green Eggplant (1),It would be so helpful to know the weekday,It would be so helpful to know if IsWeekend,5.01_6.046390919168736
2021-03-24,102900005116509,2.395,0.01,Green Eggplant (1),1011010501,Solanum,6.58,Green Eggplant (1),It would be so helpful to know the weekday,It would be so helpful to know if IsWeekend,5.01_7.221027898471473
2021-12-18,102900005116509,0.612,0.01,Green Eggplant (1),1011010501,Solanum,6.19,Green Eggplant (1),It would be so helpful to know the weekday,It would be so helpful to know if IsWeekend,5.01_0.6957682739480807
2021-12-07,102900005116509,0.945,0.012,Green Eggplant (1),1011010501,Solanum,6.29,Green Eggplant (1),It would be so helpful to know the weekday,It would be so helpful to know if IsWeekend,5.01_-1.1239814635860965
2021-04-10,102900005116509,3.295,0.008,Green Eggplant (1),1011010501,Solanum,4.92,Green Eggplant (1),It would be so helpful to know the weekday,It would be so helpful to know if IsWeekend,5.01_-2.0621975193013276
2021-11-22,102900005116509,0.38,0.014,Green Eggplant (1),1011010501,Solanum,8.68,Green Eggplant (1),It would be so helpful to know the weekday,It would be so helpful to know if IsWeekend,5.01_0.38949286697308355
2021-09-08,102900005115946,3.526,0.01,Muercai,1011010101,Flower/Leaf Vegetables,5.96,Muercai,It would be so helpful to know the weekday,It would be so helpful to know if IsWeekend,7.61_5.9587925771475465
2020-09-17,102900005115946,1.823,0.006,Muercai,1011010101,Flower/Leaf Vegetables,2.68,Muercai,It would be so helpful to know the weekday,It would be so helpful to know if IsWeekend,7.61_0.10407346852640931
2021-09-06,102900005115946,2.688,0.014,Muercai,1011010101,Flower/Leaf Vegetables,7.35,Muercai,It would be so helpful to know the weekday,It would be so helpful to know if IsWeekend,7.61_-0.6469596875672101
2021-09-25,102900005115946,6.557,0.008,Muercai,1011010101,Flower/Leaf Vegetables,3.13,Muercai,It would be so helpful to know the weekday,It would be so helpful to know if IsWeekend,7.61_4.382067818881547
2021-09-04,102900005115946,3.13,0.014,Muercai,1011010101,Flower/Leaf Vegetables,10.46,Muercai,It would be so helpful to know the weekday,It would be so helpful to know if IsWeekend,7.61_5.896900426634953
2021-04-14,102900005115946,1.607,0.004,Muercai,1011010101,Flower/Leaf Vegetables,8.24,Muercai,It would be so helpful to know the weekday,It would be so helpful to know if IsWeekend,7.61_3.8936292272265325
2021-07-31,102900005115946,2.94,0.003,Muercai,1011010101,Flower/Leaf Vegetables,1.91,Muercai,It would be so helpful to know the weekday,It would be so helpful to know if IsWeekend,7.61_-1.9451210436069908
2021-07-28,102900005115946,2.973,0.003,Muercai,1011010101,Flower/Leaf Vegetables,1.86,Muercai,It would be so helpful to know the weekday,It would be so helpful to know if IsWeekend,7.61_1.9395509689974384
2021-09-13,102900005115946,2.58,0.014,Muercai,1011010101,Flower/Leaf Vegetables,5.54,Muercai,It would be so helpful to know the weekday,It would be so helpful to know if IsWeekend,7.61_4.913263517783893
2021-09-17,102900005115946,2.718,0.006,Muercai,1011010101,Flower/Leaf Vegetables,3.27,Muercai,It would be so helpful to know the weekday,It would be so helpful to know if IsWeekend,7.61_5.9018075618627535
2021-05-27,102900005115946,8.375,0.005,Muercai,1011010101,Flower/Leaf Vegetables,3.19,Muercai,It would be so helpful to know the weekday,It would be so helpful to know if IsWeekend,7.61_6.3653769951609664
2021-06-01,102900005115793,2.547,0.012,Chinese Cabbage,1011010101,Flower/Leaf Vegetables,8.07,Chinese Cabbage,It would be so helpful to know the weekday,It would be so helpful to know if IsWeekend,7.59_3.643354592172587
2021-12-02,102900005115793,0.841,0.018,Chinese Cabbage,1011010101,Flower/Leaf Vegetables,10.36,Chinese Cabbage,It would be so helpful to know the weekday,It would be so helpful to know if IsWeekend,7.59_0.3315001031362306
2021-08-28,102900005115793,5.03,0.018,Chinese Cabbage,1011010101,Flower/Leaf Vegetables,11.9,Chinese Cabbage,It would be so helpful to know the weekday,It would be so helpful to know if IsWeekend,7.59_7.168135700597038
2021-10-25,102900005115793,1.231,0.0216,Chinese Cabbage,1011010101,Flower/Leaf Vegetables,16.24,Chinese Cabbage,It would be so helpful to know the weekday,It would be so helpful to know if IsWeekend,7.59_0.9849635356312542
2020-09-12,102900005115793,8.12,0.0198,Chinese Cabbage,1011010101,Flower/Leaf Vegetables,10.95,Chinese Cabbage,It would be so helpful to know the weekday,It would be so helpful to know if IsWeekend,7.59_-14.183946953854006
2020-09-20,102900005115793,8.995,0.016,Chinese Cabbage,1011010101,Flower/Leaf Vegetables,9.67,Chinese Cabbage,It would be so helpful to know the weekday,It would be so helpful to know if IsWeekend,7.59_8.703891092588435
2021-07-22,102900005115793,1.268,0.018,Chinese Cabbage,1011010101,Flower/Leaf Vegetables,11.91,Chinese Cabbage,It would be so helpful to know the weekday,It would be so helpful to know if IsWeekend,7.59_1.7298203045014544
2020-08-12,102900005115793,6.71,0.014,Chinese Cabbage,1011010101,Flower/Leaf Vegetables,8.01,Chinese Cabbage,It would be so helpful to know the weekday,It would be so helpful to know if IsWeekend,7.59_1.5249501814724127
2020-12-09,102900005115793,1.309,0.014,Chinese Cabbage,1011010101,Flower/Leaf Vegetables,8.68,Chinese Cabbage,It would be so helpful to know the weekday,It would be so helpful to know if IsWeekend,7.59_0.6752307944586038
2020-10-03,102900005115793,5.696,0.016,Chinese Cabbage,1011010101,Flower/Leaf Vegetables,9.78,Chinese Cabbage,It would be so helpful to know the weekday,It would be so helpful to know if IsWeekend,7.59_9.433453566547641
2020-11-14,102900005115793,1.945,0.012,Chinese Cabbage,1011010101,Flower/Leaf Vegetables,7.45,Chinese Cabbage,It would be so helpful to know the weekday,It would be so helpful to know if IsWeekend,7.59_2.6124682767283085
2021-05-22,102900005115793,7.121,0.012,Chinese Cabbage,1011010101,Flower/Leaf Vegetables,7.77,Chinese Cabbage,It would be so helpful to know the weekday,It would be so helpful to know if IsWeekend,7.59_7.107224718324269
2020-07-10,102900005115793,7.828,0.01581875,Chinese Cabbage,1011010101,Flower/Leaf Vegetables,10.43,Chinese Cabbage,It would be so helpful to know the weekday,It would be so helpful to know if IsWeekend,7.59_3.040124723311422
2020-10-10,102900005115793,3.449,0.016,Chinese Cabbage,1011010101,Flower/Leaf Vegetables,9.67,Chinese Cabbage,It would be so helpful to know the weekday,It would be so helpful to know if IsWeekend,7.59_0.3240185531258395
2020-08-07,102900005115793,4.274,0.016,Chinese Cabbage,1011010101,Flower/Leaf Vegetables,9.19,Chinese Cabbage,It would be so helpful to know the weekday,It would be so helpful to know if IsWeekend,7.59_10.912569774180358
2021-05-09,102900005115793,6.1,0.016,Chinese Cabbage,1011010101,Flower/Leaf Vegetables,8.31,Chinese Cabbage,It would be so helpful to know the weekday,It would be so helpful to know if IsWeekend,7.59_-4.067833911484257
