daily_sells - daily_sells.csv
Date,Item Code,Quantity Sold (kilo),Unit Selling Price (RMB/gram),Item Name_x,Category Code,Category Name,Wholesale Price (RMB/kg),Item Name_y,Weekday,IsWeekend,Loss Rate (%)_entropy
2021-11-07,102900005115878,29.539,0.006,Garden Chrysanthemum,1011010101,Flower/Leaf Vegetables,3.16,Garden Chrysanthemum,It would be so helpful to know the weekday,It would be so helpful to know if IsWeekend,6.27_-24.641996929662987
2020-10-28,102900005115878,10.002,0.007,Garden Chrysanthemum,1011010101,Flower/Leaf Vegetables,4,Garden Chrysanthemum,It would be so helpful to know the weekday,It would be so helpful to know if IsWeekend,6.27_21.536878464992512
2020-10-04,102900005115878,16.8,0.012,Garden Chrysanthemum,1011010101,Flower/Leaf Vegetables,6.74,Garden Chrysanthemum,It would be so helpful to know the weekday,It would be so helpful to know if IsWeekend,6.27_6.925314514439853
2021-1-1,102900005115878,7.405,0.008,Garden Chrysanthemum,1011010101,Flower/Leaf Vegetables,5.75,Garden Chrysanthemum,It would be so helpful to know the weekday,It would be so helpful to know if IsWeekend,6.27_6.8830093801267305
2021-12-12,102900005115878,22.279,0.005,Garden Chrysanthemum,1011010101,Flower/Leaf Vegetables,3.08,Garden Chrysanthemum,It would be so helpful to know the weekday,It would be so helpful to know if IsWeekend,6.27_9.854628000985652
2021-10-16,102900005115878,12.007,0.012,Garden Chrysanthemum,1011010101,Flower/Leaf Vegetables,7.54,Garden Chrysanthemum,It would be so helpful to know the weekday,It would be so helpful to know if IsWeekend,6.27_9.461160500948477
2021-11-21,102900005115878,6.97,0.008,Garden Chrysanthemum,1011010101,Flower/Leaf Vegetables,5.29,Garden Chrysanthemum,It would be so helpful to know the weekday,It would be so helpful to know if IsWeekend,6.27_7.778500413329348
2021-10-17,102900005115878,10.64,0.012,Garden Chrysanthemum,1011010101,Flower/Leaf Vegetables,7.37,Garden Chrysanthemum,It would be so helpful to know the weekday,It would be so helpful to know if IsWeekend,6.27_14.572277061420456
2020-10-27,102900005115878,8.798,0.007,Garden Chrysanthemum,1011010101,Flower/Leaf Vegetables,3.97,Garden Chrysanthemum,It would be so helpful to know the weekday,It would be so helpful to know if IsWeekend,6.27_7.308837818951357
2021-1-1,102900005115878,6.593,0.01,Garden Chrysanthemum,1011010101,Flower/Leaf Vegetables,5.86,Garden Chrysanthemum,It would be so helpful to know the weekday,It would be so helpful to know if IsWeekend,6.27_15.430712423625172
2021-12-28,102900005115878,5.584,0.004,Garden Chrysanthemum,1011010101,Flower/Leaf Vegetables,1.96,Garden Chrysanthemum,It would be so helpful to know the weekday,It would be so helpful to know if IsWeekend,6.27_1.0638544973148667
2021-1-1,102900005115878,3.553,0.009,Garden Chrysanthemum,1011010101,Flower/Leaf Vegetables,5.84,Garden Chrysanthemum,It would be so helpful to know the weekday,It would be so helpful to know if IsWeekend,6.27_3.6467421063651133
2021-03-21,102900005115878,8.931,0.006,Garden Chrysanthemum,1011010101,Flower/Leaf Vegetables,2.56,Garden Chrysanthemum,It would be so helpful to know the weekday,It would be so helpful to know if IsWeekend,6.27_8.375754563891201
2021-11-12,102900005115878,6.477,0.006,Garden Chrysanthemum,1011010101,Flower/Leaf Vegetables,3.54,Garden Chrysanthemum,It would be so helpful to know the weekday,It would be so helpful to know if IsWeekend,6.27_4.70621214297462
2021-11-30,102900005115878,3.877,0.006,Garden Chrysanthemum,1011010101,Flower/Leaf Vegetables,3.34,Garden Chrysanthemum,It would be so helpful to know the weekday,It would be so helpful to know if IsWeekend,6.27_3.3668549463152004
2021-10-12,102900005115878,8.983,0.006,Garden Chrysanthemum,1011010101,Flower/Leaf Vegetables,6.44,Garden Chrysanthemum,It would be so helpful to know the weekday,It would be so helpful to know if IsWeekend,6.27_22.792942505563346
2020-12-25,102900005115878,6.609,0.007,Garden Chrysanthemum,1011010101,Flower/Leaf Vegetables,4.28,Garden Chrysanthemum,It would be so helpful to know the weekday,It would be so helpful to know if IsWeekend,6.27_-4.609748297948585
2020-10-06,102900005115878,13.291,0.012,Garden Chrysanthemum,1011010101,Flower/Leaf Vegetables,6.64,Garden Chrysanthemum,It would be so helpful to know the weekday,It would be so helpful to know if IsWeekend,6.27_12.291365699090354
2021-10-31,102900005115878,10.907,0.007,Garden Chrysanthemum,1011010101,Flower/Leaf Vegetables,4.14,Garden Chrysanthemum,It would be so helpful to know the weekday,It would be so helpful to know if IsWeekend,6.27_9.064638248782307
2020-12-30,102900005115878,5.753,0.008,Garden Chrysanthemum,1011010101,Flower/Leaf Vegetables,4.91,Garden Chrysanthemum,It would be so helpful to know the weekday,It would be so helpful to know if IsWeekend,6.27_0.4862868981658153
2020-10-18,102900005117209,0.736,0.0258,7 Colour Pepper (1),1011010504,Capsicum,14.74,7 Colour Pepper (1),It would be so helpful to know the weekday,It would be so helpful to know if IsWeekend,15.98_0.779319130212348
2020-12-06,102900005117209,0.783,0.016,7 Colour Pepper (1),1011010504,Capsicum,7.96,7 Colour Pepper (1),It would be so helpful to know the weekday,It would be so helpful to know if IsWeekend,15.98_0.06727270284201803
2021-05-10,102900005117209,0.191,0.0298,7 Colour Pepper (1),1011010504,Capsicum,13.82,7 Colour Pepper (1),It would be so helpful to know the weekday,It would be so helpful to know if IsWeekend,15.98_0.21368189958280484
2020-08-02,102900005117209,0.505,0.0198,7 Colour Pepper (1),1011010504,Capsicum,10.2,7 Colour Pepper (1),It would be so helpful to know the weekday,It would be so helpful to know if IsWeekend,15.98_0.6508506021078413
2020-11-03,102900005117209,0.579,0.0278,7 Colour Pepper (1),1011010504,Capsicum,21.45,7 Colour Pepper (1),It would be so helpful to know the weekday,It would be so helpful to know if IsWeekend,15.98_-0.3542585411414706
2021-1-1,102900005117209,1.151,0.018,7 Colour Pepper (1),1011010504,Capsicum,8.7,7 Colour Pepper (1),It would be so helpful to know the weekday,It would be so helpful to know if IsWeekend,15.98_1.8019011727453114
2021-08-21,102900005117209,0.821,0.016,7 Colour Pepper (1),1011010504,Capsicum,7.65,7 Colour Pepper (1),It would be so helpful to know the weekday,It would be so helpful to know if IsWeekend,15.98_2.4299893384634803
2020-07-31,102900005117209,0.232,0.0198,7 Colour Pepper (1),1011010504,Capsicum,11.57,7 Colour Pepper (1),It would be so helpful to know the weekday,It would be so helpful to know if IsWeekend,15.98_0.2823531294499623
2021-10-17,102900005117209,0.415,0.0236,7 Colour Pepper (1),1011010504,Capsicum,12.41,7 Colour Pepper (1),It would be so helpful to know the weekday,It would be so helpful to know if IsWeekend,15.98_0.37179778834871263
2021-03-27,102900005117209,0.161,0.0298,7 Colour Pepper (1),1011010504,Capsicum,14.1,7 Colour Pepper (1),It would be so helpful to know the weekday,It would be so helpful to know if IsWeekend,15.98_0.23703952850259918
2020-10-30,102900005117209,0.364,0.0338,7 Colour Pepper (1),1011010504,Capsicum,18.13,7 Colour Pepper (1),It would be so helpful to know the weekday,It would be so helpful to know if IsWeekend,15.98_0.6806182097245057
2020-07-24,102900005117209,0.495,0.0175,7 Colour Pepper (1),1011010504,Capsicum,11.61,7 Colour Pepper (1),It would be so helpful to know the weekday,It would be so helpful to know if IsWeekend,15.98_0.30457926070766606
2020-12-26,102900005117209,1.817,0.014,7 Colour Pepper (1),1011010504,Capsicum,8.34,7 Colour Pepper (1),It would be so helpful to know the weekday,It would be so helpful to know if IsWeekend,15.98_-1.7547208597446509
2020-12-08,102900005117209,0.707,0.016,7 Colour Pepper (1),1011010504,Capsicum,7.83,7 Colour Pepper (1),It would be so helpful to know the weekday,It would be so helpful to know if IsWeekend,15.98_0.7281897889558989
2020-09-28,102900005117209,0.469,0.0198,7 Colour Pepper (1),1011010504,Capsicum,11.85,7 Colour Pepper (1),It would be so helpful to know the weekday,It would be so helpful to know if IsWeekend,15.98_0.3093748012851132
2020-10-09,102900005115984,15.975,-0.01,Yunnan Lettuces,1011010101,Flower/Leaf Vegetables,6.87,Yunnan Lettuces,It would be so helpful to know the weekday,It would be so helpful to know if IsWeekend,12.81_23.918861302228787
2021-04-25,102900005115984,10.963,0.007,Yunnan Lettuces,1011010101,Flower/Leaf Vegetables,4.38,Yunnan Lettuces,It would be so helpful to know the weekday,It would be so helpful to know if IsWeekend,12.81_17.155223496536365
2020-11-07,102900005115984,7.822,0.007,Yunnan Lettuces,1011010101,Flower/Leaf Vegetables,3.84,Yunnan Lettuces,It would be so helpful to know the weekday,It would be so helpful to know if IsWeekend,12.81_9.607578661396076
2020-10-11,102900005115984,13.084,0.01,Yunnan Lettuces,1011010101,Flower/Leaf Vegetables,6.87,Yunnan Lettuces,It would be so helpful to know the weekday,It would be so helpful to know if IsWeekend,12.81_19.273527654474282
2020-11-22,102900005115984,16.708,0.005,Yunnan Lettuces,1011010101,Flower/Leaf Vegetables,3.12,Yunnan Lettuces,It would be so helpful to know the weekday,It would be so helpful to know if IsWeekend,12.81_11.259462136206164
2021-10-19,102900005115984,1.495,0.008,Yunnan Lettuces,1011010101,Flower/Leaf Vegetables,4.98,Yunnan Lettuces,It would be so helpful to know the weekday,It would be so helpful to know if IsWeekend,12.81_-1.2151245922393392
2021-02-03,102900005115984,16.934,0.008,Yunnan Lettuces,1011010101,Flower/Leaf Vegetables,5.3,Yunnan Lettuces,It would be so helpful to know the weekday,It would be so helpful to know if IsWeekend,12.81_31.738852821560506
2021-02-26,102900005115984,58.6,0.006,Yunnan Lettuces,1011010101,Flower/Leaf Vegetables,3.12,Yunnan Lettuces,It would be so helpful to know the weekday,It would be so helpful to know if IsWeekend,12.81_-24.87236590518986
2020-07-08,102900005115984,9.732,0.006,Yunnan Lettuces,1011010101,Flower/Leaf Vegetables,3.75,Yunnan Lettuces,It would be so helpful to know the weekday,It would be so helpful to know if IsWeekend,12.81_-11.326621071295534
2021-12-24,102900005115984,3.205,0.007,Yunnan Lettuces,1011010101,Flower/Leaf Vegetables,4.13,Yunnan Lettuces,It would be so helpful to know the weekday,It would be so helpful to know if IsWeekend,12.81_4.844544730041581
2021-1-1,102900005115984,25.423,0.006,Yunnan Lettuces,1011010101,Flower/Leaf Vegetables,3.58,Yunnan Lettuces,It would be so helpful to know the weekday,It would be so helpful to know if IsWeekend,12.81_24.85616201124405
2021-12-20,102900005115984,4.823,0.008,Yunnan Lettuces,1011010101,Flower/Leaf Vegetables,4.92,Yunnan Lettuces,It would be so helpful to know the weekday,It would be so helpful to know if IsWeekend,12.81_8.330870130632135
2020-08-12,102900005115984,26.84,0.009,Yunnan Lettuces,1011010101,Flower/Leaf Vegetables,5.31,Yunnan Lettuces,It would be so helpful to know the weekday,It would be so helpful to know if IsWeekend,12.81_54.2916119437984
2021-03-15,102900005115984,12.192,0.006,Yunnan Lettuces,1011010101,Flower/Leaf Vegetables,3.42,Yunnan Lettuces,It would be so helpful to know the weekday,It would be so helpful to know if IsWeekend,12.81_20.619944668524656
2020-07-05,102900005115984,12.594,0.006,Yunnan Lettuces,1011010101,Flower/Leaf Vegetables,3.75,Yunnan Lettuces,It would be so helpful to know the weekday,It would be so helpful to know if IsWeekend,12.81_11.255853047342145
2020-12-22,102900005115984,9.779,0.005,Yunnan Lettuces,1011010101,Flower/Leaf Vegetables,3.13,Yunnan Lettuces,It would be so helpful to know the weekday,It would be so helpful to know if IsWeekend,12.81_-10.15154798820133
2020-10-31,102900005115984,37.496,0.006,Yunnan Lettuces,1011010101,Flower/Leaf Vegetables,4.03,Yunnan Lettuces,It would be so helpful to know the weekday,It would be so helpful to know if IsWeekend,12.81_49.570231738574364
2020-12-21,102900005115984,17.331,0.005,Yunnan Lettuces,1011010101,Flower/Leaf Vegetables,3.13,Yunnan Lettuces,It would be so helpful to know the weekday,It would be so helpful to know if IsWeekend,12.81_15.565359375755921
2021-04-03,102900005115984,13.054,0.0066,Yunnan Lettuces,1011010101,Flower/Leaf Vegetables,4.34,Yunnan Lettuces,It would be so helpful to know the weekday,It would be so helpful to know if IsWeekend,12.81_31.352796331116302
2020-09-12,102900005115984,23.418,0.009,Yunnan Lettuces,1011010101,Flower/Leaf Vegetables,5.41,Yunnan Lettuces,It would be so helpful to know the weekday,It would be so helpful to know if IsWeekend,12.81_24.658862912387843
2020-12-03,102900005115984,3.693,0.004,Yunnan Lettuces,1011010101,Flower/Leaf Vegetables,2.56,Yunnan Lettuces,It would be so helpful to know the weekday,It would be so helpful to know if IsWeekend,12.81_3.9602516871512004
2021-03-10,102900005115984,20.889,0.006,Yunnan Lettuces,1011010101,Flower/Leaf Vegetables,3.12,Yunnan Lettuces,It would be so helpful to know the weekday,It would be so helpful to know if IsWeekend,12.81_17.86957041058058
2021-07-30,102900005115984,7.703,0.006,Yunnan Lettuces,1011010101,Flower/Leaf Vegetables,3.28,Yunnan Lettuces,It would be so helpful to know the weekday,It would be so helpful to know if IsWeekend,12.81_2.195499444266443
2021-08-18,102900005115984,26.346,0.006828125,Yunnan Lettuces,1011010101,Flower/Leaf Vegetables,4.25,Yunnan Lettuces,It would be so helpful to know the weekday,It would be so helpful to know if IsWeekend,12.81_12.438490934746074
2020-07-02,102900005115984,27.056,0.006,Yunnan Lettuces,1011010101,Flower/Leaf Vegetables,3.58,Yunnan Lettuces,It would be so helpful to know the weekday,It would be so helpful to know if IsWeekend,12.81_94.43601201824258
2020-09-10,102900005115984,6.705,0.01,Yunnan Lettuces,1011010101,Flower/Leaf Vegetables,5.63,Yunnan Lettuces,It would be so helpful to know the weekday,It would be so helpful to know if IsWeekend,12.81_13.952919948789273
2021-06-14,102900005115984,13.414,0.005,Yunnan Lettuces,1011010101,Flower/Leaf Vegetables,2.72,Yunnan Lettuces,It would be so helpful to know the weekday,It would be so helpful to know if IsWeekend,12.81_7.071612127124914
2021-07-21,102900005115984,6.146,0.005,Yunnan Lettuces,1011010101,Flower/Leaf Vegetables,2.92,Yunnan Lettuces,It would be so helpful to know the weekday,It would be so helpful to know if IsWeekend,12.81_7.1144269556852295
2021-08-11,102900005115984,37.624,0.007,Yunnan Lettuces,1011010101,Flower/Leaf Vegetables,3.65,Yunnan Lettuces,It would be so helpful to know the weekday,It would be so helpful to know if IsWeekend,12.81_105.27966958183791
2020-07-15,102900005115984,43.618,0.005954464286,Yunnan Lettuces,1011010101,Flower/Leaf Vegetables,3.75,Yunnan Lettuces,It would be so helpful to know the weekday,It would be so helpful to know if IsWeekend,12.81_34.49212319423244
2020-12-15,102900005115984,23.773,0.004,Yunnan Lettuces,1011010101,Flower/Leaf Vegetables,3.13,Yunnan Lettuces,It would be so helpful to know the weekday,It would be so helpful to know if IsWeekend,12.81_69.66667248392828
2021-06-25,102900005115984,8.415,0.005,Yunnan Lettuces,1011010101,Flower/Leaf Vegetables,2.61,Yunnan Lettuces,It would be so helpful to know the weekday,It would be so helpful to know if IsWeekend,12.81_11.502611002026423
2021-03-21,102900005115984,32.805,0.0056,Yunnan Lettuces,1011010101,Flower/Leaf Vegetables,3.34,Yunnan Lettuces,It would be so helpful to know the weekday,It would be so helpful to know if IsWeekend,12.81_15.540235377480382
2021-07-12,102900005115984,15.445,0.005,Yunnan Lettuces,1011010101,Flower/Leaf Vegetables,2.77,Yunnan Lettuces,It would be so helpful to know the weekday,It would be so helpful to know if IsWeekend,12.81_13.368552014698789
2021-10-14,102900005115984,4.322,0.008,Yunnan Lettuces,1011010101,Flower/Leaf Vegetables,4.58,Yunnan Lettuces,It would be so helpful to know the weekday,It would be so helpful to know if IsWeekend,12.81_4.5307241868037
