daily_sells - daily_sells.csv
Date,Item Code,Quantity Sold (kilo),Unit Selling Price (RMB/gram),Item Name_x,Category Code,Category Name,Wholesale Price (RMB/kg),Item Name_y,Weekday,IsWeekend,Loss Rate (%)_entropy
2021-1-1,102900005115786,2.145,0.014,Zhuyecai,1011010101,Flower/Leaf Vegetables,10.75,Zhuyecai,It would be so helpful to know the weekday,It would be so helpful to know if IsWeekend,13.62_2.8295060508711805
2021-07-31,102900005115786,10.029,0.0034,Zhuyecai,1011010101,Flower/Leaf Vegetables,1.88,Zhuyecai,It would be so helpful to know the weekday,It would be so helpful to know if IsWeekend,13.62_7.722857845812783
2020-08-08,102900005115786,12.393,0.005,Zhuyecai,1011010101,Flower/Leaf Vegetables,2.97,Zhuyecai,It would be so helpful to know the weekday,It would be so helpful to know if IsWeekend,13.62_36.04248371660824
2020-08-09,102900005115786,10.904,0.005,Zhuyecai,1011010101,Flower/Leaf Vegetables,2.9,Zhuyecai,It would be so helpful to know the weekday,It would be so helpful to know if IsWeekend,13.62_11.377628478798373
2021-04-15,102900005115786,1.148,0.009,Zhuyecai,1011010101,Flower/Leaf Vegetables,7.08,Zhuyecai,It would be so helpful to know the weekday,It would be so helpful to know if IsWeekend,13.62_1.0486330000200281
2021-07-02,102900005115786,16.634,0.004,Zhuyecai,1011010101,Flower/Leaf Vegetables,2.25,Zhuyecai,It would be so helpful to know the weekday,It would be so helpful to know if IsWeekend,13.62_37.986792910921295
2021-08-18,102900005115786,11.432,0.005,Zhuyecai,1011010101,Flower/Leaf Vegetables,3.04,Zhuyecai,It would be so helpful to know the weekday,It would be so helpful to know if IsWeekend,13.62_17.05270574158951
2021-09-22,102900005115786,1.875,0.005,Zhuyecai,1011010101,Flower/Leaf Vegetables,2.54,Zhuyecai,It would be so helpful to know the weekday,It would be so helpful to know if IsWeekend,13.62_-0.9453238278687528
2021-03-10,102900005115786,0.35,0.018,Zhuyecai,1011010101,Flower/Leaf Vegetables,11.28,Zhuyecai,It would be so helpful to know the weekday,It would be so helpful to know if IsWeekend,13.62_0.21147940184201242
2021-07-10,102900005115786,17.617,0.004,Zhuyecai,1011010101,Flower/Leaf Vegetables,2.02,Zhuyecai,It would be so helpful to know the weekday,It would be so helpful to know if IsWeekend,13.62_10.541401184977186
2021-08-04,102900005115786,15.18,0.0034,Zhuyecai,1011010101,Flower/Leaf Vegetables,1.84,Zhuyecai,It would be so helpful to know the weekday,It would be so helpful to know if IsWeekend,13.62_29.483972787901223
2021-07-08,102900005115786,9.426,0.004,Zhuyecai,1011010101,Flower/Leaf Vegetables,2.04,Zhuyecai,It would be so helpful to know the weekday,It would be so helpful to know if IsWeekend,13.62_-5.747071091923706
2021-07-24,102900005115786,6.858,0.0032,Zhuyecai,1011010101,Flower/Leaf Vegetables,1.87,Zhuyecai,It would be so helpful to know the weekday,It would be so helpful to know if IsWeekend,13.62_4.771202879923955
2020-09-17,102900005115786,7.487,0.0034,Zhuyecai,1011010101,Flower/Leaf Vegetables,1.79,Zhuyecai,It would be so helpful to know the weekday,It would be so helpful to know if IsWeekend,13.62_13.071754229680248
2021-06-01,102900005115786,19.842,0.005,Zhuyecai,1011010101,Flower/Leaf Vegetables,4.38,Zhuyecai,It would be so helpful to know the weekday,It would be so helpful to know if IsWeekend,13.62_33.50192685022218
2021-05-02,102900005115786,19.446,0.007,Zhuyecai,1011010101,Flower/Leaf Vegetables,6.03,Zhuyecai,It would be so helpful to know the weekday,It would be so helpful to know if IsWeekend,13.62_15.04132429766149
2021-04-22,102900005115786,10.233,0.006,Zhuyecai,1011010101,Flower/Leaf Vegetables,4.21,Zhuyecai,It would be so helpful to know the weekday,It would be so helpful to know if IsWeekend,13.62_34.30895394008199
2021-06-26,102900005115786,14.068,0.004,Zhuyecai,1011010101,Flower/Leaf Vegetables,1.74,Zhuyecai,It would be so helpful to know the weekday,It would be so helpful to know if IsWeekend,13.62_8.597367005935853
2020-09-22,102900005115786,11.106,0.004,Zhuyecai,1011010101,Flower/Leaf Vegetables,2.04,Zhuyecai,It would be so helpful to know the weekday,It would be so helpful to know if IsWeekend,13.62_6.868743623259919
2021-06-12,102900005116899,14.351,0.016,Net Lotus Root (1),1011010402,Aquatic Tuberous Vegetables,9.55,Net Lotus Root (1),It would be so helpful to know the weekday,It would be so helpful to know if IsWeekend,5.54_15.808773468571395
2020-12-06,102900005116899,64.56,0.00785106383,Net Lotus Root (1),1011010402,Aquatic Tuberous Vegetables,6.09,Net Lotus Root (1),It would be so helpful to know the weekday,It would be so helpful to know if IsWeekend,5.54_105.9208675189939
2021-10-10,102900005116899,57.264,0.0066,Net Lotus Root (1),1011010402,Aquatic Tuberous Vegetables,4.6,Net Lotus Root (1),It would be so helpful to know the weekday,It would be so helpful to know if IsWeekend,5.54_-0.268525207828759
2021-07-20,102900005116899,8.781,0.0148,Net Lotus Root (1),1011010402,Aquatic Tuberous Vegetables,9.23,Net Lotus Root (1),It would be so helpful to know the weekday,It would be so helpful to know if IsWeekend,5.54_23.304777757913115
2021-11-22,102900005116899,29.73,0.006111111111,Net Lotus Root (1),1011010402,Aquatic Tuberous Vegetables,4.8,Net Lotus Root (1),It would be so helpful to know the weekday,It would be so helpful to know if IsWeekend,5.54_7.997275598116474
2021-11-03,102900005116899,39.941,0.006040909091,Net Lotus Root (1),1011010402,Aquatic Tuberous Vegetables,4.6,Net Lotus Root (1),It would be so helpful to know the weekday,It would be so helpful to know if IsWeekend,5.54_90.27795806720218
2021-11-29,102900005116899,26.496,0.006095238095,Net Lotus Root (1),1011010402,Aquatic Tuberous Vegetables,4.8,Net Lotus Root (1),It would be so helpful to know the weekday,It would be so helpful to know if IsWeekend,5.54_29.952380055037302
2021-03-27,102900005116899,23.569,0.01,Net Lotus Root (1),1011010402,Aquatic Tuberous Vegetables,6.6,Net Lotus Root (1),It would be so helpful to know the weekday,It would be so helpful to know if IsWeekend,5.54_28.520962945566676
2021-09-27,102900005116899,42.001,0.006,Net Lotus Root (1),1011010402,Aquatic Tuberous Vegetables,4.28,Net Lotus Root (1),It would be so helpful to know the weekday,It would be so helpful to know if IsWeekend,5.54_41.24949052720116
2021-02-26,102900005116899,33.812,0.01,Net Lotus Root (1),1011010402,Aquatic Tuberous Vegetables,7,Net Lotus Root (1),It would be so helpful to know the weekday,It would be so helpful to know if IsWeekend,5.54_52.505437535345436
2021-07-29,102900005116899,14.468,0.0118,Net Lotus Root (1),1011010402,Aquatic Tuberous Vegetables,8.4,Net Lotus Root (1),It would be so helpful to know the weekday,It would be so helpful to know if IsWeekend,5.54_18.276456816817003
2021-06-14,102900005116899,7.313,0.0198,Net Lotus Root (1),1011010402,Aquatic Tuberous Vegetables,14.85,Net Lotus Root (1),It would be so helpful to know the weekday,It would be so helpful to know if IsWeekend,5.54_19.100972039392357
2021-08-06,102900005116899,18.553,0.012,Net Lotus Root (1),1011010402,Aquatic Tuberous Vegetables,7.6,Net Lotus Root (1),It would be so helpful to know the weekday,It would be so helpful to know if IsWeekend,5.54_31.2156379786911
2021-06-07,102900005116899,3.385,0.014,Net Lotus Root (1),1011010402,Aquatic Tuberous Vegetables,8.94,Net Lotus Root (1),It would be so helpful to know the weekday,It would be so helpful to know if IsWeekend,5.54_1.989519113884721
2020-07-10,102900005116899,6.45,0.01594705882,Net Lotus Root (1),1011010402,Aquatic Tuberous Vegetables,9,Net Lotus Root (1),It would be so helpful to know the weekday,It would be so helpful to know if IsWeekend,5.54_-3.4572983062732545
2021-10-09,102900005116899,38.754,0.0066,Net Lotus Root (1),1011010402,Aquatic Tuberous Vegetables,4.6,Net Lotus Root (1),It would be so helpful to know the weekday,It would be so helpful to know if IsWeekend,5.54_20.420545428979604
2021-06-29,102900005116899,2.291,0.016,Net Lotus Root (1),1011010402,Aquatic Tuberous Vegetables,11,Net Lotus Root (1),It would be so helpful to know the weekday,It would be so helpful to know if IsWeekend,5.54_0.7733139469628427
2020-12-01,102900005116899,25.029,0.008,Net Lotus Root (1),1011010402,Aquatic Tuberous Vegetables,6,Net Lotus Root (1),It would be so helpful to know the weekday,It would be so helpful to know if IsWeekend,5.54_27.032199643491904
2020-09-03,102900005116899,14.702,0.008,Net Lotus Root (1),1011010402,Aquatic Tuberous Vegetables,5.69,Net Lotus Root (1),It would be so helpful to know the weekday,It would be so helpful to know if IsWeekend,5.54_21.5589354948825
2021-12-07,102900005116899,25.907,0.007,Net Lotus Root (1),1011010402,Aquatic Tuberous Vegetables,4.8,Net Lotus Root (1),It would be so helpful to know the weekday,It would be so helpful to know if IsWeekend,5.54_-15.41504085831301
2020-10-20,102900005116899,49.434,0.007866666667,Net Lotus Root (1),1011010402,Aquatic Tuberous Vegetables,5.71,Net Lotus Root (1),It would be so helpful to know the weekday,It would be so helpful to know if IsWeekend,5.54_148.0097545825914
2020-09-10,102900005116899,13.712,0.008,Net Lotus Root (1),1011010402,Aquatic Tuberous Vegetables,5.6,Net Lotus Root (1),It would be so helpful to know the weekday,It would be so helpful to know if IsWeekend,5.54_25.36764171967414
2021-11-18,102900005116899,21.426,0.007,Net Lotus Root (1),1011010402,Aquatic Tuberous Vegetables,4.8,Net Lotus Root (1),It would be so helpful to know the weekday,It would be so helpful to know if IsWeekend,5.54_-23.677170605855697
2020-10-04,102900005116899,18.41,0.008,Net Lotus Root (1),1011010402,Aquatic Tuberous Vegetables,5.8,Net Lotus Root (1),It would be so helpful to know the weekday,It would be so helpful to know if IsWeekend,5.54_41.17035630022619
2021-09-04,102900005116899,65.33,0.006266666667,Net Lotus Root (1),1011010402,Aquatic Tuberous Vegetables,5,Net Lotus Root (1),It would be so helpful to know the weekday,It would be so helpful to know if IsWeekend,5.54_103.44356668071761
2020-11-11,102900005116899,14.727,0.00784,Net Lotus Root (1),1011010402,Aquatic Tuberous Vegetables,5.61,Net Lotus Root (1),It would be so helpful to know the weekday,It would be so helpful to know if IsWeekend,5.54_36.05895219698392
2021-07-05,102900005116899,3.704,0.016,Net Lotus Root (1),1011010402,Aquatic Tuberous Vegetables,11,Net Lotus Root (1),It would be so helpful to know the weekday,It would be so helpful to know if IsWeekend,5.54_-1.2705070399063034
2020-11-15,102900005116899,45.353,0.006875,Net Lotus Root (1),1011010402,Aquatic Tuberous Vegetables,5.2,Net Lotus Root (1),It would be so helpful to know the weekday,It would be so helpful to know if IsWeekend,5.54_43.61235419373985
2021-03-12,102900005116899,19.764,0.008,Net Lotus Root (1),1011010402,Aquatic Tuberous Vegetables,6.6,Net Lotus Root (1),It would be so helpful to know the weekday,It would be so helpful to know if IsWeekend,5.54_4.4152993456378
2021-1-1,102900011009970,18.449,0.008,Qinggengsanhua,1011010201,Cabbage,5.11,Qinggengsanhua,It would be so helpful to know the weekday,It would be so helpful to know if IsWeekend,17.06_40.17342560314622
2020-07-06,102900011009970,18.287,0.009,Qinggengsanhua,1011010201,Cabbage,5.6,Qinggengsanhua,It would be so helpful to know the weekday,It would be so helpful to know if IsWeekend,17.06_30.389033917851854
2021-03-25,102900011009970,14.587,0.008,Qinggengsanhua,1011010201,Cabbage,5.58,Qinggengsanhua,It would be so helpful to know the weekday,It would be so helpful to know if IsWeekend,17.06_-3.463861706577667
2021-05-06,102900011009970,0.779,0.004,Qinggengsanhua,1011010201,Cabbage,3.19,Qinggengsanhua,It would be so helpful to know the weekday,It would be so helpful to know if IsWeekend,17.06_0.5740629239867407
2020-07-07,102900011009970,22.699,0.009,Qinggengsanhua,1011010201,Cabbage,5.44,Qinggengsanhua,It would be so helpful to know the weekday,It would be so helpful to know if IsWeekend,17.06_17.476524954730337
2021-07-06,102900011009970,13.744,0.006,Qinggengsanhua,1011010201,Cabbage,3.55,Qinggengsanhua,It would be so helpful to know the weekday,It would be so helpful to know if IsWeekend,17.06_26.74018178697751
2020-07-14,102900011009970,30.354,0.005922413793,Qinggengsanhua,1011010201,Cabbage,2.97,Qinggengsanhua,It would be so helpful to know the weekday,It would be so helpful to know if IsWeekend,17.06_29.8055801507404
2021-02-21,102900011009970,11.689,0.005,Qinggengsanhua,1011010201,Cabbage,4.21,Qinggengsanhua,It would be so helpful to know the weekday,It would be so helpful to know if IsWeekend,17.06_13.773815541132855
2021-02-25,102900011009970,13.579,0.006,Qinggengsanhua,1011010201,Cabbage,4,Qinggengsanhua,It would be so helpful to know the weekday,It would be so helpful to know if IsWeekend,17.06_26.68760299833907
2021-02-16,102900011009970,9.031,0.006,Qinggengsanhua,1011010201,Cabbage,4.2,Qinggengsanhua,It would be so helpful to know the weekday,It would be so helpful to know if IsWeekend,17.06_19.136521909472645
2020-07-13,102900011009970,16.404,0.005936842105,Qinggengsanhua,1011010201,Cabbage,3.33,Qinggengsanhua,It would be so helpful to know the weekday,It would be so helpful to know if IsWeekend,17.06_14.417091194984554
2021-08-05,102900011009970,4.61,0.009,Qinggengsanhua,1011010201,Cabbage,5.35,Qinggengsanhua,It would be so helpful to know the weekday,It would be so helpful to know if IsWeekend,17.06_-4.516231203287465
2021-1-1,102900011009970,11.678,0.008,Qinggengsanhua,1011010201,Cabbage,5.2,Qinggengsanhua,It would be so helpful to know the weekday,It would be so helpful to know if IsWeekend,17.06_10.876066317896008
2021-03-12,102900011009970,13.934,0.008,Qinggengsanhua,1011010201,Cabbage,4.03,Qinggengsanhua,It would be so helpful to know the weekday,It would be so helpful to know if IsWeekend,17.06_22.17030295851809
2021-06-25,102900011009970,21.467,0.008,Qinggengsanhua,1011010201,Cabbage,5.21,Qinggengsanhua,It would be so helpful to know the weekday,It would be so helpful to know if IsWeekend,17.06_11.347517050868808
2021-12-23,102900011009970,0.705,0.006,Qinggengsanhua,1011010201,Cabbage,3.13,Qinggengsanhua,It would be so helpful to know the weekday,It would be so helpful to know if IsWeekend,17.06_0.99690370020503
2021-02-14,102900011009970,5.981,0.007181818182,Qinggengsanhua,1011010201,Cabbage,4.2,Qinggengsanhua,It would be so helpful to know the weekday,It would be so helpful to know if IsWeekend,17.06_17.132579096831016
2020-09-20,102900011009970,32.308,0.007,Qinggengsanhua,1011010201,Cabbage,4.51,Qinggengsanhua,It would be so helpful to know the weekday,It would be so helpful to know if IsWeekend,17.06_14.792102146094837
2021-07-17,102900011009970,41.906,0.007,Qinggengsanhua,1011010201,Cabbage,4.13,Qinggengsanhua,It would be so helpful to know the weekday,It would be so helpful to know if IsWeekend,17.06_-36.498830451777
2021-08-21,102900011009970,28.566,0.0084,Qinggengsanhua,1011010201,Cabbage,6.37,Qinggengsanhua,It would be so helpful to know the weekday,It would be so helpful to know if IsWeekend,17.06_21.245092270977143
2020-10-02,102900011009970,20.716,0.008,Qinggengsanhua,1011010201,Cabbage,4.91,Qinggengsanhua,It would be so helpful to know the weekday,It would be so helpful to know if IsWeekend,17.06_38.54013617035956
2021-03-31,102900011009970,14.32,0.01,Qinggengsanhua,1011010201,Cabbage,5,Qinggengsanhua,It would be so helpful to know the weekday,It would be so helpful to know if IsWeekend,17.06_29.85581353342367
2021-1-1,102900011009970,27.226,0.014,Qinggengsanhua,1011010201,Cabbage,9.11,Qinggengsanhua,It would be so helpful to know the weekday,It would be so helpful to know if IsWeekend,17.06_17.98806116359128
2020-11-14,102900011009970,8.14,0.004,Qinggengsanhua,1011010201,Cabbage,2.66,Qinggengsanhua,It would be so helpful to know the weekday,It would be so helpful to know if IsWeekend,17.06_4.412208714804901
2021-05-04,102900011009970,18.639,0.0034,Qinggengsanhua,1011010201,Cabbage,1.75,Qinggengsanhua,It would be so helpful to know the weekday,It would be so helpful to know if IsWeekend,17.06_31.925511414119107
2021-02-10,102900011009970,81.146,0.008,Qinggengsanhua,1011010201,Cabbage,3.86,Qinggengsanhua,It would be so helpful to know the weekday,It would be so helpful to know if IsWeekend,17.06_-49.91587100112842
2021-06-19,102900011009970,17.567,0.007,Qinggengsanhua,1011010201,Cabbage,3.68,Qinggengsanhua,It would be so helpful to know the weekday,It would be so helpful to know if IsWeekend,17.06_23.678289632700533
2020-12-10,102900011009970,12.895,0.006,Qinggengsanhua,1011010201,Cabbage,4.42,Qinggengsanhua,It would be so helpful to know the weekday,It would be so helpful to know if IsWeekend,17.06_13.693206497739936
2020-12-06,102900011009970,28.48,0.006,Qinggengsanhua,1011010201,Cabbage,3.78,Qinggengsanhua,It would be so helpful to know the weekday,It would be so helpful to know if IsWeekend,17.06_-15.446689176369485
2021-04-11,102900011009970,25.739,0.006,Qinggengsanhua,1011010201,Cabbage,4.48,Qinggengsanhua,It would be so helpful to know the weekday,It would be so helpful to know if IsWeekend,17.06_30.97994234094904
