daily_sells - daily_sells.csv
Date,Item Code,Quantity Sold (kilo),Unit Selling Price (RMB/gram),Item Name_x,Category Code,Category Name,Wholesale Price (RMB/kg),Item Name_y,Weekday,IsWeekend,Loss Rate (%)_entropy
2021-02-15,102900011001806,7,0.0069,Jigu Mushroom (Bunch),1011010801,Edible Mushroom,4.6,Jigu Mushroom (Bunch),It would be so helpful to know the weekday,It would be so helpful to know if IsWeekend,12.42_4.338069149167567
2020-11-17,102900011001806,4,0.0069,Jigu Mushroom (Bunch),1011010801,Edible Mushroom,3.6,Jigu Mushroom (Bunch),It would be so helpful to know the weekday,It would be so helpful to know if IsWeekend,12.42_3.522042856308178
2020-08-15,102900011001806,2,0.0059,Jigu Mushroom (Bunch),1011010801,Edible Mushroom,3.67,Jigu Mushroom (Bunch),It would be so helpful to know the weekday,It would be so helpful to know if IsWeekend,12.42_1.8797518074367234
2021-09-09,102900011001806,1,0.0059,Jigu Mushroom (Bunch),1011010801,Edible Mushroom,3.77,Jigu Mushroom (Bunch),It would be so helpful to know the weekday,It would be so helpful to know if IsWeekend,12.42_0.24692414038357446
2020-07-30,102900011001806,4,0.0059,Jigu Mushroom (Bunch),1011010801,Edible Mushroom,3.41,Jigu Mushroom (Bunch),It would be so helpful to know the weekday,It would be so helpful to know if IsWeekend,12.42_-0.46459530234017254
2020-09-20,102900011001806,3,0.0059,Jigu Mushroom (Bunch),1011010801,Edible Mushroom,3.89,Jigu Mushroom (Bunch),It would be so helpful to know the weekday,It would be so helpful to know if IsWeekend,12.42_5.349358684074972
2021-04-12,102900011001806,2,0.0059,Jigu Mushroom (Bunch),1011010801,Edible Mushroom,3.1,Jigu Mushroom (Bunch),It would be so helpful to know the weekday,It would be so helpful to know if IsWeekend,12.42_1.7763920201394139
2020-07-29,102900011001806,3,0.0059,Jigu Mushroom (Bunch),1011010801,Edible Mushroom,3.41,Jigu Mushroom (Bunch),It would be so helpful to know the weekday,It would be so helpful to know if IsWeekend,12.42_9.184575769963885
2020-12-06,102900011001806,6,0.0059,Jigu Mushroom (Bunch),1011010801,Edible Mushroom,3.74,Jigu Mushroom (Bunch),It would be so helpful to know the weekday,It would be so helpful to know if IsWeekend,12.42_-2.8604335398154035
2021-08-05,102900011001806,10,0.0059,Jigu Mushroom (Bunch),1011010801,Edible Mushroom,3.83,Jigu Mushroom (Bunch),It would be so helpful to know the weekday,It would be so helpful to know if IsWeekend,12.42_17.061009810376255
2021-04-17,102900011001806,1,0.0059,Jigu Mushroom (Bunch),1011010801,Edible Mushroom,3.07,Jigu Mushroom (Bunch),It would be so helpful to know the weekday,It would be so helpful to know if IsWeekend,12.42_-0.3581339263179293
2021-1-1,102900011001806,3,0.0059,Jigu Mushroom (Bunch),1011010801,Edible Mushroom,4.2,Jigu Mushroom (Bunch),It would be so helpful to know the weekday,It would be so helpful to know if IsWeekend,12.42_-0.5339300059929468
2021-05-29,102900011001806,1,0.0049,Jigu Mushroom (Bunch),1011010801,Edible Mushroom,2.94,Jigu Mushroom (Bunch),It would be so helpful to know the weekday,It would be so helpful to know if IsWeekend,12.42_-2.105574966525689
2020-11-14,102900011001806,3,0.0069,Jigu Mushroom (Bunch),1011010801,Edible Mushroom,3.8,Jigu Mushroom (Bunch),It would be so helpful to know the weekday,It would be so helpful to know if IsWeekend,12.42_6.9396063429515245
2021-05-09,102900011001806,3,0.0049,Jigu Mushroom (Bunch),1011010801,Edible Mushroom,2.87,Jigu Mushroom (Bunch),It would be so helpful to know the weekday,It would be so helpful to know if IsWeekend,12.42_4.973596366522262
2020-07-19,102900011001806,3,0.0059,Jigu Mushroom (Bunch),1011010801,Edible Mushroom,3.12,Jigu Mushroom (Bunch),It would be so helpful to know the weekday,It would be so helpful to know if IsWeekend,12.42_2.6097333691139526
2021-04-11,102900011001806,4,0.0059,Jigu Mushroom (Bunch),1011010801,Edible Mushroom,3.08,Jigu Mushroom (Bunch),It would be so helpful to know the weekday,It would be so helpful to know if IsWeekend,12.42_5.500972153564096
2020-07-20,102900011001806,5,0.00574,Jigu Mushroom (Bunch),1011010801,Edible Mushroom,3.13,Jigu Mushroom (Bunch),It would be so helpful to know the weekday,It would be so helpful to know if IsWeekend,12.42_5.426060681718691
2020-09-23,102900011001806,3,0.0059,Jigu Mushroom (Bunch),1011010801,Edible Mushroom,3.9,Jigu Mushroom (Bunch),It would be so helpful to know the weekday,It would be so helpful to know if IsWeekend,12.42_-4.109241930650362
2021-04-10,102900011001806,3,0.0059,Jigu Mushroom (Bunch),1011010801,Edible Mushroom,3.16,Jigu Mushroom (Bunch),It would be so helpful to know the weekday,It would be so helpful to know if IsWeekend,12.42_4.107275179757204
2020-08-08,102900011001806,1,0.0059,Jigu Mushroom (Bunch),1011010801,Edible Mushroom,3.31,Jigu Mushroom (Bunch),It would be so helpful to know the weekday,It would be so helpful to know if IsWeekend,12.42_-0.26527789432662363
2021-09-03,102900011001806,1,0.0059,Jigu Mushroom (Bunch),1011010801,Edible Mushroom,3.98,Jigu Mushroom (Bunch),It would be so helpful to know the weekday,It would be so helpful to know if IsWeekend,12.42_2.0279006604317336
2020-12-29,102900011001806,4,0.0059,Jigu Mushroom (Bunch),1011010801,Edible Mushroom,4.22,Jigu Mushroom (Bunch),It would be so helpful to know the weekday,It would be so helpful to know if IsWeekend,12.42_2.9836053076083773
2020-08-25,102900011001806,3,0.0059,Jigu Mushroom (Bunch),1011010801,Edible Mushroom,3.75,Jigu Mushroom (Bunch),It would be so helpful to know the weekday,It would be so helpful to know if IsWeekend,12.42_-2.210990048482822
2021-03-13,102900011001806,1,0.0059,Jigu Mushroom (Bunch),1011010801,Edible Mushroom,4.36,Jigu Mushroom (Bunch),It would be so helpful to know the weekday,It would be so helpful to know if IsWeekend,12.42_0.01552304584984232
2021-04-28,102900011001806,4,0.0059,Jigu Mushroom (Bunch),1011010801,Edible Mushroom,3.09,Jigu Mushroom (Bunch),It would be so helpful to know the weekday,It would be so helpful to know if IsWeekend,12.42_6.2326547300248265
2021-12-10,102900005125808,0.066,0.0336,Millet Pepper,1011010504,Capsicum,15.73,Millet Pepper,It would be so helpful to know the weekday,It would be so helpful to know if IsWeekend,5.86_0.03208690569591609
2021-09-16,102900005125808,2.437,0.014,Millet Pepper,1011010504,Capsicum,8.49,Millet Pepper,It would be so helpful to know the weekday,It would be so helpful to know if IsWeekend,5.86_-0.18809962920297707
2021-05-26,102900005125808,1.946,0.0198,Millet Pepper,1011010504,Capsicum,10.25,Millet Pepper,It would be so helpful to know the weekday,It would be so helpful to know if IsWeekend,5.86_0.8770646183313477
2020-10-16,102900005125808,1.275,0.018,Millet Pepper,1011010504,Capsicum,10.76,Millet Pepper,It would be so helpful to know the weekday,It would be so helpful to know if IsWeekend,5.86_0.12263578521113794
2021-1-1,102900005125808,2.399,0.0698,Millet Pepper,1011010504,Capsicum,50.61,Millet Pepper,It would be so helpful to know the weekday,It would be so helpful to know if IsWeekend,5.86_4.732226210045817
2021-09-07,102900005125808,1.786,0.01783888889,Millet Pepper,1011010504,Capsicum,8.32,Millet Pepper,It would be so helpful to know the weekday,It would be so helpful to know if IsWeekend,5.86_1.5648149080444718
2020-08-22,102900005125808,5.595,0.01,Millet Pepper,1011010504,Capsicum,6.1,Millet Pepper,It would be so helpful to know the weekday,It would be so helpful to know if IsWeekend,5.86_5.701100032251234
2021-12-14,102900005125808,0.128,0.0336,Millet Pepper,1011010504,Capsicum,21.88,Millet Pepper,It would be so helpful to know the weekday,It would be so helpful to know if IsWeekend,5.86_0.13869491594379108
2021-1-1,102900005125808,1.033,0.0798,Millet Pepper,1011010504,Capsicum,46.43,Millet Pepper,It would be so helpful to know the weekday,It would be so helpful to know if IsWeekend,5.86_0.7272817301117349
2021-1-1,102900005125808,1.338,0.0698,Millet Pepper,1011010504,Capsicum,51.27,Millet Pepper,It would be so helpful to know the weekday,It would be so helpful to know if IsWeekend,5.86_2.724922882369616
2020-12-07,102900005125808,1.437,0.0558,Millet Pepper,1011010504,Capsicum,27.31,Millet Pepper,It would be so helpful to know the weekday,It would be so helpful to know if IsWeekend,5.86_-0.22582674962186444
2020-10-20,102900005125808,2.183,0.0198,Millet Pepper,1011010504,Capsicum,11.51,Millet Pepper,It would be so helpful to know the weekday,It would be so helpful to know if IsWeekend,5.86_-2.0596148913316314
2020-08-25,102900005125808,3.724,0.01,Millet Pepper,1011010504,Capsicum,5.58,Millet Pepper,It would be so helpful to know the weekday,It would be so helpful to know if IsWeekend,5.86_10.932463868749561
2020-12-14,102900005125808,2.808,0.0558,Millet Pepper,1011010504,Capsicum,38.06,Millet Pepper,It would be so helpful to know the weekday,It would be so helpful to know if IsWeekend,5.86_2.575670557675329
2021-02-21,102900005125808,2.954,0.0698,Millet Pepper,1011010504,Capsicum,45.6,Millet Pepper,It would be so helpful to know the weekday,It would be so helpful to know if IsWeekend,5.86_0.29133008650830083
2021-05-09,102900005125808,3.405,0.0198,Millet Pepper,1011010504,Capsicum,12.27,Millet Pepper,It would be so helpful to know the weekday,It would be so helpful to know if IsWeekend,5.86_9.051182852343718
2021-11-06,102900005125808,0.803,0.016,Millet Pepper,1011010504,Capsicum,10,Millet Pepper,It would be so helpful to know the weekday,It would be so helpful to know if IsWeekend,5.86_0.29459267013063317
2021-08-26,102900005125808,2.968,0.01,Millet Pepper,1011010504,Capsicum,6.16,Millet Pepper,It would be so helpful to know the weekday,It would be so helpful to know if IsWeekend,5.86_1.7197698233449625
2021-1-1,102900005125808,2.239,0.0598,Millet Pepper,1011010504,Capsicum,39.94,Millet Pepper,It would be so helpful to know the weekday,It would be so helpful to know if IsWeekend,5.86_1.9561754678055001
2021-05-10,102900005125808,2.584,0.0198,Millet Pepper,1011010504,Capsicum,12.31,Millet Pepper,It would be so helpful to know the weekday,It would be so helpful to know if IsWeekend,5.86_-0.6495668993775681
2020-09-20,102900005125808,3.464,0.012,Millet Pepper,1011010504,Capsicum,2.65,Millet Pepper,It would be so helpful to know the weekday,It would be so helpful to know if IsWeekend,5.86_2.9473987394953514
2020-07-11,102900005125808,4.151,0.0251475,Millet Pepper,1011010504,Capsicum,10.2,Millet Pepper,It would be so helpful to know the weekday,It would be so helpful to know if IsWeekend,5.86_4.311943673336015
2020-08-04,102900005125808,2.44,0.014,Millet Pepper,1011010504,Capsicum,6.08,Millet Pepper,It would be so helpful to know the weekday,It would be so helpful to know if IsWeekend,5.86_3.1306651162457833
2020-11-29,102900005125808,2.524,0.0338,Millet Pepper,1011010504,Capsicum,19.11,Millet Pepper,It would be so helpful to know the weekday,It would be so helpful to know if IsWeekend,5.86_0.964815721085867
2021-04-12,102900011022030,2,0.0139,Pepper Mix,1011010504,Capsicum,2.4,Pepper Mix,It would be so helpful to know the weekday,It would be so helpful to know if IsWeekend,9.43_2.1899289572825977
2021-02-06,102900011022030,10,0.0139,Pepper Mix,1011010504,Capsicum,2.4,Pepper Mix,It would be so helpful to know the weekday,It would be so helpful to know if IsWeekend,9.43_0.8067398816269566
2021-02-02,102900011022030,9,0.0139,Pepper Mix,1011010504,Capsicum,2.4,Pepper Mix,It would be so helpful to know the weekday,It would be so helpful to know if IsWeekend,9.43_19.780843703876318
2021-08-04,102900011022030,4,0.0169,Pepper Mix,1011010504,Capsicum,2.4,Pepper Mix,It would be so helpful to know the weekday,It would be so helpful to know if IsWeekend,9.43_3.768222893388933
2021-08-16,102900011022030,1,0.0169,Pepper Mix,1011010504,Capsicum,2.4,Pepper Mix,It would be so helpful to know the weekday,It would be so helpful to know if IsWeekend,9.43_0.8890190568863985
2021-05-09,102900011022030,4,0.0139,Pepper Mix,1011010504,Capsicum,2.4,Pepper Mix,It would be so helpful to know the weekday,It would be so helpful to know if IsWeekend,9.43_3.495615356818465
2021-03-13,102900011022030,3,0.0139,Pepper Mix,1011010504,Capsicum,2.4,Pepper Mix,It would be so helpful to know the weekday,It would be so helpful to know if IsWeekend,9.43_-0.4953797735882288
2021-05-28,102900011022030,2,0.0139,Pepper Mix,1011010504,Capsicum,2.4,Pepper Mix,It would be so helpful to know the weekday,It would be so helpful to know if IsWeekend,9.43_1.1747720589327142
2021-06-12,102900011022030,3,0.0169,Pepper Mix,1011010504,Capsicum,2.4,Pepper Mix,It would be so helpful to know the weekday,It would be so helpful to know if IsWeekend,9.43_6.3818749346384624
2021-06-22,102900011022030,2,0.0169,Pepper Mix,1011010504,Capsicum,2.4,Pepper Mix,It would be so helpful to know the weekday,It would be so helpful to know if IsWeekend,9.43_-1.020745191459865
2020-12-11,102900011012994,5,0.0059,Apricot Bao Mushroom (Bag),1011010801,Edible Mushroom,3.48,Apricot Bao Mushroom (Bag),It would be so helpful to know the weekday,It would be so helpful to know if IsWeekend,10.03_7.83394077374634
2020-11-20,102900011012994,3,0.0059,Apricot Bao Mushroom (Bag),1011010801,Edible Mushroom,2.91,Apricot Bao Mushroom (Bag),It would be so helpful to know the weekday,It would be so helpful to know if IsWeekend,10.03_3.689577232911515
2020-10-15,102900011012994,14,0.0049,Apricot Bao Mushroom (Bag),1011010801,Edible Mushroom,3,Apricot Bao Mushroom (Bag),It would be so helpful to know the weekday,It would be so helpful to know if IsWeekend,10.03_11.108910362522742
2020-11-28,102900011012994,4,0.0049,Apricot Bao Mushroom (Bag),1011010801,Edible Mushroom,2.88,Apricot Bao Mushroom (Bag),It would be so helpful to know the weekday,It would be so helpful to know if IsWeekend,10.03_11.60145794043979
2021-04-12,102900011012994,4,-0.0049,Apricot Bao Mushroom (Bag),1011010801,Edible Mushroom,2.28,Apricot Bao Mushroom (Bag),It would be so helpful to know the weekday,It would be so helpful to know if IsWeekend,10.03_4.312839496099186
2020-12-18,102900011012994,3,0.0059,Apricot Bao Mushroom (Bag),1011010801,Edible Mushroom,3.64,Apricot Bao Mushroom (Bag),It would be so helpful to know the weekday,It would be so helpful to know if IsWeekend,10.03_3.641716119700893
2021-08-31,102900011012994,2,0.0049,Apricot Bao Mushroom (Bag),1011010801,Edible Mushroom,2.8,Apricot Bao Mushroom (Bag),It would be so helpful to know the weekday,It would be so helpful to know if IsWeekend,10.03_-0.02997921475187537
2021-05-06,102900011012994,2,0.0039,Apricot Bao Mushroom (Bag),1011010801,Edible Mushroom,2.18,Apricot Bao Mushroom (Bag),It would be so helpful to know the weekday,It would be so helpful to know if IsWeekend,10.03_0.46125285014881645
2020-10-01,102900011012994,2,0.0069,Apricot Bao Mushroom (Bag),1011010801,Edible Mushroom,3.42,Apricot Bao Mushroom (Bag),It would be so helpful to know the weekday,It would be so helpful to know if IsWeekend,10.03_0.7288921486423681
2020-12-10,102900011012994,1,0.0059,Apricot Bao Mushroom (Bag),1011010801,Edible Mushroom,3.45,Apricot Bao Mushroom (Bag),It would be so helpful to know the weekday,It would be so helpful to know if IsWeekend,10.03_1.4962409302116946
2021-1-1,102900011012994,3,0.0059,Apricot Bao Mushroom (Bag),1011010801,Edible Mushroom,3.72,Apricot Bao Mushroom (Bag),It would be so helpful to know the weekday,It would be so helpful to know if IsWeekend,10.03_0.36712770147244456
2021-03-05,102900011012994,6,0.0049,Apricot Bao Mushroom (Bag),1011010801,Edible Mushroom,2.68,Apricot Bao Mushroom (Bag),It would be so helpful to know the weekday,It would be so helpful to know if IsWeekend,10.03_-3.0114710857337066
2021-08-29,102900011012994,2,0.0049,Apricot Bao Mushroom (Bag),1011010801,Edible Mushroom,2.8,Apricot Bao Mushroom (Bag),It would be so helpful to know the weekday,It would be so helpful to know if IsWeekend,10.03_3.839449155224812
2021-05-23,102900011012994,8,0.0039,Apricot Bao Mushroom (Bag),1011010801,Edible Mushroom,2.2,Apricot Bao Mushroom (Bag),It would be so helpful to know the weekday,It would be so helpful to know if IsWeekend,10.03_11.79785786865666
2021-1-1,102900011012994,9,0.0059,Apricot Bao Mushroom (Bag),1011010801,Edible Mushroom,3.65,Apricot Bao Mushroom (Bag),It would be so helpful to know the weekday,It would be so helpful to know if IsWeekend,10.03_18.32932407407656
2021-07-22,102900011012994,1,0.0035,Apricot Bao Mushroom (Bag),1011010801,Edible Mushroom,2.28,Apricot Bao Mushroom (Bag),It would be so helpful to know the weekday,It would be so helpful to know if IsWeekend,10.03_1.268746575131076
2021-07-27,102900011012994,1,0.0035,Apricot Bao Mushroom (Bag),1011010801,Edible Mushroom,2.24,Apricot Bao Mushroom (Bag),It would be so helpful to know the weekday,It would be so helpful to know if IsWeekend,10.03_0.12174305943320751
2020-09-26,102900011012994,2,0.0069,Apricot Bao Mushroom (Bag),1011010801,Edible Mushroom,3.66,Apricot Bao Mushroom (Bag),It would be so helpful to know the weekday,It would be so helpful to know if IsWeekend,10.03_6.44356585627344
2021-02-22,102900011012994,3,0.0059,Apricot Bao Mushroom (Bag),1011010801,Edible Mushroom,3.96,Apricot Bao Mushroom (Bag),It would be so helpful to know the weekday,It would be so helpful to know if IsWeekend,10.03_4.731208876880886
2020-12-08,102900011012994,1,0.0059,Apricot Bao Mushroom (Bag),1011010801,Edible Mushroom,3.45,Apricot Bao Mushroom (Bag),It would be so helpful to know the weekday,It would be so helpful to know if IsWeekend,10.03_0.2852332781022159
2020-10-12,102900011012994,66,0.0049,Apricot Bao Mushroom (Bag),1011010801,Edible Mushroom,3,Apricot Bao Mushroom (Bag),It would be so helpful to know the weekday,It would be so helpful to know if IsWeekend,10.03_83.28669425399512
2020-10-29,102900011012994,12,0.0059,Apricot Bao Mushroom (Bag),1011010801,Edible Mushroom,3.17,Apricot Bao Mushroom (Bag),It would be so helpful to know the weekday,It would be so helpful to know if IsWeekend,10.03_16.04559212158439
