daily_sells - daily_sells.csv
Date,Item Code,Quantity Sold (kilo),Unit Selling Price (RMB/gram),Item Name_x,Category Code,Category Name,Wholesale Price (RMB/kg),Item Name_y,Weekday,IsWeekend,Loss Rate (%)_entropy
2021-09-01,102900005116943,1.128,0.016,Red Hang Pepper,1011010504,Capsicum,8.23,Red Hang Pepper,It would be so helpful to know the weekday,It would be so helpful to know if IsWeekend,9.99_2.424458431885987
2021-1-1,102900005116943,0.854,0.0398,Red Hang Pepper,1011010504,Capsicum,35.66,Red Hang Pepper,It would be so helpful to know the weekday,It would be so helpful to know if IsWeekend,9.99_1.7071392984727334
2021-07-07,102900005116943,0.114,0.014,Red Hang Pepper,1011010504,Capsicum,6.34,Red Hang Pepper,It would be so helpful to know the weekday,It would be so helpful to know if IsWeekend,9.99_0.008787046838460072
2021-05-01,102900005116943,0.902,0.012,Red Hang Pepper,1011010504,Capsicum,6.83,Red Hang Pepper,It would be so helpful to know the weekday,It would be so helpful to know if IsWeekend,9.99_0.5738502079779682
2021-05-12,102900005116943,1.48,0.014,Red Hang Pepper,1011010504,Capsicum,8.26,Red Hang Pepper,It would be so helpful to know the weekday,It would be so helpful to know if IsWeekend,9.99_1.3409154372797318
2021-05-26,102900005116943,0.415,0.014,Red Hang Pepper,1011010504,Capsicum,7.45,Red Hang Pepper,It would be so helpful to know the weekday,It would be so helpful to know if IsWeekend,9.99_0.026136449745436274
2020-09-21,102900005116943,0.894,0.014,Red Hang Pepper,1011010504,Capsicum,7.47,Red Hang Pepper,It would be so helpful to know the weekday,It would be so helpful to know if IsWeekend,9.99_0.03613109004980708
2021-02-13,102900005116943,3.39,0.0338,Red Hang Pepper,1011010504,Capsicum,24,Red Hang Pepper,It would be so helpful to know the weekday,It would be so helpful to know if IsWeekend,9.99_3.5505281843748766
2021-09-11,102900005116943,1.297,0.018,Red Hang Pepper,1011010504,Capsicum,10.73,Red Hang Pepper,It would be so helpful to know the weekday,It would be so helpful to know if IsWeekend,9.99_1.4795312477507843
2021-1-1,102900005116943,0.43,-0.0398,Red Hang Pepper,1011010504,Capsicum,33.86,Red Hang Pepper,It would be so helpful to know the weekday,It would be so helpful to know if IsWeekend,9.99_0.6661355084030626
2021-1-1,102900005116943,0.839,0.0398,Red Hang Pepper,1011010504,Capsicum,23.68,Red Hang Pepper,It would be so helpful to know the weekday,It would be so helpful to know if IsWeekend,9.99_2.283833196057528
2021-10-08,102900005116943,0.038,0.016,Red Hang Pepper,1011010504,Capsicum,9.83,Red Hang Pepper,It would be so helpful to know the weekday,It would be so helpful to know if IsWeekend,9.99_0.044510628144786055
2021-02-19,102900005116943,1.393,0.0358,Red Hang Pepper,1011010504,Capsicum,24,Red Hang Pepper,It would be so helpful to know the weekday,It would be so helpful to know if IsWeekend,9.99_-0.653103324719053
2020-12-26,102900005116943,0.748,0.0498,Red Hang Pepper,1011010504,Capsicum,39.21,Red Hang Pepper,It would be so helpful to know the weekday,It would be so helpful to know if IsWeekend,9.99_0.7905310703316045
2021-04-25,102900005116943,1.087,0.014,Red Hang Pepper,1011010504,Capsicum,7.48,Red Hang Pepper,It would be so helpful to know the weekday,It would be so helpful to know if IsWeekend,9.99_-1.630869865015318
2021-09-19,102900005116943,1.141,0.016,Red Hang Pepper,1011010504,Capsicum,9.75,Red Hang Pepper,It would be so helpful to know the weekday,It would be so helpful to know if IsWeekend,9.99_3.2305858395460905
2021-07-27,102900005116943,1.31,0.014,Red Hang Pepper,1011010504,Capsicum,7.47,Red Hang Pepper,It would be so helpful to know the weekday,It would be so helpful to know if IsWeekend,9.99_2.94261178763288
2021-08-05,102900005116943,0.615,0.014,Red Hang Pepper,1011010504,Capsicum,7.43,Red Hang Pepper,It would be so helpful to know the weekday,It would be so helpful to know if IsWeekend,9.99_1.9539665587773125
2021-04-18,102900005116943,0.955,0.0198,Red Hang Pepper,1011010504,Capsicum,11.42,Red Hang Pepper,It would be so helpful to know the weekday,It would be so helpful to know if IsWeekend,9.99_0.2949257151054626
2020-12-02,102900005116943,0.637,0.0338,Red Hang Pepper,1011010504,Capsicum,18.74,Red Hang Pepper,It would be so helpful to know the weekday,It would be so helpful to know if IsWeekend,9.99_0.8631619404984933
2020-07-13,102900005116943,1.945,0.016,Red Hang Pepper,1011010504,Capsicum,6.9,Red Hang Pepper,It would be so helpful to know the weekday,It would be so helpful to know if IsWeekend,9.99_4.5356468903323055
2021-1-1,102900005116943,1.409,0.0358,Red Hang Pepper,1011010504,Capsicum,22.04,Red Hang Pepper,It would be so helpful to know the weekday,It would be so helpful to know if IsWeekend,9.99_0.3411260013949724
2021-05-06,102900005116943,0.209,0.012,Red Hang Pepper,1011010504,Capsicum,8.47,Red Hang Pepper,It would be so helpful to know the weekday,It would be so helpful to know if IsWeekend,9.99_0.057824055903826416
2021-07-08,102900005116943,0.615,0.014,Red Hang Pepper,1011010504,Capsicum,6.36,Red Hang Pepper,It would be so helpful to know the weekday,It would be so helpful to know if IsWeekend,9.99_1.498699699825111
2021-03-11,102900005116943,0.854,0.0198,Red Hang Pepper,1011010504,Capsicum,12.8,Red Hang Pepper,It would be so helpful to know the weekday,It would be so helpful to know if IsWeekend,9.99_1.1242168747124612
2021-12-22,102900005116943,0.754,0.0258,Red Hang Pepper,1011010504,Capsicum,17.55,Red Hang Pepper,It would be so helpful to know the weekday,It would be so helpful to know if IsWeekend,9.99_1.7318528956804728
2021-03-10,102900005116943,0.859,0.0198,Red Hang Pepper,1011010504,Capsicum,12.8,Red Hang Pepper,It would be so helpful to know the weekday,It would be so helpful to know if IsWeekend,9.99_0.8640633580446043
2020-08-24,102900011013274,2,0.0079,The White Mushroom (Bag),1011010801,Edible Mushroom,4.22,The White Mushroom (Bag),It would be so helpful to know the weekday,It would be so helpful to know if IsWeekend,6.57_2.528634231344749
2021-04-30,102900011013274,4,0.0059,The White Mushroom (Bag),1011010801,Edible Mushroom,2.68,The White Mushroom (Bag),It would be so helpful to know the weekday,It would be so helpful to know if IsWeekend,6.57_-5.212933539560963
2020-11-07,102900011013274,11,0.0069,The White Mushroom (Bag),1011010801,Edible Mushroom,3.92,The White Mushroom (Bag),It would be so helpful to know the weekday,It would be so helpful to know if IsWeekend,6.57_0.2922650923418235
2020-10-18,102900011013274,4,0.0079,The White Mushroom (Bag),1011010801,Edible Mushroom,4.37,The White Mushroom (Bag),It would be so helpful to know the weekday,It would be so helpful to know if IsWeekend,6.57_6.628901796129432
2020-11-03,102900011013274,5,0.0069,The White Mushroom (Bag),1011010801,Edible Mushroom,4.01,The White Mushroom (Bag),It would be so helpful to know the weekday,It would be so helpful to know if IsWeekend,6.57_13.760396806495548
2021-02-18,102900011013274,4,0.0079,The White Mushroom (Bag),1011010801,Edible Mushroom,5.41,The White Mushroom (Bag),It would be so helpful to know the weekday,It would be so helpful to know if IsWeekend,6.57_3.47517476333373
2021-06-30,102900011013274,3,0.0045,The White Mushroom (Bag),1011010801,Edible Mushroom,3.18,The White Mushroom (Bag),It would be so helpful to know the weekday,It would be so helpful to know if IsWeekend,6.57_0.5816702054407115
2021-06-20,102900011013274,2,0.0045,The White Mushroom (Bag),1011010801,Edible Mushroom,3.15,The White Mushroom (Bag),It would be so helpful to know the weekday,It would be so helpful to know if IsWeekend,6.57_3.1809885685348878
2021-06-13,102900011013274,2,-0.0045,The White Mushroom (Bag),1011010801,Edible Mushroom,3.05,The White Mushroom (Bag),It would be so helpful to know the weekday,It would be so helpful to know if IsWeekend,6.57_2.811454159213433
2020-10-31,102900011013274,10,0.0069,The White Mushroom (Bag),1011010801,Edible Mushroom,3.91,The White Mushroom (Bag),It would be so helpful to know the weekday,It would be so helpful to know if IsWeekend,6.57_-3.9310521510405696
2020-12-27,102900011013274,8,0.0059,The White Mushroom (Bag),1011010801,Edible Mushroom,4.44,The White Mushroom (Bag),It would be so helpful to know the weekday,It would be so helpful to know if IsWeekend,6.57_25.017114160825564
2021-1-1,102900011013274,8,0.0065,The White Mushroom (Bag),1011010801,Edible Mushroom,4.22,The White Mushroom (Bag),It would be so helpful to know the weekday,It would be so helpful to know if IsWeekend,6.57_4.633249120097133
2021-03-10,102900011013274,2,0.0079,The White Mushroom (Bag),1011010801,Edible Mushroom,4.2,The White Mushroom (Bag),It would be so helpful to know the weekday,It would be so helpful to know if IsWeekend,6.57_4.55978638072826
2021-09-04,102900011013274,5,0.0068,The White Mushroom (Bag),1011010801,Edible Mushroom,4.45,The White Mushroom (Bag),It would be so helpful to know the weekday,It would be so helpful to know if IsWeekend,6.57_-2.0377359401362316
2021-07-14,102900011013274,2,0.0059,The White Mushroom (Bag),1011010801,Edible Mushroom,3.6,The White Mushroom (Bag),It would be so helpful to know the weekday,It would be so helpful to know if IsWeekend,6.57_1.6519992196245297
2021-08-23,102900011013274,4,0.0059,The White Mushroom (Bag),1011010801,Edible Mushroom,4.17,The White Mushroom (Bag),It would be so helpful to know the weekday,It would be so helpful to know if IsWeekend,6.57_3.6169364045673658
2021-04-07,102900011013274,2,0.0079,The White Mushroom (Bag),1011010801,Edible Mushroom,3.73,The White Mushroom (Bag),It would be so helpful to know the weekday,It would be so helpful to know if IsWeekend,6.57_0.7130538520123775
2021-1-1,102900011013274,7,0.0065,The White Mushroom (Bag),1011010801,Edible Mushroom,4.25,The White Mushroom (Bag),It would be so helpful to know the weekday,It would be so helpful to know if IsWeekend,6.57_16.09176237691915
2021-05-26,102900005116714,21.801,0.008,Broccoli,1011010201,Cabbage,5.24,Broccoli,It would be so helpful to know the weekday,It would be so helpful to know if IsWeekend,9.26_24.23353919917578
2021-02-09,102900005116714,56.296,0.01,Broccoli,1011010201,Cabbage,5.45,Broccoli,It would be so helpful to know the weekday,It would be so helpful to know if IsWeekend,9.26_94.50513825417204
2021-05-24,102900005116714,16.294,0.008,Broccoli,1011010201,Cabbage,4.98,Broccoli,It would be so helpful to know the weekday,It would be so helpful to know if IsWeekend,9.26_28.802464814209742
2021-08-16,102900005116714,6.045,0.01,Broccoli,1011010201,Cabbage,7.4,Broccoli,It would be so helpful to know the weekday,It would be so helpful to know if IsWeekend,9.26_9.16685116585485
2020-09-05,102900005116714,29.959,0.012,Broccoli,1011010201,Cabbage,7.08,Broccoli,It would be so helpful to know the weekday,It would be so helpful to know if IsWeekend,9.26_24.65663649229845
2020-12-11,102900005116714,18.301,0.008,Broccoli,1011010201,Cabbage,5.67,Broccoli,It would be so helpful to know the weekday,It would be so helpful to know if IsWeekend,9.26_2.6641954188620716
2021-06-14,102900005116714,54.423,0.008,Broccoli,1011010201,Cabbage,6.42,Broccoli,It would be so helpful to know the weekday,It would be so helpful to know if IsWeekend,9.26_47.527897836021424
2021-1-1,102900005116714,9.723,0.013,Broccoli,1011010201,Cabbage,8.47,Broccoli,It would be so helpful to know the weekday,It would be so helpful to know if IsWeekend,9.26_7.476425997850402
2021-1-1,102900005116714,22.343,0.009636363636,Broccoli,1011010201,Cabbage,7.12,Broccoli,It would be so helpful to know the weekday,It would be so helpful to know if IsWeekend,9.26_40.5878482461208
2020-08-01,102900005116714,29.784,0.01382753623,Broccoli,1011010201,Cabbage,9.43,Broccoli,It would be so helpful to know the weekday,It would be so helpful to know if IsWeekend,9.26_43.36000980942596
2021-10-09,102900005116714,22.222,0.014,Broccoli,1011010201,Cabbage,8.76,Broccoli,It would be so helpful to know the weekday,It would be so helpful to know if IsWeekend,9.26_42.13234956983064
2020-11-21,102900005116714,72.819,0.005,Broccoli,1011010201,Cabbage,3.03,Broccoli,It would be so helpful to know the weekday,It would be so helpful to know if IsWeekend,9.26_-57.609514206892456
2021-09-16,102900005116714,9.283,0.012,Broccoli,1011010201,Cabbage,7.83,Broccoli,It would be so helpful to know the weekday,It would be so helpful to know if IsWeekend,9.26_13.031742762219386
2021-05-10,102900005116714,15.603,0.006,Broccoli,1011010201,Cabbage,3.77,Broccoli,It would be so helpful to know the weekday,It would be so helpful to know if IsWeekend,9.26_-13.419916235604033
2021-10-24,102900005116714,9.108,0.0198,Broccoli,1011010201,Cabbage,13.34,Broccoli,It would be so helpful to know the weekday,It would be so helpful to know if IsWeekend,9.26_-4.582710631754821
2021-08-21,102900005116714,6.334,0.01,Broccoli,1011010201,Cabbage,7.46,Broccoli,It would be so helpful to know the weekday,It would be so helpful to know if IsWeekend,9.26_10.24699283169721
2020-09-27,102900005116714,15.171,0.014,Broccoli,1011010201,Cabbage,8.76,Broccoli,It would be so helpful to know the weekday,It would be so helpful to know if IsWeekend,9.26_29.899041258166744
2021-10-01,102900005116714,56.82,0.009717741935,Broccoli,1011010201,Cabbage,6.86,Broccoli,It would be so helpful to know the weekday,It would be so helpful to know if IsWeekend,9.26_21.50857136013684
2021-07-09,102900005116714,16.805,0.01,Broccoli,1011010201,Cabbage,5.65,Broccoli,It would be so helpful to know the weekday,It would be so helpful to know if IsWeekend,9.26_22.97026888333769
2021-12-11,102900005116714,30.45,0.014,Broccoli,1011010201,Cabbage,9.42,Broccoli,It would be so helpful to know the weekday,It would be so helpful to know if IsWeekend,9.26_64.96475566188627
2020-12-25,102900005116714,17.345,0.008,Broccoli,1011010201,Cabbage,6.44,Broccoli,It would be so helpful to know the weekday,It would be so helpful to know if IsWeekend,9.26_-4.966866761478961
2021-03-18,102900005116714,12.03,0.01,Broccoli,1011010201,Cabbage,6.4,Broccoli,It would be so helpful to know the weekday,It would be so helpful to know if IsWeekend,9.26_4.163179328969561
2021-05-21,102900005116714,22.825,0.008,Broccoli,1011010201,Cabbage,5.18,Broccoli,It would be so helpful to know the weekday,It would be so helpful to know if IsWeekend,9.26_44.42189648349522
2021-11-18,102900005116714,6.018,0.014,Broccoli,1011010201,Cabbage,9.12,Broccoli,It would be so helpful to know the weekday,It would be so helpful to know if IsWeekend,9.26_2.6748100214379598
2021-02-22,102900005116714,17.647,0.008,Broccoli,1011010201,Cabbage,4.95,Broccoli,It would be so helpful to know the weekday,It would be so helpful to know if IsWeekend,9.26_13.906122220517032
2021-1-1,102900005116714,14.912,0.01169230769,Broccoli,1011010201,Cabbage,7.79,Broccoli,It would be so helpful to know the weekday,It would be so helpful to know if IsWeekend,9.26_4.11439262827199
2021-12-18,102900005116714,42.242,0.008,Broccoli,1011010201,Cabbage,6.76,Broccoli,It would be so helpful to know the weekday,It would be so helpful to know if IsWeekend,9.26_46.51586358154035
2021-04-14,102900005116714,17.995,0.009,Broccoli,1011010201,Cabbage,6.12,Broccoli,It would be so helpful to know the weekday,It would be so helpful to know if IsWeekend,9.26_-14.591949924472775
2021-05-19,102900005116714,23.154,0.007,Broccoli,1011010201,Cabbage,4.69,Broccoli,It would be so helpful to know the weekday,It would be so helpful to know if IsWeekend,9.26_58.64581509383625
2021-09-22,102900005116714,38.956,0.01,Broccoli,1011010201,Cabbage,6.34,Broccoli,It would be so helpful to know the weekday,It would be so helpful to know if IsWeekend,9.26_63.1285874789119
2020-09-28,102900005116714,12.792,0.014,Broccoli,1011010201,Cabbage,8.76,Broccoli,It would be so helpful to know the weekday,It would be so helpful to know if IsWeekend,9.26_23.360082574420723
2021-09-17,102900005116714,13.163,0.012,Broccoli,1011010201,Cabbage,7.14,Broccoli,It would be so helpful to know the weekday,It would be so helpful to know if IsWeekend,9.26_33.415745950187905
2020-11-22,102900005116714,82.152,0.005,Broccoli,1011010201,Cabbage,2.76,Broccoli,It would be so helpful to know the weekday,It would be so helpful to know if IsWeekend,9.26_-16.126152344978564
