daily_sells - daily_sells.csv
Date,Item Code,Quantity Sold (kilo),Unit Selling Price (RMB/gram),Item Name_x,Category Code,Category Name,Wholesale Price (RMB/kg),Item Name_y,Weekday,IsWeekend,Loss Rate (%)_entropy
2021-02-10,102900005119098,7.33,0.0318,The Agaricus Bisporus,1011010801,Edible Mushroom,19.52,The Agaricus Bisporus,It would be so helpful to know the weekday,It would be so helpful to know if IsWeekend,12.78_18.215308957438936
2021-09-10,102900005119098,2.133,0.0258,The Agaricus Bisporus,1011010801,Edible Mushroom,13.42,The Agaricus Bisporus,It would be so helpful to know the weekday,It would be so helpful to know if IsWeekend,12.78_0.49987675476892335
2021-1-1,102900005119098,1.864,0.0198,The Agaricus Bisporus,1011010801,Edible Mushroom,13.31,The Agaricus Bisporus,It would be so helpful to know the weekday,It would be so helpful to know if IsWeekend,12.78_0.21426573803278282
2021-04-19,102900005119098,1.267,0.0198,The Agaricus Bisporus,1011010801,Edible Mushroom,12.4,The Agaricus Bisporus,It would be so helpful to know the weekday,It would be so helpful to know if IsWeekend,12.78_3.459219873984513
2021-05-05,102900005119098,3.394,0.0198,The Agaricus Bisporus,1011010801,Edible Mushroom,12.37,The Agaricus Bisporus,It would be so helpful to know the weekday,It would be so helpful to know if IsWeekend,12.78_4.074610786532284
2021-06-29,102900005119098,3.195,0.01636923077,The Agaricus Bisporus,1011010801,Edible Mushroom,16.26,The Agaricus Bisporus,It would be so helpful to know the weekday,It would be so helpful to know if IsWeekend,12.78_7.304449361616701
2021-05-11,102900005119098,3.453,0.0191875,The Agaricus Bisporus,1011010801,Edible Mushroom,12.37,The Agaricus Bisporus,It would be so helpful to know the weekday,It would be so helpful to know if IsWeekend,12.78_0.5836839466164623
2021-04-26,102900005119098,1.582,0.0198,The Agaricus Bisporus,1011010801,Edible Mushroom,12.39,The Agaricus Bisporus,It would be so helpful to know the weekday,It would be so helpful to know if IsWeekend,12.78_1.4703583980358625
2021-05-20,102900005119098,3.695,0.0174,The Agaricus Bisporus,1011010801,Edible Mushroom,12.4,The Agaricus Bisporus,It would be so helpful to know the weekday,It would be so helpful to know if IsWeekend,12.78_5.180726930525584
2021-09-19,102900005119098,2.837,0.0258,The Agaricus Bisporus,1011010801,Edible Mushroom,14.24,The Agaricus Bisporus,It would be so helpful to know the weekday,It would be so helpful to know if IsWeekend,12.78_4.323139731323121
2021-08-14,102900005119098,2.504,0.0258,The Agaricus Bisporus,1011010801,Edible Mushroom,15.68,The Agaricus Bisporus,It would be so helpful to know the weekday,It would be so helpful to know if IsWeekend,12.78_1.907566295664653
2021-03-26,102900005119098,3.083,0.0198,The Agaricus Bisporus,1011010801,Edible Mushroom,13.09,The Agaricus Bisporus,It would be so helpful to know the weekday,It would be so helpful to know if IsWeekend,12.78_6.2532142408076155
2021-1-1,102900005119098,0.768,0.0198,The Agaricus Bisporus,1011010801,Edible Mushroom,13.45,The Agaricus Bisporus,It would be so helpful to know the weekday,It would be so helpful to know if IsWeekend,12.78_0.5836598537759791
2021-06-23,102900005119098,2.803,0.02016923077,The Agaricus Bisporus,1011010801,Edible Mushroom,16.04,The Agaricus Bisporus,It would be so helpful to know the weekday,It would be so helpful to know if IsWeekend,12.78_-0.021539126811013
2020-09-22,102900005119098,3.112,0.023,The Agaricus Bisporus,1011010801,Edible Mushroom,14.7,The Agaricus Bisporus,It would be so helpful to know the weekday,It would be so helpful to know if IsWeekend,12.78_3.929045173520404
2021-05-30,102900005119098,4.783,0.016875,The Agaricus Bisporus,1011010801,Edible Mushroom,13.38,The Agaricus Bisporus,It would be so helpful to know the weekday,It would be so helpful to know if IsWeekend,12.78_4.52327072227966
2021-07-08,102900005119098,2.631,0.02843076923,The Agaricus Bisporus,1011010801,Edible Mushroom,16.18,The Agaricus Bisporus,It would be so helpful to know the weekday,It would be so helpful to know if IsWeekend,12.78_0.5639069897653681
2021-06-10,102900005119098,5.227,0.01475,The Agaricus Bisporus,1011010801,Edible Mushroom,14.49,The Agaricus Bisporus,It would be so helpful to know the weekday,It would be so helpful to know if IsWeekend,12.78_-1.3617109432478571
2020-08-02,102900011000328,11.218,0.008,Luosi Pepper,1011010504,Capsicum,4.22,Luosi Pepper,It would be so helpful to know the weekday,It would be so helpful to know if IsWeekend,10.18_15.298152668179466
2021-1-1,102900011000328,2.544,0.0238,Luosi Pepper,1011010504,Capsicum,15.02,Luosi Pepper,It would be so helpful to know the weekday,It would be so helpful to know if IsWeekend,10.18_2.706594227953865
2021-12-29,102900011000328,6.656,0.00852173913,Luosi Pepper,1011010504,Capsicum,7.33,Luosi Pepper,It would be so helpful to know the weekday,It would be so helpful to know if IsWeekend,10.18_22.28226860816776
2021-03-28,102900011000328,9.767,0.006,Luosi Pepper,1011010504,Capsicum,4.42,Luosi Pepper,It would be so helpful to know the weekday,It would be so helpful to know if IsWeekend,10.18_6.578029069644506
2020-07-12,102900011000328,6.255,0.01170833333,Luosi Pepper,1011010504,Capsicum,6.27,Luosi Pepper,It would be so helpful to know the weekday,It would be so helpful to know if IsWeekend,10.18_3.4129324323756203
2021-1-1,102900011000328,5.143,0.0218,Luosi Pepper,1011010504,Capsicum,16.33,Luosi Pepper,It would be so helpful to know the weekday,It would be so helpful to know if IsWeekend,10.18_11.566092847432017
2021-04-01,102900011000328,6.467,0.008,Luosi Pepper,1011010504,Capsicum,4.59,Luosi Pepper,It would be so helpful to know the weekday,It would be so helpful to know if IsWeekend,10.18_-0.18658702011473238
2021-08-14,102900011000328,2.903,0.007,Luosi Pepper,1011010504,Capsicum,3.66,Luosi Pepper,It would be so helpful to know the weekday,It would be so helpful to know if IsWeekend,10.18_-0.9521869645274208
2021-03-03,102900011000328,43.467,0.006,Luosi Pepper,1011010504,Capsicum,3.86,Luosi Pepper,It would be so helpful to know the weekday,It would be so helpful to know if IsWeekend,10.18_13.342609190005518
2020-11-28,102900011000328,4.831,0.016,Luosi Pepper,1011010504,Capsicum,10.32,Luosi Pepper,It would be so helpful to know the weekday,It would be so helpful to know if IsWeekend,10.18_14.499551614202428
2020-08-20,102900011000328,6.872,0.009,Luosi Pepper,1011010504,Capsicum,5.53,Luosi Pepper,It would be so helpful to know the weekday,It would be so helpful to know if IsWeekend,10.18_23.739980444520768
2020-07-19,102900011000328,,0.008952631579,Luosi Pepper,1011010504,Capsicum,6.15,Luosi Pepper,It would be so helpful to know the weekday,It would be so helpful to know if IsWeekend,10.18_-1.7684591250545907
2020-12-09,102900011000328,2.534,0.016,Luosi Pepper,1011010504,Capsicum,10.24,Luosi Pepper,It would be so helpful to know the weekday,It would be so helpful to know if IsWeekend,10.18_1.1288391528953958
2020-07-09,102900011000328,9.917,0.014,Luosi Pepper,1011010504,Capsicum,7.25,Luosi Pepper,It would be so helpful to know the weekday,It would be so helpful to know if IsWeekend,10.18_20.650547893751664
2020-11-24,102900011000328,3.306,0.016,Luosi Pepper,1011010504,Capsicum,10.21,Luosi Pepper,It would be so helpful to know the weekday,It would be so helpful to know if IsWeekend,10.18_0.1769364115916372
2020-10-17,102900011000328,7.088,0.014,Luosi Pepper,1011010504,Capsicum,7.71,Luosi Pepper,It would be so helpful to know the weekday,It would be so helpful to know if IsWeekend,10.18_18.579604169737642
2021-08-08,102900011000328,5.622,0.006,Luosi Pepper,1011010504,Capsicum,3.5,Luosi Pepper,It would be so helpful to know the weekday,It would be so helpful to know if IsWeekend,10.18_15.49081996999441
2021-08-20,102900011000328,0.117,0.006,Luosi Pepper,1011010504,Capsicum,3.63,Luosi Pepper,It would be so helpful to know the weekday,It would be so helpful to know if IsWeekend,10.18_0.12246880737272418
2020-12-26,102900011000328,3.36,0.0198,Luosi Pepper,1011010504,Capsicum,14.59,Luosi Pepper,It would be so helpful to know the weekday,It would be so helpful to know if IsWeekend,10.18_3.2871202781778255
2021-05-09,102900011000328,10.452,0.008,Luosi Pepper,1011010504,Capsicum,5.35,Luosi Pepper,It would be so helpful to know the weekday,It would be so helpful to know if IsWeekend,10.18_7.712304548288495
2020-07-23,102900011000328,10.339,0.007937142857,Luosi Pepper,1011010504,Capsicum,5.11,Luosi Pepper,It would be so helpful to know the weekday,It would be so helpful to know if IsWeekend,10.18_-4.724659647514521
2020-11-05,102900011000328,2.635,0.016,Luosi Pepper,1011010504,Capsicum,9.99,Luosi Pepper,It would be so helpful to know the weekday,It would be so helpful to know if IsWeekend,10.18_2.77915563153789
2020-08-28,102900011000328,6.655,0.008,Luosi Pepper,1011010504,Capsicum,6.11,Luosi Pepper,It would be so helpful to know the weekday,It would be so helpful to know if IsWeekend,10.18_0.3693608574227749
2021-04-22,102900011000328,13.046,0.008,Luosi Pepper,1011010504,Capsicum,5.23,Luosi Pepper,It would be so helpful to know the weekday,It would be so helpful to know if IsWeekend,10.18_7.084727579385479
2020-12-03,102900011000328,4.899,0.016,Luosi Pepper,1011010504,Capsicum,10.12,Luosi Pepper,It would be so helpful to know the weekday,It would be so helpful to know if IsWeekend,10.18_6.1033721607986635
2021-07-21,102900011000328,5.375,0.007,Luosi Pepper,1011010504,Capsicum,4.06,Luosi Pepper,It would be so helpful to know the weekday,It would be so helpful to know if IsWeekend,10.18_-2.0896858627562205
2021-1-1,102900011000328,0.576,0.0238,Luosi Pepper,1011010504,Capsicum,16.18,Luosi Pepper,It would be so helpful to know the weekday,It would be so helpful to know if IsWeekend,10.18_0.5628385724083746
2021-06-13,102900011000328,24.768,0.006,Luosi Pepper,1011010504,Capsicum,3.63,Luosi Pepper,It would be so helpful to know the weekday,It would be so helpful to know if IsWeekend,10.18_72.69789523091097
2021-06-08,102900011000328,17.228,0.005974468085,Luosi Pepper,1011010504,Capsicum,3.47,Luosi Pepper,It would be so helpful to know the weekday,It would be so helpful to know if IsWeekend,10.18_-4.274597841160311
2021-02-03,102900011000328,2.794,0.0238,Luosi Pepper,1011010504,Capsicum,17.2,Luosi Pepper,It would be so helpful to know the weekday,It would be so helpful to know if IsWeekend,10.18_3.4087357768633546
2020-12-08,102900011000328,1.176,0.016,Luosi Pepper,1011010504,Capsicum,10.14,Luosi Pepper,It would be so helpful to know the weekday,It would be so helpful to know if IsWeekend,10.18_-0.20980510504820438
2020-11-04,102900011000328,2.936,0.016,Luosi Pepper,1011010504,Capsicum,10.1,Luosi Pepper,It would be so helpful to know the weekday,It would be so helpful to know if IsWeekend,10.18_0.5692048811549029
2021-07-16,102900011000328,0.574,0.007,Luosi Pepper,1011010504,Capsicum,3.06,Luosi Pepper,It would be so helpful to know the weekday,It would be so helpful to know if IsWeekend,10.18_0.19674840040338537
2021-11-09,102900011000328,2.752,0.014,Luosi Pepper,1011010504,Capsicum,9.45,Luosi Pepper,It would be so helpful to know the weekday,It would be so helpful to know if IsWeekend,10.18_9.325411543242929
2021-04-23,102900011000328,11.216,0.008,Luosi Pepper,1011010504,Capsicum,5.29,Luosi Pepper,It would be so helpful to know the weekday,It would be so helpful to know if IsWeekend,10.18_15.948087739992033
2020-10-10,102900011000328,5.134,0.012,Luosi Pepper,1011010504,Capsicum,8.61,Luosi Pepper,It would be so helpful to know the weekday,It would be so helpful to know if IsWeekend,10.18_2.0419877082387643
2021-07-22,102900011000328,2.593,0.007,Luosi Pepper,1011010504,Capsicum,4.07,Luosi Pepper,It would be so helpful to know the weekday,It would be so helpful to know if IsWeekend,10.18_4.371023299902001
2021-05-30,102900011000328,19.858,0.005064516129,Luosi Pepper,1011010504,Capsicum,2.74,Luosi Pepper,It would be so helpful to know the weekday,It would be so helpful to know if IsWeekend,10.18_11.168811876030638
2021-11-06,102900011000328,2.843,0.014,Luosi Pepper,1011010504,Capsicum,9.03,Luosi Pepper,It would be so helpful to know the weekday,It would be so helpful to know if IsWeekend,10.18_5.16605963842351
2021-06-21,102900011000328,17.693,0.005,Luosi Pepper,1011010504,Capsicum,2.66,Luosi Pepper,It would be so helpful to know the weekday,It would be so helpful to know if IsWeekend,10.18_2.6036911563339498
2021-02-17,102900011000328,4.958,0.012,Luosi Pepper,1011010504,Capsicum,10.36,Luosi Pepper,It would be so helpful to know the weekday,It would be so helpful to know if IsWeekend,10.18_4.427087449763822
