daily_sells - daily_sells.csv
Date,Item Code,Quantity Sold (kilo),Unit Selling Price (RMB/gram),Item Name_x,Category Code,Category Name,Wholesale Price (RMB/kg),Item Name_y,Weekday,IsWeekend,Loss Rate (%)_entropy
2020-12-29,102900005115908,5.889,0.008,Caixin,1011010101,Flower/Leaf Vegetables,5.46,Caixin,It would be so helpful to know the weekday,It would be so helpful to know if IsWeekend,13.7_-3.0503328237808285
2021-06-04,102900005115908,8.261,0.006,Caixin,1011010101,Flower/Leaf Vegetables,3.32,Caixin,It would be so helpful to know the weekday,It would be so helpful to know if IsWeekend,13.7_9.71766983188237
2021-07-08,102900005115908,9.365,0.006,Caixin,1011010101,Flower/Leaf Vegetables,3.82,Caixin,It would be so helpful to know the weekday,It would be so helpful to know if IsWeekend,13.7_16.742875098621333
2021-06-06,102900005115908,13.32,0.0046,Caixin,1011010101,Flower/Leaf Vegetables,2.6,Caixin,It would be so helpful to know the weekday,It would be so helpful to know if IsWeekend,13.7_8.779318925244674
2021-11-21,102900005115908,2.988,0.007,Caixin,1011010101,Flower/Leaf Vegetables,4.36,Caixin,It would be so helpful to know the weekday,It would be so helpful to know if IsWeekend,13.7_2.993633442666405
2021-12-02,102900005115908,2.401,0.006,Caixin,1011010101,Flower/Leaf Vegetables,3.32,Caixin,It would be so helpful to know the weekday,It would be so helpful to know if IsWeekend,13.7_-0.472829694994795
2021-06-22,102900005115908,4.299,0.004,Caixin,1011010101,Flower/Leaf Vegetables,2,Caixin,It would be so helpful to know the weekday,It would be so helpful to know if IsWeekend,13.7_4.838405097151189
2021-12-05,102900005115908,2.4,0.006,Caixin,1011010101,Flower/Leaf Vegetables,3.53,Caixin,It would be so helpful to know the weekday,It would be so helpful to know if IsWeekend,13.7_0.09380399906691395
2020-10-01,102900005115908,32.852,0.007592592593,Caixin,1011010101,Flower/Leaf Vegetables,4.4,Caixin,It would be so helpful to know the weekday,It would be so helpful to know if IsWeekend,13.7_35.11365381730284
2021-05-20,102900005115908,2.148,-0.005,Caixin,1011010101,Flower/Leaf Vegetables,3,Caixin,It would be so helpful to know the weekday,It would be so helpful to know if IsWeekend,13.7_-0.9948022913826842
2020-10-17,102900005115908,7.187,0.005,Caixin,1011010101,Flower/Leaf Vegetables,3.94,Caixin,It would be so helpful to know the weekday,It would be so helpful to know if IsWeekend,13.7_16.073798848684127
2020-07-30,102900005115908,11.667,0.007904,Caixin,1011010101,Flower/Leaf Vegetables,4.51,Caixin,It would be so helpful to know the weekday,It would be so helpful to know if IsWeekend,13.7_27.726896170460265
2021-06-01,102900005115908,10.085,0.006,Caixin,1011010101,Flower/Leaf Vegetables,3.4,Caixin,It would be so helpful to know the weekday,It would be so helpful to know if IsWeekend,13.7_16.26637209447459
2020-12-04,102900005115908,3.094,0.007,Caixin,1011010101,Flower/Leaf Vegetables,4.58,Caixin,It would be so helpful to know the weekday,It would be so helpful to know if IsWeekend,13.7_9.393033812879132
2021-05-31,102900005115908,4.129,0.006,Caixin,1011010101,Flower/Leaf Vegetables,3.4,Caixin,It would be so helpful to know the weekday,It would be so helpful to know if IsWeekend,13.7_14.189455218806852
2020-07-29,102900005115908,20.644,0.007911320755,Caixin,1011010101,Flower/Leaf Vegetables,4.53,Caixin,It would be so helpful to know the weekday,It would be so helpful to know if IsWeekend,13.7_14.776239745011477
2021-1-1,102900005115908,2.017,0.008,Caixin,1011010101,Flower/Leaf Vegetables,5.7,Caixin,It would be so helpful to know the weekday,It would be so helpful to know if IsWeekend,13.7_4.19953419554696
2020-11-26,102900005115908,1.828,0.0056,Caixin,1011010101,Flower/Leaf Vegetables,2.63,Caixin,It would be so helpful to know the weekday,It would be so helpful to know if IsWeekend,13.7_3.221189093211275
2021-02-26,102900005115908,11.893,0.008,Caixin,1011010101,Flower/Leaf Vegetables,4.9,Caixin,It would be so helpful to know the weekday,It would be so helpful to know if IsWeekend,13.7_4.388549018436245
2021-04-23,102900005115908,5.947,0.007,Caixin,1011010101,Flower/Leaf Vegetables,3.93,Caixin,It would be so helpful to know the weekday,It would be so helpful to know if IsWeekend,13.7_3.68993884054193
2021-10-01,102900005115908,9.335,0.01,Caixin,1011010101,Flower/Leaf Vegetables,6.24,Caixin,It would be so helpful to know the weekday,It would be so helpful to know if IsWeekend,13.7_11.619495899454705
2021-06-05,102900005115908,7.513,0.0046,Caixin,1011010101,Flower/Leaf Vegetables,2.6,Caixin,It would be so helpful to know the weekday,It would be so helpful to know if IsWeekend,13.7_14.818077001882681
2020-10-14,102900005115908,3.482,0.007,Caixin,1011010101,Flower/Leaf Vegetables,4,Caixin,It would be so helpful to know the weekday,It would be so helpful to know if IsWeekend,13.7_4.356649604916539
2021-02-16,102900005115908,13.246,0.008,Caixin,1011010101,Flower/Leaf Vegetables,4.47,Caixin,It would be so helpful to know the weekday,It would be so helpful to know if IsWeekend,13.7_4.821366733035637
2020-12-21,102900005115908,2.757,0.008,Caixin,1011010101,Flower/Leaf Vegetables,5.43,Caixin,It would be so helpful to know the weekday,It would be so helpful to know if IsWeekend,13.7_5.090770961200036
2021-1-1,102900005115908,4.612,0.009,Caixin,1011010101,Flower/Leaf Vegetables,5.47,Caixin,It would be so helpful to know the weekday,It would be so helpful to know if IsWeekend,13.7_6.708292950315304
2021-07-30,102900005115908,8.49,0.007,Caixin,1011010101,Flower/Leaf Vegetables,4.43,Caixin,It would be so helpful to know the weekday,It would be so helpful to know if IsWeekend,13.7_5.7022937526574875
2021-05-02,102900005115908,5.618,0.006,Caixin,1011010101,Flower/Leaf Vegetables,3.4,Caixin,It would be so helpful to know the weekday,It would be so helpful to know if IsWeekend,13.7_5.083900112869172
2021-11-02,102900005115908,2.868,0.009,Caixin,1011010101,Flower/Leaf Vegetables,7.54,Caixin,It would be so helpful to know the weekday,It would be so helpful to know if IsWeekend,13.7_-3.630613990451678
2021-06-17,102900005115908,9.851,0.004,Caixin,1011010101,Flower/Leaf Vegetables,2.04,Caixin,It would be so helpful to know the weekday,It would be so helpful to know if IsWeekend,13.7_10.156813787689337
2020-08-09,102900011001219,0.707,0.016,The Red Bell Pepper (1),1011010504,Capsicum,8.43,The Red Bell Pepper (1),It would be so helpful to know the weekday,It would be so helpful to know if IsWeekend,8.93_0.8255974206736203
2020-09-23,102900011001219,0.929,0.018,The Red Bell Pepper (1),1011010504,Capsicum,9.64,The Red Bell Pepper (1),It would be so helpful to know the weekday,It would be so helpful to know if IsWeekend,8.93_0.8558579766160926
2021-1-1,102900011001219,1.692,0.018,The Red Bell Pepper (1),1011010504,Capsicum,10.87,The Red Bell Pepper (1),It would be so helpful to know the weekday,It would be so helpful to know if IsWeekend,8.93_-2.1661690286757294
2021-1-1,102900011001219,0.45,0.016,The Red Bell Pepper (1),1011010504,Capsicum,11.29,The Red Bell Pepper (1),It would be so helpful to know the weekday,It would be so helpful to know if IsWeekend,8.93_0.046497412987487885
2021-1-1,102900011001219,2.771,0.018,The Red Bell Pepper (1),1011010504,Capsicum,10.57,The Red Bell Pepper (1),It would be so helpful to know the weekday,It would be so helpful to know if IsWeekend,8.93_6.08030562903858
2020-12-17,102900011001219,1.264,0.016,The Red Bell Pepper (1),1011010504,Capsicum,8.58,The Red Bell Pepper (1),It would be so helpful to know the weekday,It would be so helpful to know if IsWeekend,8.93_0.6975903345195267
2020-09-21,102900011001219,0.901,0.018,The Red Bell Pepper (1),1011010504,Capsicum,10.41,The Red Bell Pepper (1),It would be so helpful to know the weekday,It would be so helpful to know if IsWeekend,8.93_0.883877760997963
2020-08-08,102900011001219,1.083,0.016,The Red Bell Pepper (1),1011010504,Capsicum,8.44,The Red Bell Pepper (1),It would be so helpful to know the weekday,It would be so helpful to know if IsWeekend,8.93_0.3018758834191584
2020-10-07,102900011001219,2.326,0.018,The Red Bell Pepper (1),1011010504,Capsicum,11.38,The Red Bell Pepper (1),It would be so helpful to know the weekday,It would be so helpful to know if IsWeekend,8.93_1.6195112751386427
2020-09-13,102900011001219,2.204,0.018,The Red Bell Pepper (1),1011010504,Capsicum,10.34,The Red Bell Pepper (1),It would be so helpful to know the weekday,It would be so helpful to know if IsWeekend,8.93_3.74801234661951
2021-02-10,102900011001219,7.187,0.0298,The Red Bell Pepper (1),1011010504,Capsicum,14.06,The Red Bell Pepper (1),It would be so helpful to know the weekday,It would be so helpful to know if IsWeekend,8.93_5.8273228343651
2020-08-31,102900011001219,0.983,0.01,The Red Bell Pepper (1),1011010504,Capsicum,7.14,The Red Bell Pepper (1),It would be so helpful to know the weekday,It would be so helpful to know if IsWeekend,8.93_2.003086787250851
2021-09-09,102900005116912,0.884,0.016,Jigu Mushroom (1),1011010801,Edible Mushroom,8.69,Jigu Mushroom (1),It would be so helpful to know the weekday,It would be so helpful to know if IsWeekend,8.99_0.21399881016181366
2021-06-18,102900005116912,1.36,0.014,Jigu Mushroom (1),1011010801,Edible Mushroom,7.94,Jigu Mushroom (1),It would be so helpful to know the weekday,It would be so helpful to know if IsWeekend,8.99_3.1936632379946595
2020-08-19,102900005116912,1.558,0.014,Jigu Mushroom (1),1011010801,Edible Mushroom,7.69,Jigu Mushroom (1),It would be so helpful to know the weekday,It would be so helpful to know if IsWeekend,8.99_3.1127623634697024
2021-02-07,102900005116912,1.082,0.016,Jigu Mushroom (1),1011010801,Edible Mushroom,10.32,Jigu Mushroom (1),It would be so helpful to know the weekday,It would be so helpful to know if IsWeekend,8.99_3.322243440119869
2020-09-20,102900005116912,1.613,0.016,Jigu Mushroom (1),1011010801,Edible Mushroom,10.36,Jigu Mushroom (1),It would be so helpful to know the weekday,It would be so helpful to know if IsWeekend,8.99_1.697275638710504
2020-10-03,102900005116912,1.613,0.018,Jigu Mushroom (1),1011010801,Edible Mushroom,10.5,Jigu Mushroom (1),It would be so helpful to know the weekday,It would be so helpful to know if IsWeekend,8.99_0.6780725507640216
2021-04-18,102900005116912,1.739,0.014,Jigu Mushroom (1),1011010801,Edible Mushroom,8.05,Jigu Mushroom (1),It would be so helpful to know the weekday,It would be so helpful to know if IsWeekend,8.99_0.7909356633349257
2021-03-13,102900005116912,0.746,0.016,Jigu Mushroom (1),1011010801,Edible Mushroom,9.1,Jigu Mushroom (1),It would be so helpful to know the weekday,It would be so helpful to know if IsWeekend,8.99_0.5476124364319549
2020-07-27,102900005116912,1.804,0.014,Jigu Mushroom (1),1011010801,Edible Mushroom,7.77,Jigu Mushroom (1),It would be so helpful to know the weekday,It would be so helpful to know if IsWeekend,8.99_1.6702122278799227
2020-09-27,102900005116912,1.174,0.018,Jigu Mushroom (1),1011010801,Edible Mushroom,10.32,Jigu Mushroom (1),It would be so helpful to know the weekday,It would be so helpful to know if IsWeekend,8.99_2.753396874521175
2020-07-21,102900005116912,1.467,0.0135875,Jigu Mushroom (1),1011010801,Edible Mushroom,7.84,Jigu Mushroom (1),It would be so helpful to know the weekday,It would be so helpful to know if IsWeekend,8.99_4.400471165186225
2020-10-17,102900005116912,1.123,0.018,Jigu Mushroom (1),1011010801,Edible Mushroom,10.28,Jigu Mushroom (1),It would be so helpful to know the weekday,It would be so helpful to know if IsWeekend,8.99_-0.0054118987058595636
2021-09-14,102900005116912,0.52,0.016,Jigu Mushroom (1),1011010801,Edible Mushroom,8.58,Jigu Mushroom (1),It would be so helpful to know the weekday,It would be so helpful to know if IsWeekend,8.99_0.9254925949885469
2021-11-11,102900005115861,7.323,0.004,Niushou Youcai,1011010101,Flower/Leaf Vegetables,2,Niushou Youcai,It would be so helpful to know the weekday,It would be so helpful to know if IsWeekend,12.17_15.237510121294147
2021-11-19,102900005115861,6.996,0.0034,Niushou Youcai,1011010101,Flower/Leaf Vegetables,1.8,Niushou Youcai,It would be so helpful to know the weekday,It would be so helpful to know if IsWeekend,12.17_14.599513948443114
2020-10-12,102900005115861,32.093,0.006,Niushou Youcai,1011010101,Flower/Leaf Vegetables,3.9,Niushou Youcai,It would be so helpful to know the weekday,It would be so helpful to know if IsWeekend,12.17_44.754085708722855
2021-12-18,102900005115861,8.867,0.0026,Niushou Youcai,1011010101,Flower/Leaf Vegetables,1.8,Niushou Youcai,It would be so helpful to know the weekday,It would be so helpful to know if IsWeekend,12.17_0.8896232237153399
2021-12-06,102900005115861,6.519,0.0032,Niushou Youcai,1011010101,Flower/Leaf Vegetables,2,Niushou Youcai,It would be so helpful to know the weekday,It would be so helpful to know if IsWeekend,12.17_6.290079017187758
2021-12-09,102900005115861,8.596,0.0026,Niushou Youcai,1011010101,Flower/Leaf Vegetables,1.8,Niushou Youcai,It would be so helpful to know the weekday,It would be so helpful to know if IsWeekend,12.17_-8.382116221909492
2020-11-07,102900005115861,20.078,0.004,Niushou Youcai,1011010101,Flower/Leaf Vegetables,1.99,Niushou Youcai,It would be so helpful to know the weekday,It would be so helpful to know if IsWeekend,12.17_24.201984549677682
2020-10-14,102900005115861,21.108,0.007,Niushou Youcai,1011010101,Flower/Leaf Vegetables,3.8,Niushou Youcai,It would be so helpful to know the weekday,It would be so helpful to know if IsWeekend,12.17_37.883646905645136
2020-10-01,102900005115861,8.126,0.006,Niushou Youcai,1011010101,Flower/Leaf Vegetables,3,Niushou Youcai,It would be so helpful to know the weekday,It would be so helpful to know if IsWeekend,12.17_9.052078851247607
2020-10-30,102900005115861,24.07,0.0066,Niushou Youcai,1011010101,Flower/Leaf Vegetables,4,Niushou Youcai,It would be so helpful to know the weekday,It would be so helpful to know if IsWeekend,12.17_24.702908706821468
2021-10-17,102900005115861,12.363,0.008,Niushou Youcai,1011010101,Flower/Leaf Vegetables,4.33,Niushou Youcai,It would be so helpful to know the weekday,It would be so helpful to know if IsWeekend,12.17_34.15782813137464
2021-02-14,102900005115861,5.212,0.01,Niushou Youcai,1011010101,Flower/Leaf Vegetables,6.52,Niushou Youcai,It would be so helpful to know the weekday,It would be so helpful to know if IsWeekend,12.17_2.470944887944442
2020-11-14,102900005115861,23.16,0.003,Niushou Youcai,1011010101,Flower/Leaf Vegetables,1.5,Niushou Youcai,It would be so helpful to know the weekday,It would be so helpful to know if IsWeekend,12.17_26.21864063368123
2021-11-13,102900005115861,14.32,0.004,Niushou Youcai,1011010101,Flower/Leaf Vegetables,1.93,Niushou Youcai,It would be so helpful to know the weekday,It would be so helpful to know if IsWeekend,12.17_10.980501495266607
