daily_sells - daily_sells.csv
Date,Item Code,Quantity Sold (kilo),Unit Selling Price (RMB/gram),Item Name_x,Category Code,Category Name,Wholesale Price (RMB/kg),Item Name_y,Weekday,IsWeekend,Loss Rate (%)_entropy
2021-05-07,102900011011546,3,0.0039,Haixian Mushroom (Bag) (1),1011010801,Edible Mushroom,1,Haixian Mushroom (Bag) (1),It would be so helpful to know the weekday,It would be so helpful to know if IsWeekend,5.96_3.131247260481332
2020-10-15,102900011011546,2,0.0059,Haixian Mushroom (Bag) (1),1011010801,Edible Mushroom,2.76,Haixian Mushroom (Bag) (1),It would be so helpful to know the weekday,It would be so helpful to know if IsWeekend,5.96_1.0917584183140492
2020-08-09,102900011011546,3,0.0059,Haixian Mushroom (Bag) (1),1011010801,Edible Mushroom,2.1,Haixian Mushroom (Bag) (1),It would be so helpful to know the weekday,It would be so helpful to know if IsWeekend,5.96_1.5048394716193125
2020-10-31,102900011011546,13,0.0045,Haixian Mushroom (Bag) (1),1011010801,Edible Mushroom,2.58,Haixian Mushroom (Bag) (1),It would be so helpful to know the weekday,It would be so helpful to know if IsWeekend,5.96_19.422758512665872
2020-12-01,102900011011546,12,0.0035,Haixian Mushroom (Bag) (1),1011010801,Edible Mushroom,2.35,Haixian Mushroom (Bag) (1),It would be so helpful to know the weekday,It would be so helpful to know if IsWeekend,5.96_36.73520268276627
2021-09-17,102900011011546,1,0.0039,Haixian Mushroom (Bag) (1),1011010801,Edible Mushroom,1,Haixian Mushroom (Bag) (1),It would be so helpful to know the weekday,It would be so helpful to know if IsWeekend,5.96_1.0457279954901864
2020-09-22,102900011011546,3,0.0049,Haixian Mushroom (Bag) (1),1011010801,Edible Mushroom,2.1,Haixian Mushroom (Bag) (1),It would be so helpful to know the weekday,It would be so helpful to know if IsWeekend,5.96_-0.9899780923514356
2020-11-11,102900011011546,7,0.0045,Haixian Mushroom (Bag) (1),1011010801,Edible Mushroom,2.41,Haixian Mushroom (Bag) (1),It would be so helpful to know the weekday,It would be so helpful to know if IsWeekend,5.96_11.108330028367101
2021-04-18,102900011011546,1,0.0039,Haixian Mushroom (Bag) (1),1011010801,Edible Mushroom,1,Haixian Mushroom (Bag) (1),It would be so helpful to know the weekday,It would be so helpful to know if IsWeekend,5.96_2.0205141487074156
2020-11-10,102900011011546,5,0.0045,Haixian Mushroom (Bag) (1),1011010801,Edible Mushroom,2.44,Haixian Mushroom (Bag) (1),It would be so helpful to know the weekday,It would be so helpful to know if IsWeekend,5.96_7.963163425876255
2021-07-08,102900011011546,4,0.0039,Haixian Mushroom (Bag) (1),1011010801,Edible Mushroom,1,Haixian Mushroom (Bag) (1),It would be so helpful to know the weekday,It would be so helpful to know if IsWeekend,5.96_2.404891984060309
2020-07-27,102900011011546,2,0.0057,Haixian Mushroom (Bag) (1),1011010801,Edible Mushroom,2.1,Haixian Mushroom (Bag) (1),It would be so helpful to know the weekday,It would be so helpful to know if IsWeekend,5.96_0.1424087966531431
2020-10-30,102900011011546,9,0.0045,Haixian Mushroom (Bag) (1),1011010801,Edible Mushroom,2.56,Haixian Mushroom (Bag) (1),It would be so helpful to know the weekday,It would be so helpful to know if IsWeekend,5.96_20.329769584885426
2020-10-29,102900011011546,7,0.0045,Haixian Mushroom (Bag) (1),1011010801,Edible Mushroom,2.56,Haixian Mushroom (Bag) (1),It would be so helpful to know the weekday,It would be so helpful to know if IsWeekend,5.96_9.34988788437716
2020-09-13,102900011011546,5,0.0049,Haixian Mushroom (Bag) (1),1011010801,Edible Mushroom,2.44,Haixian Mushroom (Bag) (1),It would be so helpful to know the weekday,It would be so helpful to know if IsWeekend,5.96_2.845939869990414
2021-10-28,102900005123880,0.251,0.014,Bell Pepper (1),1011010504,Capsicum,8.23,Bell Pepper (1),It would be so helpful to know the weekday,It would be so helpful to know if IsWeekend,16.33_0.30800933444813605
2020-12-28,102900005123880,1.216,0.014,Bell Pepper (1),1011010504,Capsicum,7.29,Bell Pepper (1),It would be so helpful to know the weekday,It would be so helpful to know if IsWeekend,16.33_2.090597060566602
2020-07-27,102900005123880,1.002,-0.012,Bell Pepper (1),1011010504,Capsicum,6.85,Bell Pepper (1),It would be so helpful to know the weekday,It would be so helpful to know if IsWeekend,16.33_-1.096950317107315
2020-12-17,102900005123880,0.627,0.012,Bell Pepper (1),1011010504,Capsicum,6.57,Bell Pepper (1),It would be so helpful to know the weekday,It would be so helpful to know if IsWeekend,16.33_0.6220316569129422
2020-11-20,102900005123880,0.793,0.01,Bell Pepper (1),1011010504,Capsicum,5.6,Bell Pepper (1),It would be so helpful to know the weekday,It would be so helpful to know if IsWeekend,16.33_0.18687405586061578
2020-08-27,102900005123880,1.228,0.008,Bell Pepper (1),1011010504,Capsicum,4.11,Bell Pepper (1),It would be so helpful to know the weekday,It would be so helpful to know if IsWeekend,16.33_4.1811593351566145
2020-10-01,102900005123880,2.984,0.016,Bell Pepper (1),1011010504,Capsicum,8.9,Bell Pepper (1),It would be so helpful to know the weekday,It would be so helpful to know if IsWeekend,16.33_5.234155125733201
2020-11-08,102900005123880,0.685,0.012,Bell Pepper (1),1011010504,Capsicum,6.7,Bell Pepper (1),It would be so helpful to know the weekday,It would be so helpful to know if IsWeekend,16.33_0.5516218660518063
2020-07-25,102900005123880,0.281,0.01,Bell Pepper (1),1011010504,Capsicum,3.63,Bell Pepper (1),It would be so helpful to know the weekday,It would be so helpful to know if IsWeekend,16.33_0.15975635745904454
2020-12-18,102900005123880,0.843,0.012,Bell Pepper (1),1011010504,Capsicum,6.57,Bell Pepper (1),It would be so helpful to know the weekday,It would be so helpful to know if IsWeekend,16.33_1.6860303171512139
2020-09-29,102900005123880,0.313,0.016,Bell Pepper (1),1011010504,Capsicum,9.71,Bell Pepper (1),It would be so helpful to know the weekday,It would be so helpful to know if IsWeekend,16.33_0.3358115478386444
2021-02-04,102900005122654,3.962,0.003,Zhijiang Red Bolt,1011010101,Flower/Leaf Vegetables,1.98,Zhijiang Red Bolt,It would be so helpful to know the weekday,It would be so helpful to know if IsWeekend,11.38_3.9961416885374024
2021-12-18,102900005122654,18.748,0.003,Zhijiang Red Bolt,1011010101,Flower/Leaf Vegetables,2.38,Zhijiang Red Bolt,It would be so helpful to know the weekday,It would be so helpful to know if IsWeekend,11.38_-3.225966003226862
2021-10-09,102900005122654,4.721,0.014,Zhijiang Red Bolt,1011010101,Flower/Leaf Vegetables,9.02,Zhijiang Red Bolt,It would be so helpful to know the weekday,It would be so helpful to know if IsWeekend,11.38_2.0999161906948265
2021-02-15,102900005122654,34.639,0.003,Zhijiang Red Bolt,1011010101,Flower/Leaf Vegetables,1.99,Zhijiang Red Bolt,It would be so helpful to know the weekday,It would be so helpful to know if IsWeekend,11.38_40.67059191464568
2020-11-28,102900005122654,5.645,0.009,Zhijiang Red Bolt,1011010101,Flower/Leaf Vegetables,7.23,Zhijiang Red Bolt,It would be so helpful to know the weekday,It would be so helpful to know if IsWeekend,11.38_5.3578474032174395
2021-12-28,102900005122654,5.431,0.004,Zhijiang Red Bolt,1011010101,Flower/Leaf Vegetables,2.54,Zhijiang Red Bolt,It would be so helpful to know the weekday,It would be so helpful to know if IsWeekend,11.38_2.5961669785215684
2021-11-07,102900005122654,4.158,0.008,Zhijiang Red Bolt,1011010101,Flower/Leaf Vegetables,4.09,Zhijiang Red Bolt,It would be so helpful to know the weekday,It would be so helpful to know if IsWeekend,11.38_7.765771887668116
2021-1-1,102900005122654,10.631,0.008,Zhijiang Red Bolt,1011010101,Flower/Leaf Vegetables,6.87,Zhijiang Red Bolt,It would be so helpful to know the weekday,It would be so helpful to know if IsWeekend,11.38_13.550807658104034
2021-1-1,102900005122654,16.065,0.01,Zhijiang Red Bolt,1011010101,Flower/Leaf Vegetables,7.76,Zhijiang Red Bolt,It would be so helpful to know the weekday,It would be so helpful to know if IsWeekend,11.38_23.208199051644634
2021-02-18,102900005122654,31.676,0.002,Zhijiang Red Bolt,1011010101,Flower/Leaf Vegetables,1.68,Zhijiang Red Bolt,It would be so helpful to know the weekday,It would be so helpful to know if IsWeekend,11.38_82.22534962653913
2020-11-25,102900005122654,5.078,0.009,Zhijiang Red Bolt,1011010101,Flower/Leaf Vegetables,6.9,Zhijiang Red Bolt,It would be so helpful to know the weekday,It would be so helpful to know if IsWeekend,11.38_8.906839327880455
2021-11-13,102900005122654,4.096,0.01,Zhijiang Red Bolt,1011010101,Flower/Leaf Vegetables,7.08,Zhijiang Red Bolt,It would be so helpful to know the weekday,It would be so helpful to know if IsWeekend,11.38_1.361003499664072
2021-1-1,102900005122654,29.099,0.006,Zhijiang Red Bolt,1011010101,Flower/Leaf Vegetables,6.15,Zhijiang Red Bolt,It would be so helpful to know the weekday,It would be so helpful to know if IsWeekend,11.38_19.058026552718346
2021-02-13,102900005122654,41.384,0.003,Zhijiang Red Bolt,1011010101,Flower/Leaf Vegetables,1.88,Zhijiang Red Bolt,It would be so helpful to know the weekday,It would be so helpful to know if IsWeekend,11.38_69.60298794705768
2021-10-22,102900005122654,2.257,0.0198,Zhijiang Red Bolt,1011010101,Flower/Leaf Vegetables,11.41,Zhijiang Red Bolt,It would be so helpful to know the weekday,It would be so helpful to know if IsWeekend,11.38_-0.5009987620103269
2021-10-20,102900005122654,0.667,0.0198,Zhijiang Red Bolt,1011010101,Flower/Leaf Vegetables,11.45,Zhijiang Red Bolt,It would be so helpful to know the weekday,It would be so helpful to know if IsWeekend,11.38_1.0311585653343525
2021-10-21,102900005122654,1.945,0.0198,Zhijiang Red Bolt,1011010101,Flower/Leaf Vegetables,11.41,Zhijiang Red Bolt,It would be so helpful to know the weekday,It would be so helpful to know if IsWeekend,11.38_-0.35602878034233987
2021-11-22,102900005122654,2.589,0.008,Zhijiang Red Bolt,1011010101,Flower/Leaf Vegetables,5.86,Zhijiang Red Bolt,It would be so helpful to know the weekday,It would be so helpful to know if IsWeekend,11.38_1.823268749400194
2021-06-10,102900005116226,0.244,0.007,Green Hot Peppers,1011010504,Capsicum,3.89,Green Hot Peppers,It would be so helpful to know the weekday,It would be so helpful to know if IsWeekend,6.72_0.47866848698468867
2021-10-10,102900005116226,8.595,0.006,Green Hot Peppers,1011010504,Capsicum,3.22,Green Hot Peppers,It would be so helpful to know the weekday,It would be so helpful to know if IsWeekend,6.72_16.118280742951477
2021-06-19,102900005116226,0.473,0.007,Green Hot Peppers,1011010504,Capsicum,3.74,Green Hot Peppers,It would be so helpful to know the weekday,It would be so helpful to know if IsWeekend,6.72_0.5814233578724897
2021-06-14,102900005116226,0.272,0.007,Green Hot Peppers,1011010504,Capsicum,3.83,Green Hot Peppers,It would be so helpful to know the weekday,It would be so helpful to know if IsWeekend,6.72_0.43251830261609053
2020-10-30,102900005116226,2.244,0.01,Green Hot Peppers,1011010504,Capsicum,5.56,Green Hot Peppers,It would be so helpful to know the weekday,It would be so helpful to know if IsWeekend,6.72_3.197301309592231
2021-08-16,102900005116226,2.831,0.007,Green Hot Peppers,1011010504,Capsicum,3.52,Green Hot Peppers,It would be so helpful to know the weekday,It would be so helpful to know if IsWeekend,6.72_-0.27658689198664765
2021-04-01,102900005116226,1.403,0.012,Green Hot Peppers,1011010504,Capsicum,6.88,Green Hot Peppers,It would be so helpful to know the weekday,It would be so helpful to know if IsWeekend,6.72_1.0583140687461472
2021-10-04,102900005116226,1.427,0.006,Green Hot Peppers,1011010504,Capsicum,3.3,Green Hot Peppers,It would be so helpful to know the weekday,It would be so helpful to know if IsWeekend,6.72_1.117139357549727
2020-08-23,102900005116226,4.917,0.006,Green Hot Peppers,1011010504,Capsicum,4.14,Green Hot Peppers,It would be so helpful to know the weekday,It would be so helpful to know if IsWeekend,6.72_9.843908228504372
2020-10-21,102900005116226,0.34,0.01,Green Hot Peppers,1011010504,Capsicum,5.78,Green Hot Peppers,It would be so helpful to know the weekday,It would be so helpful to know if IsWeekend,6.72_0.3862396975394821
2021-07-07,102900005116226,0.151,0.006,Green Hot Peppers,1011010504,Capsicum,3.18,Green Hot Peppers,It would be so helpful to know the weekday,It would be so helpful to know if IsWeekend,6.72_-0.08776000068306342
2021-06-29,102900005116226,1.271,0.006,Green Hot Peppers,1011010504,Capsicum,2.57,Green Hot Peppers,It would be so helpful to know the weekday,It would be so helpful to know if IsWeekend,6.72_2.739962689801502
2021-04-29,102900005116226,0.917,0.007,Green Hot Peppers,1011010504,Capsicum,4.14,Green Hot Peppers,It would be so helpful to know the weekday,It would be so helpful to know if IsWeekend,6.72_0.8999744960582742
2021-02-26,102900005116226,4.078,0.014,Green Hot Peppers,1011010504,Capsicum,8.84,Green Hot Peppers,It would be so helpful to know the weekday,It would be so helpful to know if IsWeekend,6.72_5.619489523427291
2020-08-19,102900005116226,4.817,0.006,Green Hot Peppers,1011010504,Capsicum,3.58,Green Hot Peppers,It would be so helpful to know the weekday,It would be so helpful to know if IsWeekend,6.72_-1.1762812043786735
2021-03-27,102900005116226,3.582,0.012,Green Hot Peppers,1011010504,Capsicum,6.03,Green Hot Peppers,It would be so helpful to know the weekday,It would be so helpful to know if IsWeekend,6.72_2.66805248827505
2021-07-22,102900005116226,0.614,0.008,Green Hot Peppers,1011010504,Capsicum,4.16,Green Hot Peppers,It would be so helpful to know the weekday,It would be so helpful to know if IsWeekend,6.72_0.4013162147689143
2021-03-08,102900005116226,1.11,0.012,Green Hot Peppers,1011010504,Capsicum,7.3,Green Hot Peppers,It would be so helpful to know the weekday,It would be so helpful to know if IsWeekend,6.72_1.6673895333107493
2021-09-05,102900005116226,2.921,0.01,Green Hot Peppers,1011010504,Capsicum,4.59,Green Hot Peppers,It would be so helpful to know the weekday,It would be so helpful to know if IsWeekend,6.72_-1.0127922203803843
2021-11-05,102900005116226,0.487,0.014,Green Hot Peppers,1011010504,Capsicum,7.55,Green Hot Peppers,It would be so helpful to know the weekday,It would be so helpful to know if IsWeekend,6.72_0.001113699092678555
2020-10-31,102900005116226,2.054,0.01,Green Hot Peppers,1011010504,Capsicum,5.97,Green Hot Peppers,It would be so helpful to know the weekday,It would be so helpful to know if IsWeekend,6.72_2.9663575110696287
2020-10-02,102900005116226,2.217,0.014,Green Hot Peppers,1011010504,Capsicum,7.83,Green Hot Peppers,It would be so helpful to know the weekday,It would be so helpful to know if IsWeekend,6.72_0.46115115597049283
2021-08-30,102900005116226,2.788,0.007,Green Hot Peppers,1011010504,Capsicum,4.1,Green Hot Peppers,It would be so helpful to know the weekday,It would be so helpful to know if IsWeekend,6.72_2.338259107226426
2021-11-21,102900005116226,1.096,0.014,Green Hot Peppers,1011010504,Capsicum,7.77,Green Hot Peppers,It would be so helpful to know the weekday,It would be so helpful to know if IsWeekend,6.72_2.6419490733658235
2021-12-16,102900005116226,1.372,0.012,Green Hot Peppers,1011010504,Capsicum,7.67,Green Hot Peppers,It would be so helpful to know the weekday,It would be so helpful to know if IsWeekend,6.72_0.6903134949248075
2020-08-21,102900005116226,4.275,0.0076,Green Hot Peppers,1011010504,Capsicum,3.84,Green Hot Peppers,It would be so helpful to know the weekday,It would be so helpful to know if IsWeekend,6.72_5.79749592095186
2021-03-25,102900005116226,0.834,0.012,Green Hot Peppers,1011010504,Capsicum,5.61,Green Hot Peppers,It would be so helpful to know the weekday,It would be so helpful to know if IsWeekend,6.72_0.6515511669801439
2020-11-18,102900005116226,2.45,0.011,Green Hot Peppers,1011010504,Capsicum,7.11,Green Hot Peppers,It would be so helpful to know the weekday,It would be so helpful to know if IsWeekend,6.72_2.832963648152186
2021-02-16,102900005116226,7.784,0.0238,Green Hot Peppers,1011010504,Capsicum,13.98,Green Hot Peppers,It would be so helpful to know the weekday,It would be so helpful to know if IsWeekend,6.72_15.51773719349302
