daily_sells - daily_sells.csv
Date,Item Code,Quantity Sold (kilo),Unit Selling Price (RMB/gram),Item Name_x,Category Code,Category Name,Wholesale Price (RMB/kg),Item Name_y,Weekday,IsWeekend,Loss Rate (%)_entropy
2021-09-25,102900011022764,,0.008,Changxianqie,1011010501,Solanum,4.3,Changxianqie,It would be so helpful to know the weekday,It would be so helpful to know if IsWeekend,6.9_14.01042674585414
2021-10-14,102900011022764,4.357,0.01,Changxianqie,1011010501,Solanum,5.55,Changxianqie,It would be so helpful to know the weekday,It would be so helpful to know if IsWeekend,6.9_9.195974740174414
2021-12-30,102900011022764,3.304,0.012,Changxianqie,1011010501,Solanum,9.71,Changxianqie,It would be so helpful to know the weekday,It would be so helpful to know if IsWeekend,6.9_4.315107132161748
2021-10-21,102900011022764,3.302,0.018,Changxianqie,1011010501,Solanum,7.5,Changxianqie,It would be so helpful to know the weekday,It would be so helpful to know if IsWeekend,6.9_7.251410214824224
2021-08-21,102900011022764,23.897,0.006,Changxianqie,1011010501,Solanum,3.91,Changxianqie,It would be so helpful to know the weekday,It would be so helpful to know if IsWeekend,6.9_-29.581385675571795
2021-07-13,102900011022764,5.653,0.004,Changxianqie,1011010501,Solanum,2.33,Changxianqie,It would be so helpful to know the weekday,It would be so helpful to know if IsWeekend,6.9_11.945410856852469
2021-02-09,102900011022764,4.299,0.018,Changxianqie,1011010501,Solanum,12.42,Changxianqie,It would be so helpful to know the weekday,It would be so helpful to know if IsWeekend,6.9_5.003651372705572
2021-11-24,102900011022764,4.099,0.014,Changxianqie,1011010501,Solanum,9.37,Changxianqie,It would be so helpful to know the weekday,It would be so helpful to know if IsWeekend,6.9_1.8342338833553802
2021-09-01,102900011022764,7.509,0.01,Changxianqie,1011010501,Solanum,6.33,Changxianqie,It would be so helpful to know the weekday,It would be so helpful to know if IsWeekend,6.9_12.531488926860312
2021-02-05,102900011022764,8.605,0.016,Changxianqie,1011010501,Solanum,10.43,Changxianqie,It would be so helpful to know the weekday,It would be so helpful to know if IsWeekend,6.9_14.014658359907498
2021-08-08,102900011022764,9.434,0.005,Changxianqie,1011010501,Solanum,3.37,Changxianqie,It would be so helpful to know the weekday,It would be so helpful to know if IsWeekend,6.9_25.489487314911813
2021-11-08,102900011022764,0.143,0.014,Changxianqie,1011010501,Solanum,10.4,Changxianqie,It would be so helpful to know the weekday,It would be so helpful to know if IsWeekend,6.9_0.0750531454143338
2021-02-22,102900011022764,1.193,0.0198,Changxianqie,1011010501,Solanum,14.41,Changxianqie,It would be so helpful to know the weekday,It would be so helpful to know if IsWeekend,6.9_0.6291532509877172
2021-02-10,102900011022764,0.843,0.0198,Changxianqie,1011010501,Solanum,12.42,Changxianqie,It would be so helpful to know the weekday,It would be so helpful to know if IsWeekend,6.9_1.1150136307415743
2021-09-26,102900011022764,10.53,0.008,Changxianqie,1011010501,Solanum,3.9,Changxianqie,It would be so helpful to know the weekday,It would be so helpful to know if IsWeekend,6.9_6.842088133881164
2021-07-21,102900011022764,7.791,0.005,Changxianqie,1011010501,Solanum,3.12,Changxianqie,It would be so helpful to know the weekday,It would be so helpful to know if IsWeekend,6.9_29.39853037413856
2021-07-17,102900005115762,7.045,0.0032,Amaranth,1011010101,Flower/Leaf Vegetables,1.86,Amaranth,It would be so helpful to know the weekday,It would be so helpful to know if IsWeekend,18.52_15.04250071829009
2021-10-23,102900005115762,2.5,0.012,Amaranth,1011010101,Flower/Leaf Vegetables,6.41,Amaranth,It would be so helpful to know the weekday,It would be so helpful to know if IsWeekend,18.52_2.7753943310361886
2020-09-09,102900005115762,6.442,0.0046,Amaranth,1011010101,Flower/Leaf Vegetables,2.39,Amaranth,It would be so helpful to know the weekday,It would be so helpful to know if IsWeekend,18.52_1.9501097534298752
2021-07-23,102900005115762,8.68,0.0032,Amaranth,1011010101,Flower/Leaf Vegetables,1.9,Amaranth,It would be so helpful to know the weekday,It would be so helpful to know if IsWeekend,18.52_-3.8095404456885156
2021-05-20,102900005115762,9.549,0.004,Amaranth,1011010101,Flower/Leaf Vegetables,2.21,Amaranth,It would be so helpful to know the weekday,It would be so helpful to know if IsWeekend,18.52_27.07468839887479
2021-09-30,102900005115762,4.296,0.006,Amaranth,1011010101,Flower/Leaf Vegetables,2.71,Amaranth,It would be so helpful to know the weekday,It would be so helpful to know if IsWeekend,18.52_8.67688090098111
2020-09-16,102900005115762,2.741,0.0056,Amaranth,1011010101,Flower/Leaf Vegetables,4.09,Amaranth,It would be so helpful to know the weekday,It would be so helpful to know if IsWeekend,18.52_5.524920786867975
2020-08-15,102900005115762,10.02,0.005,Amaranth,1011010101,Flower/Leaf Vegetables,2.81,Amaranth,It would be so helpful to know the weekday,It would be so helpful to know if IsWeekend,18.52_13.041931132513394
2021-08-26,102900005115762,6.584,0.007,Amaranth,1011010101,Flower/Leaf Vegetables,4.93,Amaranth,It would be so helpful to know the weekday,It would be so helpful to know if IsWeekend,18.52_-0.5196839074834756
2020-07-08,102900005115762,9.079,0.006,Amaranth,1011010101,Flower/Leaf Vegetables,3.24,Amaranth,It would be so helpful to know the weekday,It would be so helpful to know if IsWeekend,18.52_9.104008534141046
2021-10-17,102900005115762,4.308,0.01,Amaranth,1011010101,Flower/Leaf Vegetables,5.56,Amaranth,It would be so helpful to know the weekday,It would be so helpful to know if IsWeekend,18.52_1.342553119915399
2020-07-10,102900005115762,7.069,0.004942857143,Amaranth,1011010101,Flower/Leaf Vegetables,2.41,Amaranth,It would be so helpful to know the weekday,It would be so helpful to know if IsWeekend,18.52_-2.393865968458278
2021-06-10,102900005115762,5.42,0.0036,Amaranth,1011010101,Flower/Leaf Vegetables,2,Amaranth,It would be so helpful to know the weekday,It would be so helpful to know if IsWeekend,18.52_17.240892077940416
2021-08-24,102900005115762,7.115,0.006,Amaranth,1011010101,Flower/Leaf Vegetables,3.72,Amaranth,It would be so helpful to know the weekday,It would be so helpful to know if IsWeekend,18.52_-5.4881010535891495
2021-1-1,102900005115762,2.685,0.01,Amaranth,1011010101,Flower/Leaf Vegetables,7.12,Amaranth,It would be so helpful to know the weekday,It would be so helpful to know if IsWeekend,18.52_3.1508120038522005
2020-08-11,102900005115762,9.7,0.006,Amaranth,1011010101,Flower/Leaf Vegetables,4.11,Amaranth,It would be so helpful to know the weekday,It would be so helpful to know if IsWeekend,18.52_5.662945639961295
2020-08-08,102900005115762,8.902,0.007,Amaranth,1011010101,Flower/Leaf Vegetables,3.85,Amaranth,It would be so helpful to know the weekday,It would be so helpful to know if IsWeekend,18.52_8.989521878288922
2021-06-21,102900005115762,9.665,0.003,Amaranth,1011010101,Flower/Leaf Vegetables,1.52,Amaranth,It would be so helpful to know the weekday,It would be so helpful to know if IsWeekend,18.52_14.416831153530069
2021-05-28,102900005115762,12.108,0.004,Amaranth,1011010101,Flower/Leaf Vegetables,2.39,Amaranth,It would be so helpful to know the weekday,It would be so helpful to know if IsWeekend,18.52_-0.5126174840471975
2021-09-07,102900005115762,4.411,0.007,Amaranth,1011010101,Flower/Leaf Vegetables,3.97,Amaranth,It would be so helpful to know the weekday,It would be so helpful to know if IsWeekend,18.52_1.0057415947343205
2021-07-03,102900005115762,9.216,0.0046,Amaranth,1011010101,Flower/Leaf Vegetables,1.79,Amaranth,It would be so helpful to know the weekday,It would be so helpful to know if IsWeekend,18.52_14.461890446284265
2021-06-30,102900005115762,9.02,0.004,Amaranth,1011010101,Flower/Leaf Vegetables,1.84,Amaranth,It would be so helpful to know the weekday,It would be so helpful to know if IsWeekend,18.52_-3.5573747474967448
2020-12-15,102900005117056,28.531,0.01,Paopaojiao (Jingpin),1011010504,Capsicum,7.65,Paopaojiao (Jingpin),It would be so helpful to know the weekday,It would be so helpful to know if IsWeekend,7.08_19.15780694605174
2020-12-25,102900005117056,34.354,0.014,Paopaojiao (Jingpin),1011010504,Capsicum,9.48,Paopaojiao (Jingpin),It would be so helpful to know the weekday,It would be so helpful to know if IsWeekend,7.08_48.49909554743397
2020-11-05,102900005117056,31.747,0.007,Paopaojiao (Jingpin),1011010504,Capsicum,4.81,Paopaojiao (Jingpin),It would be so helpful to know the weekday,It would be so helpful to know if IsWeekend,7.08_-56.85839162947302
2020-10-12,102900005117056,34.722,0.01,Paopaojiao (Jingpin),1011010504,Capsicum,6.59,Paopaojiao (Jingpin),It would be so helpful to know the weekday,It would be so helpful to know if IsWeekend,7.08_35.713398616372096
2021-1-1,102900005117056,43.957,0.018,Paopaojiao (Jingpin),1011010504,Capsicum,13.14,Paopaojiao (Jingpin),It would be so helpful to know the weekday,It would be so helpful to know if IsWeekend,7.08_20.721113863804668
2020-09-24,102900005117056,31.035,0.011,Paopaojiao (Jingpin),1011010504,Capsicum,7.59,Paopaojiao (Jingpin),It would be so helpful to know the weekday,It would be so helpful to know if IsWeekend,7.08_52.805267677860215
2020-10-08,102900005117056,45.592,0.01,Paopaojiao (Jingpin),1011010504,Capsicum,6.46,Paopaojiao (Jingpin),It would be so helpful to know the weekday,It would be so helpful to know if IsWeekend,7.08_-3.018454417217555
2020-09-16,102900005117056,23.553,0.012,Paopaojiao (Jingpin),1011010504,Capsicum,7.33,Paopaojiao (Jingpin),It would be so helpful to know the weekday,It would be so helpful to know if IsWeekend,7.08_26.623198092027607
2020-11-09,102900005117056,51.41,0.006,Paopaojiao (Jingpin),1011010504,Capsicum,4.53,Paopaojiao (Jingpin),It would be so helpful to know the weekday,It would be so helpful to know if IsWeekend,7.08_69.17476321504823
2021-02-05,102900005117056,85.13,0.013,Paopaojiao (Jingpin),1011010504,Capsicum,10.09,Paopaojiao (Jingpin),It would be so helpful to know the weekday,It would be so helpful to know if IsWeekend,7.08_54.422641856146164
2021-1-1,102900005117056,44.997,0.016,Paopaojiao (Jingpin),1011010504,Capsicum,11.34,Paopaojiao (Jingpin),It would be so helpful to know the weekday,It would be so helpful to know if IsWeekend,7.08_47.735558993409704
2020-08-10,102900005117056,52.251,0.01,Paopaojiao (Jingpin),1011010504,Capsicum,6.66,Paopaojiao (Jingpin),It would be so helpful to know the weekday,It would be so helpful to know if IsWeekend,7.08_1.9132118199450332
2021-1-1,102900005117056,55.601,0.016,Paopaojiao (Jingpin),1011010504,Capsicum,10.98,Paopaojiao (Jingpin),It would be so helpful to know the weekday,It would be so helpful to know if IsWeekend,7.08_-46.37298895726316
2021-05-06,102900005119975,11.514,0.012,Hongshujian,1011010101,Flower/Leaf Vegetables,8.6,Hongshujian,It would be so helpful to know the weekday,It would be so helpful to know if IsWeekend,8.42_9.898245827973359
2020-09-16,102900005119975,11.448,0.0036,Hongshujian,1011010101,Flower/Leaf Vegetables,2,Hongshujian,It would be so helpful to know the weekday,It would be so helpful to know if IsWeekend,8.42_23.156375999446965
2021-09-18,102900005119975,5.402,0.005,Hongshujian,1011010101,Flower/Leaf Vegetables,2.87,Hongshujian,It would be so helpful to know the weekday,It would be so helpful to know if IsWeekend,8.42_2.849602445511486
2020-09-07,102900005119975,10.582,0.004,Hongshujian,1011010101,Flower/Leaf Vegetables,2.4,Hongshujian,It would be so helpful to know the weekday,It would be so helpful to know if IsWeekend,8.42_6.41758604250528
2021-06-15,102900005119975,20.003,0.004,Hongshujian,1011010101,Flower/Leaf Vegetables,2.6,Hongshujian,It would be so helpful to know the weekday,It would be so helpful to know if IsWeekend,8.42_37.62821732782844
2021-08-10,102900005119975,14.322,0.004,Hongshujian,1011010101,Flower/Leaf Vegetables,2,Hongshujian,It would be so helpful to know the weekday,It would be so helpful to know if IsWeekend,8.42_7.205107356284217
2020-09-10,102900005119975,4.95,0.004,Hongshujian,1011010101,Flower/Leaf Vegetables,2.4,Hongshujian,It would be so helpful to know the weekday,It would be so helpful to know if IsWeekend,8.42_0.31778934909132417
2021-05-07,102900005119975,5.975,0.012,Hongshujian,1011010101,Flower/Leaf Vegetables,8.6,Hongshujian,It would be so helpful to know the weekday,It would be so helpful to know if IsWeekend,8.42_12.576754130147688
2021-03-27,102900005119975,5.287,0.016,Hongshujian,1011010101,Flower/Leaf Vegetables,10.18,Hongshujian,It would be so helpful to know the weekday,It would be so helpful to know if IsWeekend,8.42_2.818577207514837
2021-07-11,102900005119975,16.712,0.004,Hongshujian,1011010101,Flower/Leaf Vegetables,2,Hongshujian,It would be so helpful to know the weekday,It would be so helpful to know if IsWeekend,8.42_-9.278576599450382
2020-09-24,102900005119975,6.533,0.004,Hongshujian,1011010101,Flower/Leaf Vegetables,2,Hongshujian,It would be so helpful to know the weekday,It would be so helpful to know if IsWeekend,8.42_8.464598415374459
2021-06-04,102900005119975,8.177,0.0066,Hongshujian,1011010101,Flower/Leaf Vegetables,4.6,Hongshujian,It would be so helpful to know the weekday,It would be so helpful to know if IsWeekend,8.42_9.838450059702149
2020-09-21,102900005119975,6.434,0.004,Hongshujian,1011010101,Flower/Leaf Vegetables,1.55,Hongshujian,It would be so helpful to know the weekday,It would be so helpful to know if IsWeekend,8.42_-4.185219034665116
2021-03-26,102900005119975,7.929,0.016,Hongshujian,1011010101,Flower/Leaf Vegetables,10.08,Hongshujian,It would be so helpful to know the weekday,It would be so helpful to know if IsWeekend,8.42_6.364494141870853
2020-07-06,102900005119975,15.903,0.006,Hongshujian,1011010101,Flower/Leaf Vegetables,3.6,Hongshujian,It would be so helpful to know the weekday,It would be so helpful to know if IsWeekend,8.42_22.639383105565123
2020-07-11,102900005119975,14.35,0.005958333333,Hongshujian,1011010101,Flower/Leaf Vegetables,3.6,Hongshujian,It would be so helpful to know the weekday,It would be so helpful to know if IsWeekend,8.42_4.140045226190045
2021-06-20,102900005119975,28.801,0.004,Hongshujian,1011010101,Flower/Leaf Vegetables,2,Hongshujian,It would be so helpful to know the weekday,It would be so helpful to know if IsWeekend,8.42_90.80717254645853
2021-08-27,102900005119975,7.184,0.006,Hongshujian,1011010101,Flower/Leaf Vegetables,4.51,Hongshujian,It would be so helpful to know the weekday,It would be so helpful to know if IsWeekend,8.42_-4.79923537069491
2021-04-03,102900005119975,4.973,0.014,Hongshujian,1011010101,Flower/Leaf Vegetables,12.63,Hongshujian,It would be so helpful to know the weekday,It would be so helpful to know if IsWeekend,8.42_5.460673905742225
2021-05-31,102900005119975,13.149,0.008,Hongshujian,1011010101,Flower/Leaf Vegetables,6,Hongshujian,It would be so helpful to know the weekday,It would be so helpful to know if IsWeekend,8.42_7.6672960903335685
2020-10-27,102900005115854,5.554,0.004,Radish Leaves,1011010101,Flower/Leaf Vegetables,2.4,Radish Leaves,It would be so helpful to know the weekday,It would be so helpful to know if IsWeekend,5.35_4.878999226093192
2021-05-20,102900005115854,2.186,0.004,Radish Leaves,1011010101,Flower/Leaf Vegetables,2.15,Radish Leaves,It would be so helpful to know the weekday,It would be so helpful to know if IsWeekend,5.35_5.7859424134768735
2021-05-19,102900005115854,2.739,0.004,Radish Leaves,1011010101,Flower/Leaf Vegetables,2.15,Radish Leaves,It would be so helpful to know the weekday,It would be so helpful to know if IsWeekend,5.35_-1.3761263401402744
2021-05-16,102900005115854,1.584,0.004,Radish Leaves,1011010101,Flower/Leaf Vegetables,1.83,Radish Leaves,It would be so helpful to know the weekday,It would be so helpful to know if IsWeekend,5.35_0.828616855956204
2021-04-03,102900005115854,3.227,0.006,Radish Leaves,1011010101,Flower/Leaf Vegetables,2.74,Radish Leaves,It would be so helpful to know the weekday,It would be so helpful to know if IsWeekend,5.35_3.820314979752328
2021-04-17,102900005115854,3.317,0.004,Radish Leaves,1011010101,Flower/Leaf Vegetables,2.18,Radish Leaves,It would be so helpful to know the weekday,It would be so helpful to know if IsWeekend,5.35_2.131662724536916
2021-02-28,102900005115854,3.094,0.005,Radish Leaves,1011010101,Flower/Leaf Vegetables,3.4,Radish Leaves,It would be so helpful to know the weekday,It would be so helpful to know if IsWeekend,5.35_6.940331358708738
2021-03-02,102900005115854,1.706,0.005,Radish Leaves,1011010101,Flower/Leaf Vegetables,3.77,Radish Leaves,It would be so helpful to know the weekday,It would be so helpful to know if IsWeekend,5.35_-0.17390251938174184
2021-03-09,102900005115854,0.442,0.005,Radish Leaves,1011010101,Flower/Leaf Vegetables,3.42,Radish Leaves,It would be so helpful to know the weekday,It would be so helpful to know if IsWeekend,5.35_0.5846842690608333
