daily_sells - daily_sells.csv
Date,Item Code,Quantity Sold (kilo),Unit Selling Price (RMB/gram),Item Name_x,Category Code,Category Name,Wholesale Price (RMB/kg),Item Name_y,Weekday,IsWeekend,Loss Rate (%)_entropy
2021-05-28,102900005118831,7,0.0049,Wawacai,1011010101,Flower/Leaf Vegetables,2.95,Wawacai,It would be so helpful to know the weekday,It would be so helpful to know if IsWeekend,2.48_-2.367955135797022
2021-04-06,102900005118831,2,0.0059,Wawacai,1011010101,Flower/Leaf Vegetables,3.57,Wawacai,It would be so helpful to know the weekday,It would be so helpful to know if IsWeekend,2.48_4.961428929276391
2021-07-22,102900005118831,7,0.0059,Wawacai,1011010101,Flower/Leaf Vegetables,2.99,Wawacai,It would be so helpful to know the weekday,It would be so helpful to know if IsWeekend,2.48_7.6705578660791724
2021-08-15,102900005118831,12,0.0058,Wawacai,1011010101,Flower/Leaf Vegetables,3.32,Wawacai,It would be so helpful to know the weekday,It would be so helpful to know if IsWeekend,2.48_12.663268637846747
2021-1-1,102900005118831,11,0.0059,Wawacai,1011010101,Flower/Leaf Vegetables,3.75,Wawacai,It would be so helpful to know the weekday,It would be so helpful to know if IsWeekend,2.48_7.43134055904998
2020-09-28,102900005118831,2,0.0079,Wawacai,1011010101,Flower/Leaf Vegetables,4.4,Wawacai,It would be so helpful to know the weekday,It would be so helpful to know if IsWeekend,2.48_1.6960473016894706
2021-1-1,102900005118831,8,0.0049,Wawacai,1011010101,Flower/Leaf Vegetables,3.03,Wawacai,It would be so helpful to know the weekday,It would be so helpful to know if IsWeekend,2.48_16.507383459287986
2020-12-23,102900005118831,1,0.0035,Wawacai,1011010101,Flower/Leaf Vegetables,2.97,Wawacai,It would be so helpful to know the weekday,It would be so helpful to know if IsWeekend,2.48_-0.75159824924775
2020-12-22,102900005118831,5,0.0035,Wawacai,1011010101,Flower/Leaf Vegetables,2.69,Wawacai,It would be so helpful to know the weekday,It would be so helpful to know if IsWeekend,2.48_10.223296751283012
2021-1-1,102900005118831,11,0.0059,Wawacai,1011010101,Flower/Leaf Vegetables,3.81,Wawacai,It would be so helpful to know the weekday,It would be so helpful to know if IsWeekend,2.48_15.315417707415085
2021-06-01,102900005118831,3,0.0049,Wawacai,1011010101,Flower/Leaf Vegetables,3,Wawacai,It would be so helpful to know the weekday,It would be so helpful to know if IsWeekend,2.48_2.5109933717757493
2021-08-13,102900005118831,4,0.0058,Wawacai,1011010101,Flower/Leaf Vegetables,3.33,Wawacai,It would be so helpful to know the weekday,It would be so helpful to know if IsWeekend,2.48_5.916087976795339
2020-07-16,102900005118831,11,0.006652941176,Wawacai,1011010101,Flower/Leaf Vegetables,4.07,Wawacai,It would be so helpful to know the weekday,It would be so helpful to know if IsWeekend,2.48_22.08102058184754
2021-02-05,102900005118831,8,0.0068,Wawacai,1011010101,Flower/Leaf Vegetables,3.75,Wawacai,It would be so helpful to know the weekday,It would be so helpful to know if IsWeekend,2.48_1.1275094711209794
2020-10-23,102900005118831,35,0.0049,Wawacai,1011010101,Flower/Leaf Vegetables,3.31,Wawacai,It would be so helpful to know the weekday,It would be so helpful to know if IsWeekend,2.48_-33.390958899886314
2021-02-25,102900005118831,11,0.0079,Wawacai,1011010101,Flower/Leaf Vegetables,4.76,Wawacai,It would be so helpful to know the weekday,It would be so helpful to know if IsWeekend,2.48_30.31284152608635
2021-03-20,102900005118831,10,0.0039,Wawacai,1011010101,Flower/Leaf Vegetables,3.21,Wawacai,It would be so helpful to know the weekday,It would be so helpful to know if IsWeekend,2.48_9.37406716183031
2020-11-03,102900005118831,4,0.004975,Wawacai,1011010101,Flower/Leaf Vegetables,3.26,Wawacai,It would be so helpful to know the weekday,It would be so helpful to know if IsWeekend,2.48_5.714064433247097
2021-04-18,102900005118831,17,0.0059,Wawacai,1011010101,Flower/Leaf Vegetables,3.85,Wawacai,It would be so helpful to know the weekday,It would be so helpful to know if IsWeekend,2.48_28.39291254733364
2020-10-11,102900005118831,4,0.0078,Wawacai,1011010101,Flower/Leaf Vegetables,4.5,Wawacai,It would be so helpful to know the weekday,It would be so helpful to know if IsWeekend,2.48_7.015404429338367
2021-08-31,102900011016701,39.277,0.004,Wuhu Green Pepper (1),1011010504,Capsicum,3.21,Wuhu Green Pepper (1),It would be so helpful to know the weekday,It would be so helpful to know if IsWeekend,5.7_50.938553965293295
2021-02-13,102900011016701,50.97,0.016,Wuhu Green Pepper (1),1011010504,Capsicum,8.86,Wuhu Green Pepper (1),It would be so helpful to know the weekday,It would be so helpful to know if IsWeekend,5.7_51.74699381070434
2021-09-30,102900011016701,21.736,0.006,Wuhu Green Pepper (1),1011010504,Capsicum,5.24,Wuhu Green Pepper (1),It would be so helpful to know the weekday,It would be so helpful to know if IsWeekend,5.7_50.219234692287245
2021-08-27,102900011016701,44.934,0.004,Wuhu Green Pepper (1),1011010504,Capsicum,2.9,Wuhu Green Pepper (1),It would be so helpful to know the weekday,It would be so helpful to know if IsWeekend,5.7_17.627310729629546
2021-12-29,102900011016701,14.901,0.008,Wuhu Green Pepper (1),1011010504,Capsicum,6.37,Wuhu Green Pepper (1),It would be so helpful to know the weekday,It would be so helpful to know if IsWeekend,5.7_23.812057665523604
2021-05-31,102900011016701,35.271,0.0026,Wuhu Green Pepper (1),1011010504,Capsicum,2.23,Wuhu Green Pepper (1),It would be so helpful to know the weekday,It would be so helpful to know if IsWeekend,5.7_41.853500924575215
2021-04-01,102900011016701,36.656,0.006,Wuhu Green Pepper (1),1011010504,Capsicum,4.1,Wuhu Green Pepper (1),It would be so helpful to know the weekday,It would be so helpful to know if IsWeekend,5.7_33.33433441051197
2021-09-03,102900011016701,21.919,0.006,Wuhu Green Pepper (1),1011010504,Capsicum,4.66,Wuhu Green Pepper (1),It would be so helpful to know the weekday,It would be so helpful to know if IsWeekend,5.7_38.819373932425464
2021-07-08,102900011016701,19.599,0.004,Wuhu Green Pepper (1),1011010504,Capsicum,2.87,Wuhu Green Pepper (1),It would be so helpful to know the weekday,It would be so helpful to know if IsWeekend,5.7_32.10775626101622
2021-03-22,102900011016701,51.26,0.003998412698,Wuhu Green Pepper (1),1011010504,Capsicum,3.11,Wuhu Green Pepper (1),It would be so helpful to know the weekday,It would be so helpful to know if IsWeekend,5.7_88.34329147658042
2021-05-05,102900011016701,37.902,0.008,Wuhu Green Pepper (1),1011010504,Capsicum,6.15,Wuhu Green Pepper (1),It would be so helpful to know the weekday,It would be so helpful to know if IsWeekend,5.7_26.62213681152741
2021-08-08,102900011016701,33.754,0.006,Wuhu Green Pepper (1),1011010504,Capsicum,4.73,Wuhu Green Pepper (1),It would be so helpful to know the weekday,It would be so helpful to know if IsWeekend,5.7_12.809342564433926
2021-05-20,102900011016701,40.383,0.004,Wuhu Green Pepper (1),1011010504,Capsicum,2.41,Wuhu Green Pepper (1),It would be so helpful to know the weekday,It would be so helpful to know if IsWeekend,5.7_58.040655058121146
2021-11-03,102900011016701,19.697,0.012,Wuhu Green Pepper (1),1011010504,Capsicum,8.15,Wuhu Green Pepper (1),It would be so helpful to know the weekday,It would be so helpful to know if IsWeekend,5.7_7.46037830414047
2021-08-02,102900011016701,50.687,0.007112,Wuhu Green Pepper (1),1011010504,Capsicum,5.73,Wuhu Green Pepper (1),It would be so helpful to know the weekday,It would be so helpful to know if IsWeekend,5.7_61.30839083946282
2021-03-14,102900011016701,89.007,0.004,Wuhu Green Pepper (1),1011010504,Capsicum,2.99,Wuhu Green Pepper (1),It would be so helpful to know the weekday,It would be so helpful to know if IsWeekend,5.7_84.30903003927148
2021-10-29,102900011016701,15.218,0.012,Wuhu Green Pepper (1),1011010504,Capsicum,7.31,Wuhu Green Pepper (1),It would be so helpful to know the weekday,It would be so helpful to know if IsWeekend,5.7_10.119540533393096
2021-06-30,102900011016701,16.176,0.0036,Wuhu Green Pepper (1),1011010504,Capsicum,2.6,Wuhu Green Pepper (1),It would be so helpful to know the weekday,It would be so helpful to know if IsWeekend,5.7_19.891259254960662
2021-05-24,102900011008164,5.053,0.002,Naibaicai,1011010101,Flower/Leaf Vegetables,1.2,Naibaicai,It would be so helpful to know the weekday,It would be so helpful to know if IsWeekend,15.68_5.724745636750348
2020-09-17,102900011008164,9.175,0.004,Naibaicai,1011010101,Flower/Leaf Vegetables,2.2,Naibaicai,It would be so helpful to know the weekday,It would be so helpful to know if IsWeekend,15.68_15.262700021031264
2020-11-27,102900011008164,3.635,0.0028,Naibaicai,1011010101,Flower/Leaf Vegetables,1.6,Naibaicai,It would be so helpful to know the weekday,It would be so helpful to know if IsWeekend,15.68_2.1201064767365834
2021-05-12,102900011008164,6.871,0.002,Naibaicai,1011010101,Flower/Leaf Vegetables,1,Naibaicai,It would be so helpful to know the weekday,It would be so helpful to know if IsWeekend,15.68_-0.5050754244928939
2021-08-08,102900011008164,4.714,0.008,Naibaicai,1011010101,Flower/Leaf Vegetables,4.57,Naibaicai,It would be so helpful to know the weekday,It would be so helpful to know if IsWeekend,15.68_8.406661980512572
2021-07-10,102900011008164,3.519,0.004,Naibaicai,1011010101,Flower/Leaf Vegetables,2.3,Naibaicai,It would be so helpful to know the weekday,It would be so helpful to know if IsWeekend,15.68_2.4597949753078874
2021-09-16,102900011008164,8.024,0.006,Naibaicai,1011010101,Flower/Leaf Vegetables,3.77,Naibaicai,It would be so helpful to know the weekday,It would be so helpful to know if IsWeekend,15.68_7.662776829540124
2021-04-06,102900011008164,1.488,0.006,Naibaicai,1011010101,Flower/Leaf Vegetables,3.34,Naibaicai,It would be so helpful to know the weekday,It would be so helpful to know if IsWeekend,15.68_1.8312160713219665
2021-02-22,102900011008164,8.226,0.003,Naibaicai,1011010101,Flower/Leaf Vegetables,5.73,Naibaicai,It would be so helpful to know the weekday,It would be so helpful to know if IsWeekend,15.68_21.730457516584217
2021-05-07,102900011008164,10.001,0.0016,Naibaicai,1011010101,Flower/Leaf Vegetables,1,Naibaicai,It would be so helpful to know the weekday,It would be so helpful to know if IsWeekend,15.68_1.9099244471224228
2021-1-1,102900011008164,1.441,0.008,Naibaicai,1011010101,Flower/Leaf Vegetables,4.73,Naibaicai,It would be so helpful to know the weekday,It would be so helpful to know if IsWeekend,15.68_0.9389875103874408
2021-1-1,102900011008164,6.705,0.008,Naibaicai,1011010101,Flower/Leaf Vegetables,5.4,Naibaicai,It would be so helpful to know the weekday,It would be so helpful to know if IsWeekend,15.68_12.630436094312488
2021-07-30,102900011008164,12.286,0.008,Naibaicai,1011010101,Flower/Leaf Vegetables,4.8,Naibaicai,It would be so helpful to know the weekday,It would be so helpful to know if IsWeekend,15.68_37.098911323303085
2021-07-04,102900011008164,6.688,0.0034,Naibaicai,1011010101,Flower/Leaf Vegetables,2,Naibaicai,It would be so helpful to know the weekday,It would be so helpful to know if IsWeekend,15.68_12.892363318720022
2020-09-26,102900011008164,7.99,0.004,Naibaicai,1011010101,Flower/Leaf Vegetables,2.2,Naibaicai,It would be so helpful to know the weekday,It would be so helpful to know if IsWeekend,15.68_17.761731362320596
2020-10-09,102900011008164,6.305,0.005,Naibaicai,1011010101,Flower/Leaf Vegetables,3,Naibaicai,It would be so helpful to know the weekday,It would be so helpful to know if IsWeekend,15.68_11.225797719053457
2021-04-19,102900011008164,4.9,0.004,Naibaicai,1011010101,Flower/Leaf Vegetables,1.8,Naibaicai,It would be so helpful to know the weekday,It would be so helpful to know if IsWeekend,15.68_3.3486461360840134
2021-05-28,102900011006689,1.608,0.005,Dongmenkou Xiaobaicai,1011010101,Flower/Leaf Vegetables,3.4,Dongmenkou Xiaobaicai,It would be so helpful to know the weekday,It would be so helpful to know if IsWeekend,27.84_1.9598793563485903
2021-12-20,102900011006689,3.055,0.004,Dongmenkou Xiaobaicai,1011010101,Flower/Leaf Vegetables,2.07,Dongmenkou Xiaobaicai,It would be so helpful to know the weekday,It would be so helpful to know if IsWeekend,27.84_7.067024135959077
2021-09-17,102900011006689,1.543,0.006,Dongmenkou Xiaobaicai,1011010101,Flower/Leaf Vegetables,4.37,Dongmenkou Xiaobaicai,It would be so helpful to know the weekday,It would be so helpful to know if IsWeekend,27.84_1.7641714978135496
2021-11-29,102900011006689,4.663,0.003,Dongmenkou Xiaobaicai,1011010101,Flower/Leaf Vegetables,2.47,Dongmenkou Xiaobaicai,It would be so helpful to know the weekday,It would be so helpful to know if IsWeekend,27.84_9.033655196082691
2021-12-11,102900011006689,3.006,0.004,Dongmenkou Xiaobaicai,1011010101,Flower/Leaf Vegetables,2.36,Dongmenkou Xiaobaicai,It would be so helpful to know the weekday,It would be so helpful to know if IsWeekend,27.84_9.750544860612383
2021-03-29,102900011006689,0.217,0.006,Dongmenkou Xiaobaicai,1011010101,Flower/Leaf Vegetables,4.15,Dongmenkou Xiaobaicai,It would be so helpful to know the weekday,It would be so helpful to know if IsWeekend,27.84_0.11604416086079856
2021-12-21,102900011006689,2.552,0.004,Dongmenkou Xiaobaicai,1011010101,Flower/Leaf Vegetables,1.89,Dongmenkou Xiaobaicai,It would be so helpful to know the weekday,It would be so helpful to know if IsWeekend,27.84_2.4539876377095915
2021-10-15,102900011006689,7.619,0.006,Dongmenkou Xiaobaicai,1011010101,Flower/Leaf Vegetables,3.81,Dongmenkou Xiaobaicai,It would be so helpful to know the weekday,It would be so helpful to know if IsWeekend,27.84_0.35022347005129895
2021-04-29,102900011006689,7.787,0.003,Dongmenkou Xiaobaicai,1011010101,Flower/Leaf Vegetables,1.99,Dongmenkou Xiaobaicai,It would be so helpful to know the weekday,It would be so helpful to know if IsWeekend,27.84_7.325999715120496
2020-07-03,102900011006689,3.478,0.01,Dongmenkou Xiaobaicai,1011010101,Flower/Leaf Vegetables,6.88,Dongmenkou Xiaobaicai,It would be so helpful to know the weekday,It would be so helpful to know if IsWeekend,27.84_8.874741203406675
2020-10-25,102900011006689,8.589,0.0056,Dongmenkou Xiaobaicai,1011010101,Flower/Leaf Vegetables,3.27,Dongmenkou Xiaobaicai,It would be so helpful to know the weekday,It would be so helpful to know if IsWeekend,27.84_8.11865422351942
2020-12-28,102900011006689,1.407,0.004,Dongmenkou Xiaobaicai,1011010101,Flower/Leaf Vegetables,2.71,Dongmenkou Xiaobaicai,It would be so helpful to know the weekday,It would be so helpful to know if IsWeekend,27.84_-0.8307028574173536
2021-03-28,102900011006689,3.764,0.006,Dongmenkou Xiaobaicai,1011010101,Flower/Leaf Vegetables,4.26,Dongmenkou Xiaobaicai,It would be so helpful to know the weekday,It would be so helpful to know if IsWeekend,27.84_4.835627724309978
2021-04-10,102900011006689,3.261,0.006,Dongmenkou Xiaobaicai,1011010101,Flower/Leaf Vegetables,4.21,Dongmenkou Xiaobaicai,It would be so helpful to know the weekday,It would be so helpful to know if IsWeekend,27.84_7.1889724768072
2021-04-17,102900011006689,5.644,0.0036,Dongmenkou Xiaobaicai,1011010101,Flower/Leaf Vegetables,1.96,Dongmenkou Xiaobaicai,It would be so helpful to know the weekday,It would be so helpful to know if IsWeekend,27.84_-2.247328556667724
2021-09-29,102900011006689,3.488,0.005,Dongmenkou Xiaobaicai,1011010101,Flower/Leaf Vegetables,2.72,Dongmenkou Xiaobaicai,It would be so helpful to know the weekday,It would be so helpful to know if IsWeekend,27.84_8.939517919106779
2020-09-08,102900011006689,10.882,0.004,Dongmenkou Xiaobaicai,1011010101,Flower/Leaf Vegetables,2.47,Dongmenkou Xiaobaicai,It would be so helpful to know the weekday,It would be so helpful to know if IsWeekend,27.84_2.7724311279159313
2021-10-06,102900011006689,0.973,0.006,Dongmenkou Xiaobaicai,1011010101,Flower/Leaf Vegetables,2.89,Dongmenkou Xiaobaicai,It would be so helpful to know the weekday,It would be so helpful to know if IsWeekend,27.84_0.9665567535792062
2020-12-15,102900011006689,3.997,0.004,Dongmenkou Xiaobaicai,1011010101,Flower/Leaf Vegetables,2.33,Dongmenkou Xiaobaicai,It would be so helpful to know the weekday,It would be so helpful to know if IsWeekend,27.84_5.73124218529426
